BL51 BANKED LINKER/LOCATER V6.22                                                        06/29/2023  17:17:00  PAGE 1


BL51 BANKED LINKER/LOCATER V6.22, INVOKED BY:
E:\KEIL_V5\C51\BIN\BL51.EXE .\output\main.obj, .\source\STCBSP_V3.6.LIB TO .\output\BSP_Demo PRINT (.\list\BSP_Demo.m51)
>>  RAMSIZE (256) XDATA (0X0000-0X07FF)


MEMORY MODEL: SMALL


INPUT MODULES INCLUDED:
  .\output\main.obj (MAIN)
  .\source\STCBSP_V3.6.LIB (DISPLAYER)
  .\source\STCBSP_V3.6.LIB (HALL)
  .\source\STCBSP_V3.6.LIB (SYS)
  E:\KEIL_V5\C51\LIB\C51S.LIB (?C_STARTUP)
  E:\KEIL_V5\C51\LIB\C51S.LIB (?C?CLDOPTR)
  E:\KEIL_V5\C51\LIB\C51S.LIB (?C?LMUL)
  E:\KEIL_V5\C51\LIB\C51S.LIB (?C?SLDIV)
  E:\KEIL_V5\C51\LIB\C51S.LIB (?C?SLSHR)
  E:\KEIL_V5\C51\LIB\C51S.LIB (?C?LLDCODE)
  E:\KEIL_V5\C51\LIB\C51S.LIB (?C?LSTXDATA)
  E:\KEIL_V5\C51\LIB\C51S.LIB (?C?ICALL)
  E:\KEIL_V5\C51\LIB\C51S.LIB (?C_IBP)
  E:\KEIL_V5\C51\LIB\C51S.LIB (?C_INIT)
  E:\KEIL_V5\C51\LIB\C51S.LIB (?C?ULDIV)


LINK MAP OF MODULE:  .\output\BSP_Demo (MAIN)


            TYPE    BASE      LENGTH    RELOCATION   SEGMENT NAME
            -----------------------------------------------------

            * * * * * * *   D A T A   M E M O R Y   * * * * * * *
            REG     0000H     0008H     ABSOLUTE     "REG BANK 0"
            DATA    0008H     0012H     UNIT         ?DT?SYS
            DATA    001AH     0003H     UNIT         _DATA_GROUP_
            DATA    001DH     0002H     UNIT         ?DT?MAIN
            DATA    001FH     0001H     UNIT         ?DT?HALL
            BIT     0020H.0   0001H.7   UNIT         ?BI?SYS
                    0021H.7   0000H.1                *** GAP ***
            DATA    0022H     0008H     UNIT         ?DT?_SEG7PRINT?DISPLAYER
            DATA    002AH     0002H     UNIT         ?DT?GETULTRASONIC?SYS
            DATA    002CH     0001H     UNIT         ?C?LIB_DATA
            IDATA   002DH     0001H     UNIT         ?STACK

            * * * * * * *  X D A T A   M E M O R Y  * * * * * * *
            XDATA   0000H     006EH     UNIT         ?XD?SYS
            XDATA   006EH     000CH     UNIT         ?XD?DISPLAYER
            XDATA   007AH     0004H     UNIT         ?XD?HALL

            * * * * * * *   C O D E   M E M O R Y   * * * * * * *
            CODE    0000H     0003H     ABSOLUTE     
            CODE    0003H     0008H     UNIT         ?PR?GETHALLACT?HALL
            CODE    000BH     0003H     ABSOLUTE     
            CODE    000EH     002BH     UNIT         ?PR?SYS_TASK_1S?SYS
            CODE    0039H     0001H     UNIT         ?PR?_?NULLFUNC?SYS
                    003AH     0001H                  *** GAP ***
            CODE    003BH     0003H     ABSOLUTE     
BL51 BANKED LINKER/LOCATER V6.22                                                      06/29/2023  17:17:00  PAGE 2


            CODE    003EH     0180H     UNIT         ?C?LIB_CODE
            CODE    01BEH     00EDH     UNIT         ?PR?SYS_TASK_1MS?SYS
            CODE    02ABH     00E9H     UNIT         ?PR?_?SYS_DISPLAY_DRV?DISPLAYER
            CODE    0394H     00A8H     UNIT         ?PR?SYS_CCP_ISR?SYS
            CODE    043CH     00A4H     UNIT         ?C_INITSEG
            CODE    04E0H     0093H     UNIT         ?PR?SYS_TASK_10MS?SYS
            CODE    0573H     008CH     UNIT         ?C_C51STARTUP
            CODE    05FFH     008BH     UNIT         ?PR?SYS_TASK_IR?SYS
            CODE    068AH     007DH     UNIT         ?PR?_SETEVENTCALLBACK?SYS
            CODE    0707H     0053H     UNIT         ?PR?GETULTRASONIC?SYS
            CODE    075AH     0052H     UNIT         ?PR?SYS_TIMER0_ISR?SYS
            CODE    07ACH     0047H     UNIT         ?PR?SYS_TIMER0_INIT?SYS
            CODE    07F3H     0046H     UNIT         ?PR?_?SYS_HALL_DRV?HALL
            CODE    0839H     0044H     UNIT         ?C?LDIV
            CODE    087DH     003FH     UNIT         ?PR?SYS_TASK_100MS?SYS
            CODE    08BCH     003EH     UNIT         ?PR?MYSTC_OS?SYS
            CODE    08FAH     0036H     UNIT         ?PR?MY100MS_CALLBACK?MAIN
            CODE    0930H     0024H     UNIT         ?PR?MAIN?MAIN
            CODE    0954H     0020H     UNIT         ?PR?_SEG7PRINT?DISPLAYER
            CODE    0974H     001EH     UNIT         ?CO?MAIN
            CODE    0992H     001DH     UNIT         ?PR?HALLINIT?HALL
            CODE    09AFH     001BH     UNIT         ?PR?DISPLAYERINIT?DISPLAYER
            CODE    09CAH     0018H     UNIT         ?PR?MYHALL_CALLBACK?MAIN
            CODE    09E2H     0011H     UNIT         ?PR?_SETCCP0?SYS
            CODE    09F3H     000EH     UNIT         ?PR?_?SYS_GET_HALLEVENT?HALL
            CODE    0A01H     0009H     UNIT         ?PR?_SETDISPLAYERAREA?DISPLAYER
            CODE    0A0AH     0009H     UNIT         ?PR?GETBEEPTIMER?SYS
            CODE    0A13H     0009H     UNIT         ?PR?_SETBEEPTIMER?SYS
            CODE    0A1CH     0007H     UNIT         ?PR?GETSYSPERFORMANCE?SYS
            CODE    0A23H     0006H     UNIT         ?PR?_LEDPRINT?DISPLAYER
            CODE    0A29H     0006H     UNIT         ?PR?MYSTC_INIT?SYS
            CODE    0A2FH     0003H     UNIT         ?PR?_?RET0FUNC?SYS
            CODE    0A32H     0003H     UNIT         ?PR?CLRBEEPPIN?SYS



OVERLAY MAP OF MODULE:   .\output\BSP_Demo (MAIN)


SEGMENT                                   DATA_GROUP 
  +--> CALLED SEGMENT                   START    LENGTH
-------------------------------------------------------
?C_C51STARTUP                           -----    -----
  +--> ?PR?MAIN?MAIN
  +--> ?C_INITSEG

?PR?MAIN?MAIN                           -----    -----
  +--> ?PR?HALLINIT?HALL
  +--> ?PR?DISPLAYERINIT?DISPLAYER
  +--> ?PR?MYHALL_CALLBACK?MAIN
  +--> ?PR?_SETEVENTCALLBACK?SYS
  +--> ?PR?MY100MS_CALLBACK?MAIN
  +--> ?PR?MYSTC_INIT?SYS
  +--> ?PR?MYSTC_OS?SYS

?PR?HALLINIT?HALL                       -----    -----
  +--> ?PR?_?SYS_GET_HALLEVENT?HALL
BL51 BANKED LINKER/LOCATER V6.22                                                      06/29/2023  17:17:00  PAGE 3


  +--> ?PR?_?SYS_HALL_DRV?HALL

?PR?DISPLAYERINIT?DISPLAYER             -----    -----
  +--> ?PR?_?SYS_DISPLAY_DRV?DISPLAYER

?PR?_?SYS_DISPLAY_DRV?DISPLAYER         -----    -----
  +--> ?CO?MAIN

?PR?MYHALL_CALLBACK?MAIN                -----    -----
  +--> ?PR?GETHALLACT?HALL

?PR?_SETEVENTCALLBACK?SYS               001AH    0003H

?PR?MY100MS_CALLBACK?MAIN               -----    -----
  +--> ?PR?_LEDPRINT?DISPLAYER

?PR?MYSTC_INIT?SYS                      -----    -----
  +--> ?PR?SYS_TIMER0_INIT?SYS

?PR?SYS_TIMER0_INIT?SYS                 -----    -----
  +--> ?CO?MAIN

?PR?MYSTC_OS?SYS                        -----    -----
  +--> ?PR?SYS_TASK_IR?SYS
  +--> ?PR?SYS_TASK_1MS?SYS
  +--> ?PR?SYS_TASK_10MS?SYS
  +--> ?PR?SYS_TASK_100MS?SYS
  +--> ?PR?SYS_TASK_1S?SYS

?C_INITSEG                              -----    -----
  +--> ?PR?_?NULLFUNC?SYS
  +--> ?PR?_?RET0FUNC?SYS



SYMBOL TABLE OF MODULE:  .\output\BSP_Demo (MAIN)

  VALUE           TYPE          NAME
  ----------------------------------

  -------         MODULE        MAIN
  C:0000H         SYMBOL        _ICE_DUMMY_
  D:0080H         PUBLIC        P0
  D:0090H         PUBLIC        P1
  D:00A0H         PUBLIC        P2
  D:00B0H         PUBLIC        P3
  D:00C0H         PUBLIC        P4
  D:00C8H         PUBLIC        P5
  D:00E8H         PUBLIC        P6
  D:00F8H         PUBLIC        P7
  D:00A8H         PUBLIC        IE
  D:00B8H         PUBLIC        IP
  D:00D8H         PUBLIC        CCON
  C:0930H         PUBLIC        main
  C:0974H         PUBLIC        SysClock
  D:0098H         PUBLIC        SCON
  D:0088H         PUBLIC        TCON
BL51 BANKED LINKER/LOCATER V6.22                                                      06/29/2023  17:17:00  PAGE 4


  C:08FAH         PUBLIC        my100mS_callback
  C:0978H         PUBLIC        decode_table
  D:001DH         PUBLIC        a
  D:001EH         PUBLIC        b
  D:00D0H         PUBLIC        PSW
  C:09CAH         PUBLIC        myHall_callback
  -------         PROC          MYHALL_CALLBACK
  C:09CAH         LINE#         17
  C:09CAH         LINE#         18
  C:09CAH         LINE#         19
  C:09D5H         LINE#         20
  C:09D8H         LINE#         21
  C:09E1H         LINE#         22
  -------         ENDPROC       MYHALL_CALLBACK
  -------         PROC          MY100MS_CALLBACK
  C:08FAH         LINE#         24
  C:08FAH         LINE#         25
  C:0904H         LINE#         26
  C:090EH         LINE#         27
  C:0918H         LINE#         28
  C:0922H         LINE#         29
  C:0928H         LINE#         30
  -------         ENDPROC       MY100MS_CALLBACK
  -------         PROC          MAIN
  C:0930H         LINE#         33
  C:0930H         LINE#         34
  C:0930H         LINE#         35
  C:0933H         LINE#         36
  C:0936H         LINE#         37
  C:0941H         LINE#         38
  C:094CH         LINE#         40
  C:094FH         LINE#         41
  C:094FH         LINE#         42
  C:0952H         LINE#         43
  -------         ENDPROC       MAIN
  -------         ENDMOD        MAIN

  -------         MODULE        DISPLAYER
  C:0000H         SYMBOL        _ICE_DUMMY_
  D:0093H         PUBLIC        P0M1
  D:0096H         PUBLIC        P2M0
  D:0080H         PUBLIC        P0
  D:0095H         PUBLIC        P2M1
  D:0090H         PUBLIC        P1
  D:00A0H         PUBLIC        P2
  D:00B0H         PUBLIC        P3
  D:00C0H         PUBLIC        P4
  D:00C8H         PUBLIC        P5
  D:00E8H         PUBLIC        P6
  D:00F8H         PUBLIC        P7
  D:00A8H         PUBLIC        IE
  D:00B8H         PUBLIC        IP
  D:00D8H         PUBLIC        CCON
  C:0A23H         PUBLIC        _LedPrint
  B:00A0H.0       PUBLIC        P20
  B:00A0H.1       PUBLIC        P21
  D:0098H         PUBLIC        SCON
BL51 BANKED LINKER/LOCATER V6.22                                                      06/29/2023  17:17:00  PAGE 5


  B:00A0H.2       PUBLIC        P22
  D:0088H         PUBLIC        TCON
  B:00A0H.3       PUBLIC        P23
  C:09AFH         PUBLIC        DisplayerInit
  X:006EH         PUBLIC        sys_Disp
  C:0A01H         PUBLIC        _SetDisplayerArea
  C:0954H         PUBLIC        _Seg7Print
  C:02ABH         PUBLIC        _?sys_display_drv
  D:00D0H         PUBLIC        PSW
  D:0094H         PUBLIC        P0M0
  -------         PROC          _?SYS_DISPLAY_DRV
  C:02ABH         LINE#         16
  C:02ABH         LINE#         18
  C:02AEH         LINE#         19
  C:02D7H         LINE#         20
  C:02DDH         LINE#         21
  C:02E3H         LINE#         22
  C:02E9H         LINE#         23
  C:02EFH         LINE#         24
  C:02F9H         LINE#         25
  C:0303H         LINE#         26
  C:030DH         LINE#         27
  C:0317H         LINE#         28
  C:0319H         LINE#         29
  C:0319H         LINE#         30
  C:0321H         LINE#         31
  C:034AH         LINE#         33
  C:0365H         LINE#         34
  C:0368H         LINE#         35
  C:0368H         LINE#         36
  C:037FH         LINE#         37
  C:038BH         LINE#         39
  C:0393H         LINE#         40
  -------         ENDPROC       _?SYS_DISPLAY_DRV
  -------         PROC          DISPLAYERINIT
  C:09AFH         LINE#         42
  C:09AFH         LINE#         43
  C:09AFH         LINE#         44
  C:09B2H         LINE#         45
  C:09B5H         LINE#         46
  C:09B8H         LINE#         47
  C:09BBH         LINE#         48
  C:09C9H         LINE#         49
  -------         ENDPROC       DISPLAYERINIT
  -------         PROC          _SETDISPLAYERAREA
  D:0007H         SYMBOL        Begin_of_scan
  D:0005H         SYMBOL        Ending_of_Scan
  C:0A01H         LINE#         51
  C:0A01H         LINE#         52
  C:0A06H         LINE#         53
  C:0A09H         LINE#         54
  -------         ENDPROC       _SETDISPLAYERAREA
  -------         PROC          _SEG7PRINT
  D:0007H         SYMBOL        d0
  D:0005H         SYMBOL        d1
  D:0003H         SYMBOL        d2
  D:0025H         SYMBOL        d3
BL51 BANKED LINKER/LOCATER V6.22                                                      06/29/2023  17:17:00  PAGE 6


  D:0026H         SYMBOL        d4
  D:0027H         SYMBOL        d5
  D:0028H         SYMBOL        d6
  D:0029H         SYMBOL        d7
  C:0954H         LINE#         56
  C:0954H         LINE#         57
  C:0959H         LINE#         58
  C:095CH         LINE#         59
  C:095FH         LINE#         60
  C:0963H         LINE#         61
  C:0967H         LINE#         62
  C:096BH         LINE#         63
  C:096FH         LINE#         64
  C:0973H         LINE#         65
  -------         ENDPROC       _SEG7PRINT
  -------         PROC          _LEDPRINT
  D:0007H         SYMBOL        led_val
  C:0A23H         LINE#         67
  C:0A23H         LINE#         68
  C:0A28H         LINE#         69
  -------         ENDPROC       _LEDPRINT
  -------         ENDMOD        DISPLAYER

  -------         MODULE        HALL
  C:0000H         SYMBOL        _ICE_DUMMY_
  D:0080H         PUBLIC        P0
  D:0090H         PUBLIC        P1
  D:00A0H         PUBLIC        P2
  D:00B0H         PUBLIC        P3
  D:00C0H         PUBLIC        P4
  D:00C8H         PUBLIC        P5
  D:00E8H         PUBLIC        P6
  D:00F8H         PUBLIC        P7
  X:007DH         PUBLIC        hall_Event
  C:09F3H         PUBLIC        _?sys_get_hallEvent
  D:00A8H         PUBLIC        IE
  C:07F3H         PUBLIC        _?sys_hall_drv
  D:00B8H         PUBLIC        IP
  C:0992H         PUBLIC        HallInit
  B:0090H.2       PUBLIC        IO_hall
  D:00D8H         PUBLIC        CCON
  D:0098H         PUBLIC        SCON
  D:0088H         PUBLIC        TCON
  C:0003H         PUBLIC        GetHallAct
  D:001FH         PUBLIC        sys_hallEvent
  D:00D0H         PUBLIC        PSW
  -------         PROC          _?SYS_HALL_DRV
  -------         DO            
  X:007AH         SYMBOL        counter
  X:007BH         SYMBOL        hall_count
  X:007CH         SYMBOL        hall_last_count
  -------         ENDDO         
  C:07F3H         LINE#         14
  C:07F3H         LINE#         19
  C:07FCH         LINE#         20
  C:0804H         LINE#         21
  C:0807H         LINE#         22
BL51 BANKED LINKER/LOCATER V6.22                                                      06/29/2023  17:17:00  PAGE 7


  C:080FH         LINE#         23
  C:0815H         LINE#         24
  C:0819H         LINE#         25
  C:081BH         LINE#         26
  C:081BH         LINE#         27
  C:081DH         LINE#         29
  C:0826H         LINE#         30
  C:082AH         LINE#         31
  C:082DH         LINE#         32
  C:082DH         LINE#         33
  C:082DH         LINE#         34
  C:0832H         LINE#         35
  C:0838H         LINE#         36
  C:0838H         LINE#         37
  -------         ENDPROC       _?SYS_HALL_DRV
  -------         PROC          _?SYS_GET_HALLEVENT
  -------         DO            
  i:0000H         SYMBOL        a
  -------         ENDDO         
  C:09F3H         LINE#         39
  C:09F5H         LINE#         41
  C:09F9H         LINE#         42
  C:09FCH         LINE#         43
  C:09FEH         LINE#         44
  -------         ENDPROC       _?SYS_GET_HALLEVENT
  -------         PROC          HALLINIT
  C:0992H         LINE#         46
  C:0992H         LINE#         47
  C:0992H         LINE#         48
  C:09A0H         LINE#         49
  C:09AEH         LINE#         50
  -------         ENDPROC       HALLINIT
  -------         PROC          GETHALLACT
  -------         DO            
  D:0007H         SYMBOL        a
  -------         ENDDO         
  C:0003H         LINE#         52
  C:0003H         LINE#         53
  C:0003H         LINE#         54
  C:0008H         LINE#         55
  C:000AH         LINE#         56
  C:000AH         LINE#         57
  -------         ENDPROC       GETHALLACT
  -------         ENDMOD        HALL

  -------         MODULE        SYS
  C:0000H         SYMBOL        _ICE_DUMMY_
  X:0000H         PUBLIC        count_1mS
  B:00D8H.2       PUBLIC        CCF2
  D:0080H         PUBLIC        P0
  B:0020H.1       PUBLIC        flag_1S
  D:0090H         PUBLIC        P1
  D:00A0H         PUBLIC        P2
  D:00B0H         PUBLIC        P3
  D:00C0H         PUBLIC        P4
  X:0001H         PUBLIC        T1
  D:00C8H         PUBLIC        P5
BL51 BANKED LINKER/LOCATER V6.22                                                      06/29/2023  17:17:00  PAGE 8


  X:0003H         PUBLIC        T2
  B:00A8H.7       PUBLIC        EA
  D:00E8H         PUBLIC        P6
  D:00F8H         PUBLIC        P7
  D:0009H         PUBLIC        IrDatNum
  B:00D8H.7       PUBLIC        CF
  B:0020H.2       PUBLIC        Ir_Coder
  B:0020H.3       PUBLIC        Ir_RxBusy
  D:00A8H         PUBLIC        IE
  B:0020H.4       PUBLIC        Ir_TxBusy
  X:0005H         PUBLIC        userfunccall
  D:00FAH         PUBLIC        CCAP0H
  D:00FBH         PUBLIC        CCAP1H
  C:05FFH         PUBLIC        sys_task_Ir
  D:000AH         PUBLIC        IrCount_j
  D:000BH         PUBLIC        IrRx_count
  D:000CH         PUBLIC        IrProtocol
  D:00EAH         PUBLIC        CCAP0L
  D:000DH         PUBLIC        IrTx_count
  D:00EBH         PUBLIC        CCAP1L
  D:00DAH         PUBLIC        CCAPM0
  D:00DBH         PUBLIC        CCAPM1
  D:000EH         PUBLIC        MainLoops
  D:00B8H         PUBLIC        IP
  B:00D0H.7       PUBLIC        CY
  B:0020H.5       PUBLIC        flag_10mS
  D:00D8H         PUBLIC        CCON
  C:0A0AH         PUBLIC        GetBeepTimer
  C:075AH         PUBLIC        sys_Timer0_isr
  C:068AH         PUBLIC        _SetEventCallBack
  C:0A29H         PUBLIC        MySTC_Init
  C:087DH         PUBLIC        sys_task_100mS
  D:0012H         PUBLIC        ModBus_interval_time
  C:0A2FH         PUBLIC        _?ret0func
  C:0707H         PUBLIC        GetUltraSonic
  X:0029H         PUBLIC        count_10mS
  X:002AH         PUBLIC        stcDrivers
  C:0A13H         PUBLIC        _SetBeepTimer
  B:0020H.6       PUBLIC        flag_IrRxFinished
  D:0098H         PUBLIC        SCON
  C:09E2H         PUBLIC        _SetCCP0
  C:08BCH         PUBLIC        MySTC_OS
  D:0089H         PUBLIC        TMOD
  D:0088H         PUBLIC        TCON
  B:0020H.7       PUBLIC        flag_Ir
  B:00B0H.5       PUBLIC        P35
  D:0013H         PUBLIC        IrRxNum
  X:0060H         PUBLIC        SysPerformance
  D:008EH         PUBLIC        AUXR
  C:0394H         PUBLIC        sys_CCP_isr
  C:01BEH         PUBLIC        sys_task_1mS
  B:00A8H.1       PUBLIC        ET0
  C:0A32H         PUBLIC        ClrBeepPin
  D:008CH         PUBLIC        TH0
  B:0021H.0       PUBLIC        flag_100mS
  X:0065H         PUBLIC        distance
  D:008AH         PUBLIC        TL0
BL51 BANKED LINKER/LOCATER V6.22                                                      06/29/2023  17:17:00  PAGE 9


  D:0014H         PUBLIC        PollingMisses
  X:0067H         PUBLIC        sys_BP
  B:0088H.4       PUBLIC        TR0
  C:000EH         PUBLIC        sys_task_1S
  C:0A1CH         PUBLIC        GetSysPerformance
  B:0021H.1       PUBLIC        matchModBus
  X:006DH         PUBLIC        count_100mS
  B:0021H.2       PUBLIC        Ir_BitBusy
  D:0015H         PUBLIC        IrDat_count
  D:0016H         PUBLIC        IrMute_count
  B:0021H.3       PUBLIC        newFrame1
  C:07ACH         PUBLIC        sys_Timer0_Init
  B:0021H.4       PUBLIC        newFrame2
  D:0017H         PUBLIC        IrDataPc
  C:0039H         PUBLIC        _?nullfunc
  B:0021H.5       PUBLIC        flag_1mS
  B:0021H.6       PUBLIC        newUS
  D:008FH         PUBLIC        INT_CLKO
  C:04E0H         PUBLIC        sys_task_10mS
  D:00D0H         PUBLIC        PSW
  B:00D8H.0       PUBLIC        CCF0
  B:00B0H.4       PUBLIC        Beep
  B:00D8H.1       PUBLIC        CCF1
  -------         PROC          _?NULLFUNC
  C:0039H         LINE#         13
  -------         ENDPROC       _?NULLFUNC
  -------         PROC          _?RET0FUNC
  C:0A2FH         LINE#         14
  -------         ENDPROC       _?RET0FUNC
  -------         PROC          SYS_TIMER0_INIT
  C:07ACH         LINE#         96
  C:07ACH         LINE#         97
  C:07AFH         LINE#         98
  C:07B2H         LINE#         99
  C:07C8H         LINE#         100
  C:07EEH         LINE#         101
  C:07F0H         LINE#         102
  C:07F2H         LINE#         103
  -------         ENDPROC       SYS_TIMER0_INIT
  -------         PROC          SYS_TIMER0_ISR
  -------         DO            
  D:0008H         SYMBOL        i
  -------         ENDDO         
  C:075AH         LINE#         105
  C:075EH         LINE#         107
  C:0761H         LINE#         108
  C:0764H         LINE#         109
  C:0769H         LINE#         110
  C:076BH         LINE#         111
  C:076BH         LINE#         112
  C:0771H         LINE#         113
  C:0777H         LINE#         114
  C:077AH         LINE#         115
  C:077CH         LINE#         116
  C:077FH         LINE#         117
  C:0783H         LINE#         118
  C:0785H         LINE#         119
BL51 BANKED LINKER/LOCATER V6.22                                                      06/29/2023  17:17:00  PAGE 10


  C:0788H         LINE#         120
  C:078AH         LINE#         122
  C:078DH         LINE#         123
  C:078FH         LINE#         124
  C:0794H         LINE#         125
  C:0794H         LINE#         126
  C:0796H         LINE#         128
  C:079FH         LINE#         129
  C:07A1H         LINE#         130
  C:07A7H         LINE#         131
  C:07A7H         LINE#         132
  C:07A7H         LINE#         133
  C:07A7H         LINE#         134
  -------         ENDPROC       SYS_TIMER0_ISR
  -------         PROC          GETULTRASONIC
  -------         DO            
  D:002AH         SYMBOL        a
  -------         ENDDO         
  C:0707H         LINE#         138
  C:0707H         LINE#         139
  C:0707H         LINE#         140
  C:070AH         LINE#         141
  C:070CH         LINE#         142
  C:071BH         LINE#         143
  C:0751H         LINE#         144
  C:0751H         LINE#         145
  C:0759H         LINE#         146
  -------         ENDPROC       GETULTRASONIC
  -------         PROC          GETBEEPTIMER
  C:0A0AH         LINE#         148
  C:0A0AH         LINE#         149
  C:0A12H         LINE#         150
  -------         ENDPROC       GETBEEPTIMER
  -------         PROC          _SETBEEPTIMER
  D:0006H         SYMBOL        a
  C:0A13H         LINE#         152
  C:0A13H         LINE#         153
  C:0A1BH         LINE#         154
  -------         ENDPROC       _SETBEEPTIMER
  -------         PROC          _SETCCP0
  D:0006H         SYMBOL        step
  D:0004H         SYMBOL        next
  C:09E2H         LINE#         156
  C:09E2H         LINE#         157
  C:09EAH         LINE#         158
  C:09F2H         LINE#         159
  -------         ENDPROC       _SETCCP0
  -------         PROC          CLRBEEPPIN
  C:0A32H         LINE#         161
  C:0A32H         LINE#         162
  C:0A34H         LINE#         163
  -------         ENDPROC       CLRBEEPPIN
  -------         PROC          SYS_CCP_ISR
  -------         DO            
  B:0020H.0       SYMBOL        a
  -------         ENDDO         
  C:0394H         LINE#         165
BL51 BANKED LINKER/LOCATER V6.22                                                      06/29/2023  17:17:00  PAGE 11


  C:03A7H         LINE#         167
  C:03AEH         LINE#         168
  C:03B5H         LINE#         169
  C:03B8H         LINE#         170
  C:03BAH         LINE#         171
  C:03CAH         LINE#         172
  C:03D1H         LINE#         173
  C:03D4H         LINE#         174
  C:03D6H         LINE#         175
  C:03D8H         LINE#         177
  C:03ECH         LINE#         178
  C:03EFH         LINE#         179
  C:03F1H         LINE#         180
  C:03F3H         LINE#         181
  C:03F5H         LINE#         183
  C:03F5H         LINE#         184
  C:03F8H         LINE#         185
  C:03FAH         LINE#         186
  C:0404H         LINE#         187
  C:0406H         LINE#         188
  C:040FH         LINE#         189
  C:0412H         LINE#         190
  C:0424H         LINE#         191
  C:0426H         LINE#         193
  C:0428H         LINE#         194
  C:042BH         LINE#         195
  C:042BH         LINE#         196
  C:042BH         LINE#         197
  -------         ENDPROC       SYS_CCP_ISR
  -------         PROC          MYSTC_INIT
  C:0A29H         LINE#         199
  C:0A29H         LINE#         200
  C:0A2CH         LINE#         201
  C:0A2EH         LINE#         202
  -------         ENDPROC       MYSTC_INIT
  -------         PROC          SYS_TASK_IR
  -------         DO            
  D:0007H         SYMBOL        a
  -------         ENDDO         
  C:05FFH         LINE#         204
  C:05FFH         LINE#         205
  C:05FFH         LINE#         206
  C:0615H         LINE#         207
  C:061CH         LINE#         208
  C:061FH         LINE#         209
  C:0622H         LINE#         210
  C:0638H         LINE#         211
  C:0648H         LINE#         212
  C:0650H         LINE#         213
  C:0653H         LINE#         214
  C:0655H         LINE#         216
  C:066BH         LINE#         217
  C:067FH         LINE#         218
  C:067FH         LINE#         219
  C:0681H         LINE#         220
  C:0684H         LINE#         222
  C:0684H         LINE#         224
BL51 BANKED LINKER/LOCATER V6.22                                                      06/29/2023  17:17:00  PAGE 12


  C:0686H         LINE#         225
  C:0689H         LINE#         226
  C:0689H         LINE#         227
  -------         ENDPROC       SYS_TASK_IR
  -------         PROC          SYS_TASK_1MS
  C:01BEH         LINE#         229
  C:01BEH         LINE#         230
  C:01C6H         LINE#         231
  C:01C9H         LINE#         232
  C:01CBH         LINE#         233
  C:01D3H         LINE#         234
  C:01D6H         LINE#         235
  C:01D8H         LINE#         236
  C:01E0H         LINE#         237
  C:01E3H         LINE#         238
  C:01E5H         LINE#         239
  C:01E5H         LINE#         240
  C:01E5H         LINE#         241
  C:01E5H         LINE#         242
  C:01F1H         LINE#         243
  C:01FDH         LINE#         244
  C:0209H         LINE#         245
  C:0215H         LINE#         246
  C:0221H         LINE#         247
  C:022DH         LINE#         248
  C:0248H         LINE#         249
  C:0257H         LINE#         250
  C:0263H         LINE#         251
  C:0265H         LINE#         252
  C:0265H         LINE#         253
  C:026CH         LINE#         254
  C:026FH         LINE#         255
  C:027EH         LINE#         256
  C:0280H         LINE#         257
  C:0280H         LINE#         258
  C:0282H         LINE#         260
  C:0291H         LINE#         261
  C:029DH         LINE#         262
  C:029FH         LINE#         263
  C:029FH         LINE#         264
  C:029FH         LINE#         265
  -------         ENDPROC       SYS_TASK_1MS
  -------         PROC          SYS_TASK_10MS
  C:04E0H         LINE#         268
  C:04E0H         LINE#         269
  C:04ECH         LINE#         270
  C:04F8H         LINE#         271
  C:0504H         LINE#         272
  C:0510H         LINE#         273
  C:052BH         LINE#         274
  C:0546H         LINE#         275
  C:0561H         LINE#         276
  C:0564H         LINE#         277
  C:0566H         LINE#         278
  C:0572H         LINE#         279
  C:0572H         LINE#         280
  -------         ENDPROC       SYS_TASK_10MS
BL51 BANKED LINKER/LOCATER V6.22                                                      06/29/2023  17:17:00  PAGE 13


  -------         PROC          SYS_TASK_100MS
  C:087DH         LINE#         282
  C:087DH         LINE#         283
  C:0889H         LINE#         284
  C:08A4H         LINE#         285
  C:08B0H         LINE#         286
  -------         ENDPROC       SYS_TASK_100MS
  -------         PROC          SYS_TASK_1S
  C:000EH         LINE#         289
  C:000EH         LINE#         290
  C:001CH         LINE#         291
  C:0022H         LINE#         292
  C:002BH         LINE#         293
  C:002DH         LINE#         294
  -------         ENDPROC       SYS_TASK_1S
  -------         PROC          MYSTC_OS
  C:08BCH         LINE#         297
  C:08BCH         LINE#         298
  C:08C4H         LINE#         299
  C:08CCH         LINE#         300
  C:08D4H         LINE#         301
  C:08DCH         LINE#         302
  C:08E4H         LINE#         303
  C:08F9H         LINE#         306
  -------         ENDPROC       MYSTC_OS
  -------         PROC          _SETEVENTCALLBACK
  D:0007H         SYMBOL        event
  D:001AH         SYMBOL        user_callback
  C:068AH         LINE#         308
  C:0690H         LINE#         309
  C:06C1H         LINE#         310
  C:06C4H         LINE#         311
  C:06C6H         LINE#         312
  C:06C9H         LINE#         313
  C:06CBH         LINE#         314
  C:06CEH         LINE#         315
  C:06D0H         LINE#         316
  C:06D3H         LINE#         317
  C:06D5H         LINE#         318
  C:06D8H         LINE#         319
  C:06DAH         LINE#         320
  C:06DDH         LINE#         321
  C:06DFH         LINE#         322
  C:06E2H         LINE#         323
  C:06E4H         LINE#         324
  C:06E7H         LINE#         325
  C:06E9H         LINE#         326
  C:06ECH         LINE#         327
  C:06EEH         LINE#         328
  C:06F1H         LINE#         329
  C:06F3H         LINE#         330
  C:06F6H         LINE#         331
  C:06F8H         LINE#         332
  C:0706H         LINE#         333
  C:0706H         LINE#         334
  C:0706H         LINE#         335
  C:0706H         LINE#         336
BL51 BANKED LINKER/LOCATER V6.22                                                      06/29/2023  17:17:00  PAGE 14


  -------         ENDPROC       _SETEVENTCALLBACK
  -------         PROC          GETSYSPERFORMANCE
  C:0A1CH         LINE#         338
  C:0A1CH         LINE#         339
  C:0A22H         LINE#         340
  -------         ENDPROC       GETSYSPERFORMANCE
  -------         ENDMOD        SYS

  -------         MODULE        ?C?CLDOPTR
  C:003EH         PUBLIC        ?C?CLDOPTR
  -------         ENDMOD        ?C?CLDOPTR

  -------         MODULE        ?C?LMUL
  C:006BH         PUBLIC        ?C?LMUL
  -------         ENDMOD        ?C?LMUL

  -------         MODULE        ?C?SLDIV
  C:0839H         PUBLIC        ?C?SLDIV
  -------         ENDMOD        ?C?SLDIV

  -------         MODULE        ?C?SLSHR
  C:00BAH         PUBLIC        ?C?SLSHR
  -------         ENDMOD        ?C?SLSHR

  -------         MODULE        ?C?LLDCODE
  C:00CEH         PUBLIC        ?C?LLDCODE
  -------         ENDMOD        ?C?LLDCODE

  -------         MODULE        ?C?LSTXDATA
  C:00DEH         PUBLIC        ?C?LSTXDATA
  -------         ENDMOD        ?C?LSTXDATA

  -------         MODULE        ?C?ICALL
  C:00EAH         PUBLIC        ?C?ICALL
  C:00EEH         PUBLIC        ?C?ICALL2
  -------         ENDMOD        ?C?ICALL

  -------         MODULE        ?C_IBP
  D:002CH         PUBLIC        ?C_IBP
  -------         ENDMOD        ?C_IBP

  -------         MODULE        ?C?ULDIV
  C:012CH         PUBLIC        ?C?ULDIV
  -------         ENDMOD        ?C?ULDIV

*** WARNING L16: UNCALLED SEGMENT, IGNORED FOR OVERLAY PROCESS
    SEGMENT: ?PR?_SETDISPLAYERAREA?DISPLAYER

*** WARNING L16: UNCALLED SEGMENT, IGNORED FOR OVERLAY PROCESS
    SEGMENT: ?PR?_SEG7PRINT?DISPLAYER

*** WARNING L16: UNCALLED SEGMENT, IGNORED FOR OVERLAY PROCESS
    SEGMENT: ?PR?GETULTRASONIC?SYS

*** WARNING L16: UNCALLED SEGMENT, IGNORED FOR OVERLAY PROCESS
    SEGMENT: ?PR?GETBEEPTIMER?SYS

BL51 BANKED LINKER/LOCATER V6.22                                                      06/29/2023  17:17:00  PAGE 15


*** WARNING L16: UNCALLED SEGMENT, IGNORED FOR OVERLAY PROCESS
    SEGMENT: ?PR?_SETBEEPTIMER?SYS

*** WARNING L16: UNCALLED SEGMENT, IGNORED FOR OVERLAY PROCESS
    SEGMENT: ?PR?_SETCCP0?SYS

*** WARNING L16: UNCALLED SEGMENT, IGNORED FOR OVERLAY PROCESS
    SEGMENT: ?PR?CLRBEEPPIN?SYS

*** WARNING L16: UNCALLED SEGMENT, IGNORED FOR OVERLAY PROCESS
    SEGMENT: ?PR?GETSYSPERFORMANCE?SYS

Program Size: data=45.7 xdata=126 code=2612
LINK/LOCATE RUN COMPLETE.  8 WARNING(S),  0 ERROR(S)
