BL51 BANKED LINKER/LOCATER V6.22                                                        06/29/2023  16:29:42  PAGE 1


BL51 BANKED LINKER/LOCATER V6.22, INVOKED BY:
E:\KEIL_V5\C51\BIN\BL51.EXE .\output\main.obj, .\source\STCBSP_V3.6.LIB TO .\output\BSP_Demo PRINT (.\list\BSP_Demo.m51)
>>  RAMSIZE (256) XDATA (0X0000-0X07FF)


MEMORY MODEL: SMALL


INPUT MODULES INCLUDED:
  .\output\main.obj (MAIN)
  .\source\STCBSP_V3.6.LIB (BEEP)
  .\source\STCBSP_V3.6.LIB (DISPLAYER)
  .\source\STCBSP_V3.6.LIB (SYS)
  .\source\STCBSP_V3.6.LIB (MUSIC)
  E:\KEIL_V5\C51\LIB\C51S.LIB (?C_STARTUP)
  E:\KEIL_V5\C51\LIB\C51S.LIB (?C?CLDOPTR)
  E:\KEIL_V5\C51\LIB\C51S.LIB (?C?IMUL)
  E:\KEIL_V5\C51\LIB\C51S.LIB (?C?UIDIV)
  E:\KEIL_V5\C51\LIB\C51S.LIB (?C?IILDX)
  E:\KEIL_V5\C51\LIB\C51S.LIB (?C?ILDIX)
  E:\KEIL_V5\C51\LIB\C51S.LIB (?C?LMUL)
  E:\KEIL_V5\C51\LIB\C51S.LIB (?C?ULDIV)
  E:\KEIL_V5\C51\LIB\C51S.LIB (?C?SLDIV)
  E:\KEIL_V5\C51\LIB\C51S.LIB (?C?SLSHR)
  E:\KEIL_V5\C51\LIB\C51S.LIB (?C?LLDCODE)
  E:\KEIL_V5\C51\LIB\C51S.LIB (?C?LSTXDATA)
  E:\KEIL_V5\C51\LIB\C51S.LIB (?C?ICALL)
  E:\KEIL_V5\C51\LIB\C51S.LIB (?C_IBP)
  E:\KEIL_V5\C51\LIB\C51S.LIB (?C_INIT)


LINK MAP OF MODULE:  .\output\BSP_Demo (MAIN)


            TYPE    BASE      LENGTH    RELOCATION   SEGMENT NAME
            -----------------------------------------------------

            * * * * * * *   D A T A   M E M O R Y   * * * * * * *
            REG     0000H     0008H     ABSOLUTE     "REG BANK 0"
            DATA    0008H     0012H     UNIT         ?DT?SYS
            DATA    001AH     0003H     UNIT         ?DT?_SETEVENTCALLBACK?SYS
            DATA    001DH     0002H     UNIT         ?DT?GETULTRASONIC?SYS
            DATA    001FH     0001H     UNIT         ?C?LIB_DATA
            BIT     0020H.0   0001H.7   UNIT         ?BI?SYS
            BIT     0021H.7   0000H.1   UNIT         ?BI?MUSIC
            DATA    0022H     000AH     UNIT         ?DT?MAIN
            DATA    002CH     000AH     UNIT         _DATA_GROUP_
            IDATA   0036H     0001H     UNIT         ?STACK

            * * * * * * *  X D A T A   M E M O R Y  * * * * * * *
            XDATA   0000H     006EH     UNIT         ?XD?SYS
            XDATA   006EH     0010H     UNIT         ?XD?MUSIC
            XDATA   007EH     000CH     UNIT         ?XD?DISPLAYER

            * * * * * * *   C O D E   M E M O R Y   * * * * * * *
            CODE    0000H     0003H     ABSOLUTE     
            CODE    0003H     0007H     UNIT         ?PR?GETSYSPERFORMANCE?SYS
            CODE    000AH     0001H     UNIT         ?PR?_?NULLFUNC?SYS
BL51 BANKED LINKER/LOCATER V6.22                                                      06/29/2023  16:29:42  PAGE 2


            CODE    000BH     0003H     ABSOLUTE     
            CODE    000EH     002BH     UNIT         ?PR?SYS_TASK_1S?SYS
                    0039H     0002H                  *** GAP ***
            CODE    003BH     0003H     ABSOLUTE     
            CODE    003EH     02F6H     UNIT         ?PR?_?SYS_MUSIC_DRV?MUSIC
            CODE    0334H     0213H     UNIT         ?C?LIB_CODE
            CODE    0547H     0126H     UNIT         ?CO?MUSIC
            CODE    066DH     00EDH     UNIT         ?PR?SYS_TASK_1MS?SYS
            CODE    075AH     00E9H     UNIT         ?PR?_?SYS_DISPLAY_DRV?DISPLAYER
            CODE    0843H     00AAH     UNIT         ?PR?_PLAYTONE?MUSIC
            CODE    08EDH     00A8H     UNIT         ?PR?SYS_CCP_ISR?SYS
            CODE    0995H     00A7H     UNIT         ?C_INITSEG
            CODE    0A3CH     0093H     UNIT         ?PR?SYS_TASK_10MS?SYS
            CODE    0ACFH     008CH     UNIT         ?C_C51STARTUP
            CODE    0B5BH     008BH     UNIT         ?PR?SYS_TASK_IR?SYS
            CODE    0BE6H     007DH     UNIT         ?PR?_SETEVENTCALLBACK?SYS
            CODE    0C63H     0078H     UNIT         ?PR?_SETBEEP?BEEP
            CODE    0CDBH     0058H     UNIT         ?PR?_SETMUSIC?MUSIC
            CODE    0D33H     0053H     UNIT         ?PR?GETULTRASONIC?SYS
            CODE    0D86H     0052H     UNIT         ?PR?SYS_TIMER0_ISR?SYS
            CODE    0DD8H     0047H     UNIT         ?PR?SYS_TIMER0_INIT?SYS
            CODE    0E1FH     0044H     UNIT         ?C?LDIV
            CODE    0E63H     003FH     UNIT         ?PR?SYS_TASK_100MS?SYS
            CODE    0EA2H     003EH     UNIT         ?PR?MYSTC_OS?SYS
            CODE    0EE0H     0033H     UNIT         ?PR?MAIN?MAIN
            CODE    0F13H     0028H     UNIT         ?PR?_?SYS_BEEP_DRV?BEEP
            CODE    0F3BH     0028H     UNIT         ?PR?_SETPLAYERMODE?MUSIC
            CODE    0F63H     0020H     UNIT         ?PR?BEEPINIT?BEEP
            CODE    0F83H     0020H     UNIT         ?PR?_SEG7PRINT?DISPLAYER
            CODE    0FA3H     001EH     UNIT         ?CO?MAIN
            CODE    0FC1H     001BH     UNIT         ?PR?DISPLAYERINIT?DISPLAYER
            CODE    0FDCH     0011H     UNIT         ?PR?_SETCCP0?SYS
            CODE    0FEDH     000FH     UNIT         ?PR?MUSICPLAYERINIT?MUSIC
            CODE    0FFCH     000CH     UNIT         ?PR?GETBEEPSTATUS?BEEP
            CODE    1008H     0009H     UNIT         ?PR?_SETDISPLAYERAREA?DISPLAYER
            CODE    1011H     0009H     UNIT         ?PR?GETBEEPTIMER?SYS
            CODE    101AH     0009H     UNIT         ?PR?_SETBEEPTIMER?SYS
            CODE    1023H     0006H     UNIT         ?PR?_LEDPRINT?DISPLAYER
            CODE    1029H     0006H     UNIT         ?PR?MYSTC_INIT?SYS
            CODE    102FH     0006H     UNIT         ?PR?GETPLAYERMODE?MUSIC
            CODE    1035H     0003H     UNIT         ?PR?_?RET0FUNC?SYS
            CODE    1038H     0003H     UNIT         ?PR?CLRBEEPPIN?SYS



OVERLAY MAP OF MODULE:   .\output\BSP_Demo (MAIN)


SEGMENT                                   DATA_GROUP 
  +--> CALLED SEGMENT                   START    LENGTH
-------------------------------------------------------
?C_C51STARTUP                           -----    -----
  +--> ?PR?MAIN?MAIN
  +--> ?C_INITSEG

?PR?MAIN?MAIN                           -----    -----
  +--> ?PR?BEEPINIT?BEEP
BL51 BANKED LINKER/LOCATER V6.22                                                      06/29/2023  16:29:42  PAGE 3


  +--> ?PR?DISPLAYERINIT?DISPLAYER
  +--> ?PR?MUSICPLAYERINIT?MUSIC
  +--> ?PR?_SETDISPLAYERAREA?DISPLAYER
  +--> ?PR?_SETMUSIC?MUSIC
  +--> ?PR?_SETPLAYERMODE?MUSIC
  +--> ?PR?MYSTC_INIT?SYS
  +--> ?PR?MYSTC_OS?SYS

?PR?BEEPINIT?BEEP                       -----    -----
  +--> ?PR?CLRBEEPPIN?SYS
  +--> ?PR?_?SYS_BEEP_DRV?BEEP

?PR?_?SYS_BEEP_DRV?BEEP                 -----    -----
  +--> ?PR?GETBEEPTIMER?SYS
  +--> ?PR?_SETBEEPTIMER?SYS

?PR?DISPLAYERINIT?DISPLAYER             -----    -----
  +--> ?PR?_?SYS_DISPLAY_DRV?DISPLAYER

?PR?_?SYS_DISPLAY_DRV?DISPLAYER         -----    -----
  +--> ?CO?MAIN

?PR?MUSICPLAYERINIT?MUSIC               -----    -----
  +--> ?PR?_?SYS_MUSIC_DRV?MUSIC

?PR?_?SYS_MUSIC_DRV?MUSIC               -----    -----
  +--> ?PR?GETBEEPSTATUS?BEEP
  +--> ?PR?_SEG7PRINT?DISPLAYER
  +--> ?PR?_LEDPRINT?DISPLAYER
  +--> ?PR?_PLAYTONE?MUSIC

?PR?GETBEEPSTATUS?BEEP                  -----    -----
  +--> ?PR?GETBEEPTIMER?SYS

?PR?_SEG7PRINT?DISPLAYER                002CH    0008H

?PR?_PLAYTONE?MUSIC                     002CH    0006H
  +--> ?PR?GETBEEPSTATUS?BEEP
  +--> ?CO?MUSIC
  +--> ?PR?_SETBEEP?BEEP

?PR?_SETBEEP?BEEP                       0032H    0004H
  +--> ?PR?GETBEEPTIMER?SYS
  +--> ?PR?_SETBEEPTIMER?SYS
  +--> ?CO?MAIN
  +--> ?PR?_SETCCP0?SYS
  +--> ?PR?CLRBEEPPIN?SYS

?PR?_SETMUSIC?MUSIC                     002CH    0008H

?PR?MYSTC_INIT?SYS                      -----    -----
  +--> ?PR?SYS_TIMER0_INIT?SYS

?PR?SYS_TIMER0_INIT?SYS                 -----    -----
  +--> ?CO?MAIN

?PR?MYSTC_OS?SYS                        -----    -----
BL51 BANKED LINKER/LOCATER V6.22                                                      06/29/2023  16:29:42  PAGE 4


  +--> ?PR?SYS_TASK_IR?SYS
  +--> ?PR?SYS_TASK_1MS?SYS
  +--> ?PR?SYS_TASK_10MS?SYS
  +--> ?PR?SYS_TASK_100MS?SYS
  +--> ?PR?SYS_TASK_1S?SYS

?C_INITSEG                              -----    -----
  +--> ?PR?_?NULLFUNC?SYS
  +--> ?PR?_?RET0FUNC?SYS



SYMBOL TABLE OF MODULE:  .\output\BSP_Demo (MAIN)

  VALUE           TYPE          NAME
  ----------------------------------

  -------         MODULE        MAIN
  C:0000H         SYMBOL        _ICE_DUMMY_
  D:0080H         PUBLIC        P0
  D:0090H         PUBLIC        P1
  D:00A0H         PUBLIC        P2
  D:00B0H         PUBLIC        P3
  D:00C0H         PUBLIC        P4
  D:00C8H         PUBLIC        P5
  D:00E8H         PUBLIC        P6
  D:00F8H         PUBLIC        P7
  D:00A8H         PUBLIC        IE
  D:00B8H         PUBLIC        IP
  D:00D8H         PUBLIC        CCON
  C:0EE0H         PUBLIC        main
  C:0FA3H         PUBLIC        SysClock
  D:0098H         PUBLIC        SCON
  D:0088H         PUBLIC        TCON
  D:0022H         PUBLIC        tone
  C:0FA7H         PUBLIC        decode_table
  D:00D0H         PUBLIC        PSW
  -------         PROC          MAIN
  C:0EE0H         LINE#         19
  C:0EE0H         LINE#         20
  C:0EE0H         LINE#         21
  C:0EE3H         LINE#         22
  C:0EE6H         LINE#         23
  C:0EE9H         LINE#         24
  C:0EF0H         LINE#         25
  C:0F06H         LINE#         27
  C:0F0BH         LINE#         29
  C:0F0EH         LINE#         30
  C:0F0EH         LINE#         31
  C:0F11H         LINE#         32
  -------         ENDPROC       MAIN
  -------         ENDMOD        MAIN

  -------         MODULE        BEEP
  C:0000H         SYMBOL        _ICE_DUMMY_
  D:0080H         PUBLIC        P0
  D:00B2H         PUBLIC        P3M0
BL51 BANKED LINKER/LOCATER V6.22                                                      06/29/2023  16:29:42  PAGE 5


  D:0090H         PUBLIC        P1
  D:00B1H         PUBLIC        P3M1
  D:00A0H         PUBLIC        P2
  D:00B0H         PUBLIC        P3
  D:00C0H         PUBLIC        P4
  D:00C8H         PUBLIC        P5
  D:00E8H         PUBLIC        P6
  D:00F8H         PUBLIC        P7
  D:00F9H         PUBLIC        CH
  C:0F13H         PUBLIC        _?sys_beep_drv
  D:00A8H         PUBLIC        IE
  D:00E9H         PUBLIC        CL
  C:0F63H         PUBLIC        BeepInit
  B:00D8H.6       PUBLIC        CR
  D:00DAH         PUBLIC        CCAPM0
  D:00B8H         PUBLIC        IP
  D:00D9H         PUBLIC        CMOD
  D:00D8H         PUBLIC        CCON
  C:0FFCH         PUBLIC        GetBeepStatus
  C:0C63H         PUBLIC        _SetBeep
  D:0098H         PUBLIC        SCON
  D:0088H         PUBLIC        TCON
  D:00D0H         PUBLIC        PSW
  B:00D8H.0       PUBLIC        CCF0
  -------         PROC          _?SYS_BEEP_DRV
  -------         DO            
  i:0000H         SYMBOL        a
  -------         ENDDO         
  C:0F13H         LINE#         11
  C:0F17H         LINE#         13
  C:0F21H         LINE#         14
  C:0F36H         LINE#         15
  -------         ENDPROC       _?SYS_BEEP_DRV
  -------         PROC          BEEPINIT
  C:0F63H         LINE#         17
  C:0F63H         LINE#         18
  C:0F63H         LINE#         19
  C:0F66H         LINE#         20
  C:0F69H         LINE#         21
  C:0F6CH         LINE#         22
  C:0F6FH         LINE#         23
  C:0F72H         LINE#         24
  C:0F74H         LINE#         25
  C:0F82H         LINE#         26
  -------         ENDPROC       BEEPINIT
  -------         PROC          _SETBEEP
  D:0032H         SYMBOL        Beep_freq
  D:0034H         SYMBOL        Beep_time
  -------         DO            
  D:0002H         SYMBOL        a
  D:0004H         SYMBOL        b
  -------         ENDDO         
  C:0C63H         LINE#         28
  C:0C6BH         LINE#         29
  C:0C6BH         LINE#         31
  C:0C72H         LINE#         32
  C:0C79H         LINE#         33
BL51 BANKED LINKER/LOCATER V6.22                                                      06/29/2023  16:29:42  PAGE 6


  C:0C84H         LINE#         34
  C:0CADH         LINE#         35
  C:0CC1H         LINE#         36
  C:0CC8H         LINE#         37
  C:0CCAH         LINE#         38
  C:0CCDH         LINE#         39
  C:0CCFH         LINE#         41
  C:0CD2H         LINE#         42
  C:0CD5H         LINE#         43
  C:0CD5H         LINE#         44
  C:0CD8H         LINE#         45
  C:0CD8H         LINE#         46
  C:0CDAH         LINE#         47
  -------         ENDPROC       _SETBEEP
  -------         PROC          GETBEEPSTATUS
  C:0FFCH         LINE#         49
  C:0FFCH         LINE#         50
  C:1005H         LINE#         51
  C:1007H         LINE#         52
  -------         ENDPROC       GETBEEPSTATUS
  -------         ENDMOD        BEEP

  -------         MODULE        DISPLAYER
  C:0000H         SYMBOL        _ICE_DUMMY_
  D:0093H         PUBLIC        P0M1
  D:0096H         PUBLIC        P2M0
  D:0080H         PUBLIC        P0
  D:0095H         PUBLIC        P2M1
  D:0090H         PUBLIC        P1
  D:00A0H         PUBLIC        P2
  D:00B0H         PUBLIC        P3
  D:00C0H         PUBLIC        P4
  D:00C8H         PUBLIC        P5
  D:00E8H         PUBLIC        P6
  D:00F8H         PUBLIC        P7
  D:00A8H         PUBLIC        IE
  D:00B8H         PUBLIC        IP
  D:00D8H         PUBLIC        CCON
  C:1023H         PUBLIC        _LedPrint
  B:00A0H.0       PUBLIC        P20
  B:00A0H.1       PUBLIC        P21
  D:0098H         PUBLIC        SCON
  B:00A0H.2       PUBLIC        P22
  D:0088H         PUBLIC        TCON
  B:00A0H.3       PUBLIC        P23
  C:0FC1H         PUBLIC        DisplayerInit
  X:007EH         PUBLIC        sys_Disp
  C:1008H         PUBLIC        _SetDisplayerArea
  C:0F83H         PUBLIC        _Seg7Print
  C:075AH         PUBLIC        _?sys_display_drv
  D:00D0H         PUBLIC        PSW
  D:0094H         PUBLIC        P0M0
  -------         PROC          _?SYS_DISPLAY_DRV
  C:075AH         LINE#         16
  C:075AH         LINE#         18
  C:075DH         LINE#         19
  C:0786H         LINE#         20
BL51 BANKED LINKER/LOCATER V6.22                                                      06/29/2023  16:29:42  PAGE 7


  C:078CH         LINE#         21
  C:0792H         LINE#         22
  C:0798H         LINE#         23
  C:079EH         LINE#         24
  C:07A8H         LINE#         25
  C:07B2H         LINE#         26
  C:07BCH         LINE#         27
  C:07C6H         LINE#         28
  C:07C8H         LINE#         29
  C:07C8H         LINE#         30
  C:07D0H         LINE#         31
  C:07F9H         LINE#         33
  C:0814H         LINE#         34
  C:0817H         LINE#         35
  C:0817H         LINE#         36
  C:082EH         LINE#         37
  C:083AH         LINE#         39
  C:0842H         LINE#         40
  -------         ENDPROC       _?SYS_DISPLAY_DRV
  -------         PROC          DISPLAYERINIT
  C:0FC1H         LINE#         42
  C:0FC1H         LINE#         43
  C:0FC1H         LINE#         44
  C:0FC4H         LINE#         45
  C:0FC7H         LINE#         46
  C:0FCAH         LINE#         47
  C:0FCDH         LINE#         48
  C:0FDBH         LINE#         49
  -------         ENDPROC       DISPLAYERINIT
  -------         PROC          _SETDISPLAYERAREA
  D:0007H         SYMBOL        Begin_of_scan
  D:0005H         SYMBOL        Ending_of_Scan
  C:1008H         LINE#         51
  C:1008H         LINE#         52
  C:100DH         LINE#         53
  C:1010H         LINE#         54
  -------         ENDPROC       _SETDISPLAYERAREA
  -------         PROC          _SEG7PRINT
  D:0007H         SYMBOL        d0
  D:0005H         SYMBOL        d1
  D:0003H         SYMBOL        d2
  D:002FH         SYMBOL        d3
  D:0030H         SYMBOL        d4
  D:0031H         SYMBOL        d5
  D:0032H         SYMBOL        d6
  D:0033H         SYMBOL        d7
  C:0F83H         LINE#         56
  C:0F83H         LINE#         57
  C:0F88H         LINE#         58
  C:0F8BH         LINE#         59
  C:0F8EH         LINE#         60
  C:0F92H         LINE#         61
  C:0F96H         LINE#         62
  C:0F9AH         LINE#         63
  C:0F9EH         LINE#         64
  C:0FA2H         LINE#         65
  -------         ENDPROC       _SEG7PRINT
BL51 BANKED LINKER/LOCATER V6.22                                                      06/29/2023  16:29:42  PAGE 8


  -------         PROC          _LEDPRINT
  D:0007H         SYMBOL        led_val
  C:1023H         LINE#         67
  C:1023H         LINE#         68
  C:1028H         LINE#         69
  -------         ENDPROC       _LEDPRINT
  -------         ENDMOD        DISPLAYER

  -------         MODULE        SYS
  C:0000H         SYMBOL        _ICE_DUMMY_
  X:0000H         PUBLIC        count_1mS
  B:00D8H.2       PUBLIC        CCF2
  D:0080H         PUBLIC        P0
  B:0020H.1       PUBLIC        flag_1S
  D:0090H         PUBLIC        P1
  D:00A0H         PUBLIC        P2
  D:00B0H         PUBLIC        P3
  D:00C0H         PUBLIC        P4
  X:0001H         PUBLIC        T1
  D:00C8H         PUBLIC        P5
  X:0003H         PUBLIC        T2
  B:00A8H.7       PUBLIC        EA
  D:00E8H         PUBLIC        P6
  D:00F8H         PUBLIC        P7
  D:0009H         PUBLIC        IrDatNum
  B:00D8H.7       PUBLIC        CF
  B:0020H.2       PUBLIC        Ir_Coder
  B:0020H.3       PUBLIC        Ir_RxBusy
  D:00A8H         PUBLIC        IE
  B:0020H.4       PUBLIC        Ir_TxBusy
  X:0005H         PUBLIC        userfunccall
  D:00FAH         PUBLIC        CCAP0H
  D:00FBH         PUBLIC        CCAP1H
  C:0B5BH         PUBLIC        sys_task_Ir
  D:000AH         PUBLIC        IrCount_j
  D:000BH         PUBLIC        IrRx_count
  D:000CH         PUBLIC        IrProtocol
  D:00EAH         PUBLIC        CCAP0L
  D:000DH         PUBLIC        IrTx_count
  D:00EBH         PUBLIC        CCAP1L
  D:00DAH         PUBLIC        CCAPM0
  D:00DBH         PUBLIC        CCAPM1
  D:000EH         PUBLIC        MainLoops
  D:00B8H         PUBLIC        IP
  B:00D0H.7       PUBLIC        CY
  B:0020H.5       PUBLIC        flag_10mS
  D:00D8H         PUBLIC        CCON
  C:1011H         PUBLIC        GetBeepTimer
  C:0D86H         PUBLIC        sys_Timer0_isr
  C:0BE6H         PUBLIC        _SetEventCallBack
  C:1029H         PUBLIC        MySTC_Init
  C:0E63H         PUBLIC        sys_task_100mS
  D:0012H         PUBLIC        ModBus_interval_time
  C:1035H         PUBLIC        _?ret0func
  C:0D33H         PUBLIC        GetUltraSonic
  X:0029H         PUBLIC        count_10mS
  X:002AH         PUBLIC        stcDrivers
BL51 BANKED LINKER/LOCATER V6.22                                                      06/29/2023  16:29:42  PAGE 9


  C:101AH         PUBLIC        _SetBeepTimer
  B:0020H.6       PUBLIC        flag_IrRxFinished
  D:0098H         PUBLIC        SCON
  C:0FDCH         PUBLIC        _SetCCP0
  C:0EA2H         PUBLIC        MySTC_OS
  D:0089H         PUBLIC        TMOD
  D:0088H         PUBLIC        TCON
  B:0020H.7       PUBLIC        flag_Ir
  B:00B0H.5       PUBLIC        P35
  D:0013H         PUBLIC        IrRxNum
  X:0060H         PUBLIC        SysPerformance
  D:008EH         PUBLIC        AUXR
  C:08EDH         PUBLIC        sys_CCP_isr
  C:066DH         PUBLIC        sys_task_1mS
  B:00A8H.1       PUBLIC        ET0
  C:1038H         PUBLIC        ClrBeepPin
  D:008CH         PUBLIC        TH0
  B:0021H.0       PUBLIC        flag_100mS
  X:0065H         PUBLIC        distance
  D:008AH         PUBLIC        TL0
  D:0014H         PUBLIC        PollingMisses
  X:0067H         PUBLIC        sys_BP
  B:0088H.4       PUBLIC        TR0
  C:000EH         PUBLIC        sys_task_1S
  C:0003H         PUBLIC        GetSysPerformance
  B:0021H.1       PUBLIC        matchModBus
  X:006DH         PUBLIC        count_100mS
  B:0021H.2       PUBLIC        Ir_BitBusy
  D:0015H         PUBLIC        IrDat_count
  D:0016H         PUBLIC        IrMute_count
  B:0021H.3       PUBLIC        newFrame1
  C:0DD8H         PUBLIC        sys_Timer0_Init
  B:0021H.4       PUBLIC        newFrame2
  D:0017H         PUBLIC        IrDataPc
  C:000AH         PUBLIC        _?nullfunc
  B:0021H.5       PUBLIC        flag_1mS
  B:0021H.6       PUBLIC        newUS
  D:008FH         PUBLIC        INT_CLKO
  C:0A3CH         PUBLIC        sys_task_10mS
  D:00D0H         PUBLIC        PSW
  B:00D8H.0       PUBLIC        CCF0
  B:00B0H.4       PUBLIC        Beep
  B:00D8H.1       PUBLIC        CCF1
  -------         PROC          _?NULLFUNC
  C:000AH         LINE#         13
  -------         ENDPROC       _?NULLFUNC
  -------         PROC          _?RET0FUNC
  C:1035H         LINE#         14
  -------         ENDPROC       _?RET0FUNC
  -------         PROC          SYS_TIMER0_INIT
  C:0DD8H         LINE#         96
  C:0DD8H         LINE#         97
  C:0DDBH         LINE#         98
  C:0DDEH         LINE#         99
  C:0DF4H         LINE#         100
  C:0E1AH         LINE#         101
  C:0E1CH         LINE#         102
BL51 BANKED LINKER/LOCATER V6.22                                                      06/29/2023  16:29:42  PAGE 10


  C:0E1EH         LINE#         103
  -------         ENDPROC       SYS_TIMER0_INIT
  -------         PROC          SYS_TIMER0_ISR
  -------         DO            
  D:0008H         SYMBOL        i
  -------         ENDDO         
  C:0D86H         LINE#         105
  C:0D8AH         LINE#         107
  C:0D8DH         LINE#         108
  C:0D90H         LINE#         109
  C:0D95H         LINE#         110
  C:0D97H         LINE#         111
  C:0D97H         LINE#         112
  C:0D9DH         LINE#         113
  C:0DA3H         LINE#         114
  C:0DA6H         LINE#         115
  C:0DA8H         LINE#         116
  C:0DABH         LINE#         117
  C:0DAFH         LINE#         118
  C:0DB1H         LINE#         119
  C:0DB4H         LINE#         120
  C:0DB6H         LINE#         122
  C:0DB9H         LINE#         123
  C:0DBBH         LINE#         124
  C:0DC0H         LINE#         125
  C:0DC0H         LINE#         126
  C:0DC2H         LINE#         128
  C:0DCBH         LINE#         129
  C:0DCDH         LINE#         130
  C:0DD3H         LINE#         131
  C:0DD3H         LINE#         132
  C:0DD3H         LINE#         133
  C:0DD3H         LINE#         134
  -------         ENDPROC       SYS_TIMER0_ISR
  -------         PROC          GETULTRASONIC
  -------         DO            
  D:001DH         SYMBOL        a
  -------         ENDDO         
  C:0D33H         LINE#         138
  C:0D33H         LINE#         139
  C:0D33H         LINE#         140
  C:0D36H         LINE#         141
  C:0D38H         LINE#         142
  C:0D47H         LINE#         143
  C:0D7DH         LINE#         144
  C:0D7DH         LINE#         145
  C:0D85H         LINE#         146
  -------         ENDPROC       GETULTRASONIC
  -------         PROC          GETBEEPTIMER
  C:1011H         LINE#         148
  C:1011H         LINE#         149
  C:1019H         LINE#         150
  -------         ENDPROC       GETBEEPTIMER
  -------         PROC          _SETBEEPTIMER
  D:0006H         SYMBOL        a
  C:101AH         LINE#         152
  C:101AH         LINE#         153
BL51 BANKED LINKER/LOCATER V6.22                                                      06/29/2023  16:29:42  PAGE 11


  C:1022H         LINE#         154
  -------         ENDPROC       _SETBEEPTIMER
  -------         PROC          _SETCCP0
  D:0006H         SYMBOL        step
  D:0004H         SYMBOL        next
  C:0FDCH         LINE#         156
  C:0FDCH         LINE#         157
  C:0FE4H         LINE#         158
  C:0FECH         LINE#         159
  -------         ENDPROC       _SETCCP0
  -------         PROC          CLRBEEPPIN
  C:1038H         LINE#         161
  C:1038H         LINE#         162
  C:103AH         LINE#         163
  -------         ENDPROC       CLRBEEPPIN
  -------         PROC          SYS_CCP_ISR
  -------         DO            
  B:0020H.0       SYMBOL        a
  -------         ENDDO         
  C:08EDH         LINE#         165
  C:0900H         LINE#         167
  C:0907H         LINE#         168
  C:090EH         LINE#         169
  C:0911H         LINE#         170
  C:0913H         LINE#         171
  C:0923H         LINE#         172
  C:092AH         LINE#         173
  C:092DH         LINE#         174
  C:092FH         LINE#         175
  C:0931H         LINE#         177
  C:0945H         LINE#         178
  C:0948H         LINE#         179
  C:094AH         LINE#         180
  C:094CH         LINE#         181
  C:094EH         LINE#         183
  C:094EH         LINE#         184
  C:0951H         LINE#         185
  C:0953H         LINE#         186
  C:095DH         LINE#         187
  C:095FH         LINE#         188
  C:0968H         LINE#         189
  C:096BH         LINE#         190
  C:097DH         LINE#         191
  C:097FH         LINE#         193
  C:0981H         LINE#         194
  C:0984H         LINE#         195
  C:0984H         LINE#         196
  C:0984H         LINE#         197
  -------         ENDPROC       SYS_CCP_ISR
  -------         PROC          MYSTC_INIT
  C:1029H         LINE#         199
  C:1029H         LINE#         200
  C:102CH         LINE#         201
  C:102EH         LINE#         202
  -------         ENDPROC       MYSTC_INIT
  -------         PROC          SYS_TASK_IR
  -------         DO            
BL51 BANKED LINKER/LOCATER V6.22                                                      06/29/2023  16:29:42  PAGE 12


  D:0007H         SYMBOL        a
  -------         ENDDO         
  C:0B5BH         LINE#         204
  C:0B5BH         LINE#         205
  C:0B5BH         LINE#         206
  C:0B71H         LINE#         207
  C:0B78H         LINE#         208
  C:0B7BH         LINE#         209
  C:0B7EH         LINE#         210
  C:0B94H         LINE#         211
  C:0BA4H         LINE#         212
  C:0BACH         LINE#         213
  C:0BAFH         LINE#         214
  C:0BB1H         LINE#         216
  C:0BC7H         LINE#         217
  C:0BDBH         LINE#         218
  C:0BDBH         LINE#         219
  C:0BDDH         LINE#         220
  C:0BE0H         LINE#         222
  C:0BE0H         LINE#         224
  C:0BE2H         LINE#         225
  C:0BE5H         LINE#         226
  C:0BE5H         LINE#         227
  -------         ENDPROC       SYS_TASK_IR
  -------         PROC          SYS_TASK_1MS
  C:066DH         LINE#         229
  C:066DH         LINE#         230
  C:0675H         LINE#         231
  C:0678H         LINE#         232
  C:067AH         LINE#         233
  C:0682H         LINE#         234
  C:0685H         LINE#         235
  C:0687H         LINE#         236
  C:068FH         LINE#         237
  C:0692H         LINE#         238
  C:0694H         LINE#         239
  C:0694H         LINE#         240
  C:0694H         LINE#         241
  C:0694H         LINE#         242
  C:06A0H         LINE#         243
  C:06ACH         LINE#         244
  C:06B8H         LINE#         245
  C:06C4H         LINE#         246
  C:06D0H         LINE#         247
  C:06DCH         LINE#         248
  C:06F7H         LINE#         249
  C:0706H         LINE#         250
  C:0712H         LINE#         251
  C:0714H         LINE#         252
  C:0714H         LINE#         253
  C:071BH         LINE#         254
  C:071EH         LINE#         255
  C:072DH         LINE#         256
  C:072FH         LINE#         257
  C:072FH         LINE#         258
  C:0731H         LINE#         260
  C:0740H         LINE#         261
BL51 BANKED LINKER/LOCATER V6.22                                                      06/29/2023  16:29:42  PAGE 13


  C:074CH         LINE#         262
  C:074EH         LINE#         263
  C:074EH         LINE#         264
  C:074EH         LINE#         265
  -------         ENDPROC       SYS_TASK_1MS
  -------         PROC          SYS_TASK_10MS
  C:0A3CH         LINE#         268
  C:0A3CH         LINE#         269
  C:0A48H         LINE#         270
  C:0A54H         LINE#         271
  C:0A60H         LINE#         272
  C:0A6CH         LINE#         273
  C:0A87H         LINE#         274
  C:0AA2H         LINE#         275
  C:0ABDH         LINE#         276
  C:0AC0H         LINE#         277
  C:0AC2H         LINE#         278
  C:0ACEH         LINE#         279
  C:0ACEH         LINE#         280
  -------         ENDPROC       SYS_TASK_10MS
  -------         PROC          SYS_TASK_100MS
  C:0E63H         LINE#         282
  C:0E63H         LINE#         283
  C:0E6FH         LINE#         284
  C:0E8AH         LINE#         285
  C:0E96H         LINE#         286
  -------         ENDPROC       SYS_TASK_100MS
  -------         PROC          SYS_TASK_1S
  C:000EH         LINE#         289
  C:000EH         LINE#         290
  C:001CH         LINE#         291
  C:0022H         LINE#         292
  C:002BH         LINE#         293
  C:002DH         LINE#         294
  -------         ENDPROC       SYS_TASK_1S
  -------         PROC          MYSTC_OS
  C:0EA2H         LINE#         297
  C:0EA2H         LINE#         298
  C:0EAAH         LINE#         299
  C:0EB2H         LINE#         300
  C:0EBAH         LINE#         301
  C:0EC2H         LINE#         302
  C:0ECAH         LINE#         303
  C:0EDFH         LINE#         306
  -------         ENDPROC       MYSTC_OS
  -------         PROC          _SETEVENTCALLBACK
  D:0007H         SYMBOL        event
  D:001AH         SYMBOL        user_callback
  C:0BE6H         LINE#         308
  C:0BECH         LINE#         309
  C:0C1DH         LINE#         310
  C:0C20H         LINE#         311
  C:0C22H         LINE#         312
  C:0C25H         LINE#         313
  C:0C27H         LINE#         314
  C:0C2AH         LINE#         315
  C:0C2CH         LINE#         316
BL51 BANKED LINKER/LOCATER V6.22                                                      06/29/2023  16:29:42  PAGE 14


  C:0C2FH         LINE#         317
  C:0C31H         LINE#         318
  C:0C34H         LINE#         319
  C:0C36H         LINE#         320
  C:0C39H         LINE#         321
  C:0C3BH         LINE#         322
  C:0C3EH         LINE#         323
  C:0C40H         LINE#         324
  C:0C43H         LINE#         325
  C:0C45H         LINE#         326
  C:0C48H         LINE#         327
  C:0C4AH         LINE#         328
  C:0C4DH         LINE#         329
  C:0C4FH         LINE#         330
  C:0C52H         LINE#         331
  C:0C54H         LINE#         332
  C:0C62H         LINE#         333
  C:0C62H         LINE#         334
  C:0C62H         LINE#         335
  C:0C62H         LINE#         336
  -------         ENDPROC       _SETEVENTCALLBACK
  -------         PROC          GETSYSPERFORMANCE
  C:0003H         LINE#         338
  C:0003H         LINE#         339
  C:0009H         LINE#         340
  -------         ENDPROC       GETSYSPERFORMANCE
  -------         ENDMOD        SYS

  -------         MODULE        MUSIC
  C:0000H         SYMBOL        _ICE_DUMMY_
  D:0080H         PUBLIC        P0
  D:0090H         PUBLIC        P1
  D:00A0H         PUBLIC        P2
  D:00B0H         PUBLIC        P3
  D:00C0H         PUBLIC        P4
  D:00C8H         PUBLIC        P5
  D:00E8H         PUBLIC        P6
  D:00F8H         PUBLIC        P7
  C:0FEDH         PUBLIC        MusicPlayerInit
  D:00A8H         PUBLIC        IE
  C:003EH         PUBLIC        _?sys_music_drv
  D:00B8H         PUBLIC        IP
  C:102FH         PUBLIC        GetPlayerMode
  X:0071H         PUBLIC        music
  D:00D8H         PUBLIC        CCON
  C:0F3BH         PUBLIC        _SetPlayerMode
  C:0843H         PUBLIC        _PlayTone
  C:0CDBH         PUBLIC        _SetMusic
  D:0098H         PUBLIC        SCON
  D:0088H         PUBLIC        TCON
  B:0021H.7       PUBLIC        beat_dir
  D:00D0H         PUBLIC        PSW
  -------         PROC          _PLAYTONE
  D:002CH         SYMBOL        tone
  D:002DH         SYMBOL        beatsPM
  D:002EH         SYMBOL        scale
  D:002FH         SYMBOL        beats
BL51 BANKED LINKER/LOCATER V6.22                                                      06/29/2023  16:29:42  PAGE 15


  -------         DO            
  D:0030H         SYMBOL        freq
  D:0004H         SYMBOL        playtime
  C:0547H         SYMBOL        sound_freq
  -------         ENDDO         
  C:0843H         LINE#         22
  C:0849H         LINE#         23
  C:0849H         LINE#         34
  C:0852H         LINE#         35
  C:0887H         LINE#         36
  C:088AH         LINE#         37
  C:08CBH         LINE#         38
  C:08D0H         LINE#         39
  C:08E5H         LINE#         40
  C:08ECH         LINE#         41
  C:08ECH         LINE#         42
  -------         ENDPROC       _PLAYTONE
  -------         PROC          _?SYS_MUSIC_DRV
  -------         DO            
  i:0000H         SYMBOL        a
  i:0001H         SYMBOL        b
  X:006EH         SYMBOL        scale
  X:006FH         SYMBOL        repeat_pt
  -------         ENDDO         
  C:003EH         LINE#         44
  C:0042H         LINE#         48
  C:0063H         LINE#         49
  C:0067H         LINE#         50
  C:0071H         LINE#         52
  C:0071H         LINE#         54
  C:008DH         LINE#         55
  C:00CBH         LINE#         56
  C:00EAH         LINE#         57
  C:00FCH         LINE#         58
  C:0111H         LINE#         59
  C:0128H         LINE#         60
  C:0154H         LINE#         61
  C:0177H         LINE#         62
  C:017FH         LINE#         63
  C:0181H         LINE#         64
  C:0188H         LINE#         65
  C:0188H         LINE#         67
  C:01A0H         LINE#         68
  C:01A9H         LINE#         69
  C:01CBH         LINE#         70
  C:01E8H         LINE#         71
  C:0209H         LINE#         72
  C:0217H         LINE#         73
  C:0219H         LINE#         74
  C:023AH         LINE#         75
  C:0248H         LINE#         76
  C:024BH         LINE#         77
  C:024BH         LINE#         78
  C:024BH         LINE#         79
  C:024BH         LINE#         80
  C:026CH         LINE#         81
  C:026FH         LINE#         82
BL51 BANKED LINKER/LOCATER V6.22                                                      06/29/2023  16:29:42  PAGE 16


  C:0282H         LINE#         83
  C:0285H         LINE#         84
  C:02A2H         LINE#         85
  C:02B0H         LINE#         86
  C:02B3H         LINE#         87
  C:02C1H         LINE#         88
  C:02C4H         LINE#         89
  C:02C4H         LINE#         90
  C:02C4H         LINE#         91
  C:02D9H         LINE#         92
  C:02FAH         LINE#         93
  C:0327H         LINE#         94
  C:0327H         LINE#         95
  C:0327H         LINE#         96
  C:0329H         LINE#         98
  C:032FH         LINE#         100
  C:032FH         LINE#         101
  -------         ENDPROC       _?SYS_MUSIC_DRV
  -------         PROC          MUSICPLAYERINIT
  C:0FEDH         LINE#         103
  C:0FEDH         LINE#         104
  C:0FEDH         LINE#         105
  C:0FFBH         LINE#         106
  -------         ENDPROC       MUSICPLAYERINIT
  -------         PROC          _SETMUSIC
  D:0007H         SYMBOL        beatsPM
  D:0005H         SYMBOL        tone
  D:0001H         SYMBOL        pt
  D:0031H         SYMBOL        datasize
  D:0033H         SYMBOL        display
  C:0CDBH         LINE#         108
  C:0CDBH         LINE#         109
  C:0CE2H         LINE#         110
  C:0CE9H         LINE#         111
  C:0CEDH         LINE#         112
  C:0CEFH         LINE#         113
  C:0CEFH         LINE#         114
  C:0CF6H         LINE#         115
  C:0CFDH         LINE#         116
  C:0D17H         LINE#         117
  C:0D22H         LINE#         118
  C:0D2AH         LINE#         119
  C:0D2AH         LINE#         120
  C:0D32H         LINE#         122
  -------         ENDPROC       _SETMUSIC
  -------         PROC          _SETPLAYERMODE
  D:0007H         SYMBOL        play_ctrl
  C:0F3BH         LINE#         124
  C:0F3BH         LINE#         125
  C:0F5DH         LINE#         126
  C:0F62H         LINE#         127
  -------         ENDPROC       _SETPLAYERMODE
  -------         PROC          GETPLAYERMODE
  C:102FH         LINE#         129
  C:102FH         LINE#         130
  C:1034H         LINE#         131
  -------         ENDPROC       GETPLAYERMODE
BL51 BANKED LINKER/LOCATER V6.22                                                      06/29/2023  16:29:42  PAGE 17


  -------         ENDMOD        MUSIC

  -------         MODULE        ?C?CLDOPTR
  C:0334H         PUBLIC        ?C?CLDOPTR
  -------         ENDMOD        ?C?CLDOPTR

  -------         MODULE        ?C?IMUL
  C:0361H         PUBLIC        ?C?IMUL
  -------         ENDMOD        ?C?IMUL

  -------         MODULE        ?C?UIDIV
  C:0373H         PUBLIC        ?C?UIDIV
  -------         ENDMOD        ?C?UIDIV

  -------         MODULE        ?C?IILDX
  C:03C8H         PUBLIC        ?C?IILDX
  -------         ENDMOD        ?C?IILDX

  -------         MODULE        ?C?ILDIX
  C:03DEH         PUBLIC        ?C?ILDIX
  -------         ENDMOD        ?C?ILDIX

  -------         MODULE        ?C?LMUL
  C:03F4H         PUBLIC        ?C?LMUL
  -------         ENDMOD        ?C?LMUL

  -------         MODULE        ?C?ULDIV
  C:047FH         PUBLIC        ?C?ULDIV
  -------         ENDMOD        ?C?ULDIV

  -------         MODULE        ?C?SLDIV
  C:0E1FH         PUBLIC        ?C?SLDIV
  -------         ENDMOD        ?C?SLDIV

  -------         MODULE        ?C?SLSHR
  C:0511H         PUBLIC        ?C?SLSHR
  -------         ENDMOD        ?C?SLSHR

  -------         MODULE        ?C?LLDCODE
  C:0525H         PUBLIC        ?C?LLDCODE
  -------         ENDMOD        ?C?LLDCODE

  -------         MODULE        ?C?LSTXDATA
  C:0535H         PUBLIC        ?C?LSTXDATA
  -------         ENDMOD        ?C?LSTXDATA

  -------         MODULE        ?C?ICALL
  C:0541H         PUBLIC        ?C?ICALL
  C:0545H         PUBLIC        ?C?ICALL2
  -------         ENDMOD        ?C?ICALL

  -------         MODULE        ?C_IBP
  D:001FH         PUBLIC        ?C_IBP
  -------         ENDMOD        ?C_IBP

*** WARNING L16: UNCALLED SEGMENT, IGNORED FOR OVERLAY PROCESS
    SEGMENT: ?PR?GETULTRASONIC?SYS
BL51 BANKED LINKER/LOCATER V6.22                                                      06/29/2023  16:29:42  PAGE 18



*** WARNING L16: UNCALLED SEGMENT, IGNORED FOR OVERLAY PROCESS
    SEGMENT: ?PR?_SETEVENTCALLBACK?SYS

*** WARNING L16: UNCALLED SEGMENT, IGNORED FOR OVERLAY PROCESS
    SEGMENT: ?PR?GETSYSPERFORMANCE?SYS

*** WARNING L16: UNCALLED SEGMENT, IGNORED FOR OVERLAY PROCESS
    SEGMENT: ?PR?GETPLAYERMODE?MUSIC

Program Size: data=55.0 xdata=138 code=4153
LINK/LOCATE RUN COMPLETE.  4 WARNING(S),  0 ERROR(S)
