BL51 BANKED LINKER/LOCATER V6.22                                                        03/06/2022  11:06:22  PAGE 1


BL51 BANKED LINKER/LOCATER V6.22, INVOKED BY:
C:\KEIL\C51\BIN\BL51.EXE .\output\main.obj, .\source\STCBSP_V3.5c.LIB TO .\output\STC_DemoV35a PRINT (.\list\STC_DemoV35
>> a.m51) RAMSIZE (256) XDATA (0X0000-0X07FF)


MEMORY MODEL: SMALL


INPUT MODULES INCLUDED:
  .\output\main.obj (MAIN)
  .\source\STCBSP_V3.5c.LIB (ADC)
  .\source\STCBSP_V3.5c.LIB (BEEP)
  .\source\STCBSP_V3.5c.LIB (DISPLAYER)
  .\source\STCBSP_V3.5c.LIB (HALL)
  .\source\STCBSP_V3.5c.LIB (KEY)
  .\source\STCBSP_V3.5c.LIB (STEPMOTOR)
  .\source\STCBSP_V3.5c.LIB (SYS)
  .\source\STCBSP_V3.5c.LIB (VIB)
  .\source\STCBSP_V3.5c.LIB (MUSIC)
  .\source\STCBSP_V3.5c.LIB (DS1302)
  .\source\STCBSP_V3.5c.LIB (M24C02)
  .\source\STCBSP_V3.5c.LIB (FM_RADIO)
  .\source\STCBSP_V3.5c.LIB (EXT)
  .\source\STCBSP_V3.5c.LIB (IR)
  .\source\STCBSP_V3.5c.LIB (UART2)
  .\source\STCBSP_V3.5c.LIB (UART1)
  C:\KEIL\C51\LIB\C51S.LIB (?C_STARTUP)
  C:\KEIL\C51\LIB\C51S.LIB (?C?COPY)
  C:\KEIL\C51\LIB\C51S.LIB (?C?CLDPTR)
  C:\KEIL\C51\LIB\C51S.LIB (?C?CLDOPTR)
  C:\KEIL\C51\LIB\C51S.LIB (?C?CSTOPTR)
  C:\KEIL\C51\LIB\C51S.LIB (?C?IMUL)
  C:\KEIL\C51\LIB\C51S.LIB (?C?UIDIV)
  C:\KEIL\C51\LIB\C51S.LIB (?C?SIDIV)
  C:\KEIL\C51\LIB\C51S.LIB (?C?IILDX)
  C:\KEIL\C51\LIB\C51S.LIB (?C?ILDIX)
  C:\KEIL\C51\LIB\C51S.LIB (?C?ILDPTR)
  C:\KEIL\C51\LIB\C51S.LIB (?C?LMUL)
  C:\KEIL\C51\LIB\C51S.LIB (?C?ULDIV)
  C:\KEIL\C51\LIB\C51S.LIB (?C?SLDIV)
  C:\KEIL\C51\LIB\C51S.LIB (?C?ULSHR)
  C:\KEIL\C51\LIB\C51S.LIB (?C?SLSHR)
  C:\KEIL\C51\LIB\C51S.LIB (?C?LSHL)
  C:\KEIL\C51\LIB\C51S.LIB (?C?LLDCODE)
  C:\KEIL\C51\LIB\C51S.LIB (?C?LSTXDATA)
  C:\KEIL\C51\LIB\C51S.LIB (?C?OFFXADD)
  C:\KEIL\C51\LIB\C51S.LIB (?C?ICALL)
  C:\KEIL\C51\LIB\C51S.LIB (?C_IBP)
  C:\KEIL\C51\LIB\C51S.LIB (?C_INIT)


LINK MAP OF MODULE:  .\output\STC_DemoV35a (MAIN)


            TYPE    BASE      LENGTH    RELOCATION   SEGMENT NAME
            -----------------------------------------------------

            * * * * * * *   D A T A   M E M O R Y   * * * * * * *
BL51 BANKED LINKER/LOCATER V6.22                                                      03/06/2022  11:06:22  PAGE 2


            REG     0000H     0008H     ABSOLUTE     "REG BANK 0"
            DATA    0008H     0012H     UNIT         _DATA_GROUP_
            DATA    001AH     0006H     UNIT         ?DT?EXT
            BIT     0020H.0   0001H.4   UNIT         ?BI?SYS
            BIT     0021H.4   0000H.1   UNIT         ?BI?ADC
            BIT     0021H.5   0000H.1   UNIT         ?BI?MUSIC
            BIT     0021H.6   0000H.1   UNIT         ?BI?UART2
                    0021H.7   0000H.1                *** GAP ***
            DATA    0022H     002BH     UNIT         ?DT?MAIN
            DATA    004DH     0011H     UNIT         ?DT?SYS
            DATA    005EH     0006H     UNIT         ?DT?IR
            DATA    0064H     0004H     UNIT         ?DT?_SETPWM?EXT
            DATA    0068H     0002H     UNIT         ?DT?ADC
            DATA    006AH     0001H     UNIT         ?DT?HALL
            DATA    006BH     0001H     UNIT         ?DT?KEY
            DATA    006CH     0001H     UNIT         ?DT?_SETSTEPMOTOR?STEPMOTOR
            DATA    006DH     0001H     UNIT         ?DT?VIB
            DATA    006EH     0001H     UNIT         ?C?LIB_DATA
            IDATA   006FH     0001H     UNIT         ?STACK

            * * * * * * *  X D A T A   M E M O R Y  * * * * * * *
            XDATA   0000H     006EH     UNIT         ?XD?SYS
            XDATA   006EH     001EH     UNIT         ?XD?ADC
            XDATA   008CH     0017H     UNIT         ?XD?UART2
            XDATA   00A3H     0017H     UNIT         ?XD?UART1
            XDATA   00BAH     0016H     UNIT         ?XD?STEPMOTOR
            XDATA   00D0H     0010H     UNIT         ?XD?MUSIC
            XDATA   00E0H     000CH     UNIT         ?XD?DISPLAYER
            XDATA   00ECH     000BH     UNIT         ?XD?EXT
            XDATA   00F7H     000AH     UNIT         ?XD?KEY
            XDATA   0101H     0009H     UNIT         ?XD?DS1302
            XDATA   010AH     0009H     UNIT         ?XD?FM_RADIO
            XDATA   0113H     0004H     UNIT         ?XD?HALL
            XDATA   0117H     0001H     UNIT         ?XD?VIB

            * * * * * * *   C O D E   M E M O R Y   * * * * * * *
            CODE    0000H     0003H     ABSOLUTE     
            CODE    0003H     0008H     UNIT         ?PR?GETHALLACT?HALL
            CODE    000BH     0003H     ABSOLUTE     
            CODE    000EH     0015H     UNIT         ?PR?MYUART2RXD_CALLBACK?MAIN
            CODE    0023H     0003H     ABSOLUTE     
            CODE    0026H     0003H     UNIT         ?PR?MYIRRXD_CALLBACK?MAIN
            CODE    0029H     0001H     UNIT         ?PR?MY1MS_CALLBACK?MAIN
            CODE    002AH     0001H     UNIT         ?PR?MY10MS_CALLBACK?MAIN
            CODE    002BH     0003H     ABSOLUTE     
            CODE    002EH     000DH     UNIT         ?PR?_?SYS_SV_DRV?VIB
            CODE    003BH     0003H     ABSOLUTE     
            CODE    003EH     0003H     UNIT         ?PR?MY100MS_CALLBACK?MAIN
            CODE    0041H     0001H     UNIT         ?PR?MY1S_CALLBACK?MAIN
            CODE    0042H     0001H     UNIT         ?PR?MYADC_CALLBACK?MAIN
            CODE    0043H     0003H     ABSOLUTE     
            CODE    0046H     000DH     UNIT         ?PR?STOP?M24C02
            CODE    0053H     0003H     ABSOLUTE     
            CODE    0056H     0582H     UNIT         ?PR?DEALWITHMYKN?MAIN
            CODE    05D8H     03D7H     UNIT         ?C?LIB_CODE
            CODE    09AFH     02F6H     UNIT         ?PR?_?SYS_MUSIC_DRV?MUSIC
            CODE    0CA5H     02AAH     UNIT         ?PR?DEALWITHDISP?MAIN
BL51 BANKED LINKER/LOCATER V6.22                                                      03/06/2022  11:06:22  PAGE 3


            CODE    0F4FH     0274H     UNIT         ?PR?_?SYS_STEPMOTOR_DRV?STEPMOTOR
            CODE    11C3H     01ACH     UNIT         ?PR?_?SYS_ADC_DRV?ADC
            CODE    136FH     015AH     UNIT         ?PR?MAIN?MAIN
            CODE    14C9H     0150H     UNIT         ?C_INITSEG
            CODE    1619H     0126H     UNIT         ?CO?MUSIC
            CODE    173FH     0123H     UNIT         ?PR?_?SYS_KEY_DRV?KEY
            CODE    1862H     011DH     UNIT         ?PR?UART2_ISR?UART2
            CODE    197FH     0112H     UNIT         ?PR?UART1_ISR?UART1
            CODE    1A91H     00FEH     UNIT         ?PR?DS1302INIT?DS1302
            CODE    1B8FH     00E9H     UNIT         ?PR?_?SYS_DISPLAY_DRV?DISPLAYER
            CODE    1C78H     00E7H     UNIT         ?PR?_?SYS_EXT_DRV?EXT
            CODE    1D5FH     00DDH     UNIT         ?PR?DEALWITHIRRXD?MAIN
            CODE    1E3CH     00CDH     UNIT         ?PR?SYS_TASK_1MS?SYS
            CODE    1F09H     00C7H     UNIT         ?CO?MAIN
            CODE    1FD0H     00B6H     UNIT         ?PR?SETFMRADIO?FM_RADIO
            CODE    2086H     00ABH     UNIT         ?PR?_SETSTEPMOTOR?STEPMOTOR
            CODE    2131H     00AAH     UNIT         ?PR?_PLAYTONE?MUSIC
            CODE    21DBH     00A8H     UNIT         ?PR?SYS_CCP_ISR?SYS
            CODE    2283H     00A5H     UNIT         ?PR?_?SYS_DS1302_DRV?DS1302
            CODE    2328H     0094H     UNIT         ?PR?DEALWITHMYKEY?MAIN
            CODE    23BCH     0094H     UNIT         ?PR?_UART2INIT?UART2
            CODE    2450H     0093H     UNIT         ?PR?SYS_TASK_10MS?SYS
            CODE    24E3H     0090H     UNIT         ?PR?_SETPWM?EXT
            CODE    2573H     008CH     UNIT         ?C_C51STARTUP
            CODE    25FFH     008BH     UNIT         ?PR?SYS_TASK_IR?SYS
            CODE    268AH     007DH     UNIT         ?PR?_SETEVENTCALLBACK?SYS
            CODE    2707H     0078H     UNIT         ?PR?_SETBEEP?BEEP
            CODE    277FH     0077H     UNIT         ?PR?SYS_IRRXD_ISR?IR
            CODE    27F6H     0077H     UNIT         ?PR?_UART1INIT?UART1
            CODE    286DH     006AH     UNIT         ?PR?FM_NVMREAD?MAIN
            CODE    28D7H     005CH     UNIT         ?PR?GETFMRADIO?FM_RADIO
            CODE    2933H     0059H     UNIT         ?PR?READCOUNT?EXT
            CODE    298CH     0058H     UNIT         ?PR?_SETMUSIC?MUSIC
            CODE    29E4H     0053H     UNIT         ?PR?GETULTRASONIC?SYS
            CODE    2A37H     0052H     UNIT         ?PR?SYS_TIMER0_ISR?SYS
            CODE    2A89H     0048H     UNIT         ?PR?_EMSTOP?STEPMOTOR
            CODE    2AD1H     0047H     UNIT         ?PR?SYS_TIMER0_INIT?SYS
            CODE    2B18H     0046H     UNIT         ?PR?_GETADCNAVACT?ADC
            CODE    2B5EH     0046H     UNIT         ?PR?_?SYS_HALL_DRV?HALL
            CODE    2BA4H     0044H     UNIT         ?PR?_?SYS_FMRADIO_DRV?FM_RADIO
            CODE    2BE8H     0044H     UNIT         ?C?LDIV
            CODE    2C2CH     0040H     UNIT         ?PR?_GETKEYACT?KEY
            CODE    2C6CH     003FH     UNIT         ?PR?SYS_TASK_100MS?SYS
            CODE    2CABH     003FH     UNIT         ?PR?_IRPRINT?IR
            CODE    2CEAH     003EH     UNIT         ?PR?MYSTC_OS?SYS
            CODE    2D28H     0036H     UNIT         ?PR?_EXTINIT?EXT
            CODE    2D5EH     0033H     UNIT         ?PR?_SETUART2RXD?UART2
            CODE    2D91H     0033H     UNIT         ?PR?_SETUART1RXD?UART1
            CODE    2DC4H     0032H     UNIT         ?PR?_GETSTEPMOTORSTATUS?STEPMOTOR
            CODE    2DF6H     0031H     UNIT         ?PR?_ADCINIT?ADC
            CODE    2E27H     0031H     UNIT         ?PR?_IRTXDSET?IR
            CODE    2E58H     002EH     UNIT         ?PR?_DS1302READ?DS1302
            CODE    2E86H     002EH     UNIT         ?PR?_UART2PRINT?UART2
            CODE    2EB4H     002BH     UNIT         ?PR?SYS_TASK_1S?SYS
            CODE    2EDFH     0029H     UNIT         ?PR?FM_NVMWRITE?MAIN
            CODE    2F08H     0029H     UNIT         ?PR?_NVM_WRITE?DS1302
            CODE    2F31H     0028H     UNIT         ?PR?_?SYS_BEEP_DRV?BEEP
BL51 BANKED LINKER/LOCATER V6.22                                                      03/06/2022  11:06:22  PAGE 4


            CODE    2F59H     0028H     UNIT         ?PR?_SETPLAYERMODE?MUSIC
            CODE    2F81H     0028H     UNIT         ?PR?_IIC_RADIO_WRITEBYTE?FM_RADIO
            CODE    2FA9H     0028H     UNIT         ?PR?_UART1PRINT?UART1
            CODE    2FD1H     0025H     UNIT         ?PR?FMRADIOINIT?FM_RADIO
            CODE    2FF6H     0024H     UNIT         ?PR?RESPONS?M24C02
            CODE    301AH     0024H     UNIT         ?PR?_WRITEBYTE?M24C02
            CODE    303EH     0022H     UNIT         ?PR?READBYTE?M24C02
            CODE    3060H     0020H     UNIT         ?PR?BEEPINIT?BEEP
            CODE    3080H     0020H     UNIT         ?PR?_SEG7PRINT?DISPLAYER
            CODE    30A0H     0020H     UNIT         ?PR?_DS1302WRITE?DS1302
            CODE    30C0H     001DH     UNIT         ?PR?HALLINIT?HALL
            CODE    30DDH     001DH     UNIT         ?PR?KEY_INIT?KEY
            CODE    30FAH     001DH     UNIT         ?PR?VIBINIT?VIB
            CODE    3117H     001CH     UNIT         ?PR?_M24C02_READ?M24C02
            CODE    3133H     001CH     UNIT         ?PR?IIC_RADIO_ACK?FM_RADIO
            CODE    314FH     001CH     UNIT         ?PR?GETIRSTATUS?IR
            CODE    316BH     001BH     UNIT         ?PR?DISPLAYERINIT?DISPLAYER
            CODE    3186H     0019H     UNIT         ?PR?_DS1302WRITEBYTE?DS1302
            CODE    319FH     0019H     UNIT         ?PR?RTC_WRITE?DS1302
            CODE    31B8H     0018H     UNIT         ?PR?STEPMOTORINIT?STEPMOTOR
            CODE    31D0H     0018H     UNIT         ?PR?DS1302READBYTE?DS1302
            CODE    31E8H     0016H     UNIT         ?PR?MYSV_CALLBACK?MAIN
            CODE    31FEH     0015H     UNIT         ?PR?_M24C02_WRITE?M24C02
            CODE    3213H     0014H     UNIT         ?PR?MYUART1RXD_CALLBACK?MAIN
            CODE    3227H     0013H     UNIT         ?PR?_DELAY?FM_RADIO
            CODE    323AH     0013H     UNIT         ?PR?IIC_RADIO_START?FM_RADIO
            CODE    324DH     0012H     UNIT         ?PR?MYHALL_CALLBACK?MAIN
            CODE    325FH     0012H     UNIT         ?PR?_NVM_READ?DS1302
            CODE    3271H     0011H     UNIT         ?PR?_SETCCP0?SYS
            CODE    3282H     0010H     UNIT         ?PR?START?M24C02
            CODE    3292H     0010H     UNIT         ?PR?GETDECODE?EXT
            CODE    32A2H     0010H     UNIT         ?PR?_IRINIT?IR
            CODE    32B2H     000FH     UNIT         ?PR?_?GETVIBACT?VIB
            CODE    32C1H     000FH     UNIT         ?PR?MUSICPLAYERINIT?MUSIC
            CODE    32D0H     000FH     UNIT         ?PR?_?SYS_GET_UART2RXDEVENT?UART2
            CODE    32DFH     000FH     UNIT         ?PR?_?SYS_GET_UART1RXDEVENT?UART1
            CODE    32EEH     000EH     UNIT         ?PR?_?SYS_GET_KNEVENT?ADC
            CODE    32FCH     000EH     UNIT         ?PR?_?SYS_GET_EXTADCEVENT?ADC
            CODE    330AH     000EH     UNIT         ?PR?_?SYS_GET_HALLEVENT?HALL
            CODE    3318H     000EH     UNIT         ?PR?_?SYS_GET_KEYEVENT?KEY
            CODE    3326H     000EH     UNIT         ?PR?_?SYS_GET_SVEVENT?VIB
            CODE    3334H     000CH     UNIT         ?PR?GETBEEPSTATUS?BEEP
            CODE    3340H     000CH     UNIT         ?PR?IIC_RADIO_STOP?FM_RADIO
            CODE    334CH     000BH     UNIT         ?PR?GETUART2TXSTATUS?UART2
            CODE    3357H     000BH     UNIT         ?PR?GETUART1TXSTATUS?UART1
            CODE    3362H     0009H     UNIT         ?CO?ADC
            CODE    336BH     0009H     UNIT         ?PR?_SETDISPLAYERAREA?DISPLAYER
            CODE    3374H     0009H     UNIT         ?PR?GETBEEPTIMER?SYS
            CODE    337DH     0009H     UNIT         ?PR?_SETBEEPTIMER?SYS
            CODE    3386H     0009H     UNIT         ?PR?GETWEIGHT?EXT
            CODE    338FH     0009H     UNIT         ?PR?_SETIRRXD?IR
            CODE    3398H     0007H     UNIT         ?PR?GETADC?ADC
            CODE    339FH     0007H     UNIT         ?PR?GETSYSPERFORMANCE?SYS
            CODE    33A6H     0007H     UNIT         ?PR?RTC_READ?DS1302
            CODE    33ADH     0006H     UNIT         ?PR?ADC_ISR?ADC
            CODE    33B3H     0006H     UNIT         ?PR?_LEDPRINT?DISPLAYER
            CODE    33B9H     0006H     UNIT         ?PR?MYSTC_INIT?SYS
BL51 BANKED LINKER/LOCATER V6.22                                                      03/06/2022  11:06:22  PAGE 5


            CODE    33BFH     0006H     UNIT         ?PR?GETPLAYERMODE?MUSIC
            CODE    33C5H     0003H     UNIT         ?PR?MYKN_CALLBACK?MAIN
            CODE    33C8H     0003H     UNIT         ?PR?MYKEY_CALLBACK?MAIN
            CODE    33CBH     0003H     UNIT         ?PR?_?RET0FUNC?SYS
            CODE    33CEH     0003H     UNIT         ?PR?CLRBEEPPIN?SYS
            CODE    33D1H     0003H     UNIT         ?PR?GETIRRXNUM?IR
            CODE    33D4H     0001H     UNIT         ?PR?_?NULLFUNC?SYS
            CODE    33D5H     0001H     UNIT         ?PR?_?NULLFUNC0?UART2



OVERLAY MAP OF MODULE:   .\output\STC_DemoV35a (MAIN)


SEGMENT                                     DATA_GROUP 
  +--> CALLED SEGMENT                     START    LENGTH
---------------------------------------------------------
?C_C51STARTUP                             -----    -----
  +--> ?PR?MAIN?MAIN
  +--> ?C_INITSEG

?PR?MAIN?MAIN                             -----    -----
  +--> ?PR?KEY_INIT?KEY
  +--> ?PR?HALLINIT?HALL
  +--> ?PR?VIBINIT?VIB
  +--> ?PR?DISPLAYERINIT?DISPLAYER
  +--> ?PR?BEEPINIT?BEEP
  +--> ?PR?MUSICPLAYERINIT?MUSIC
  +--> ?PR?_ADCINIT?ADC
  +--> ?PR?STEPMOTORINIT?STEPMOTOR
  +--> ?PR?DS1302INIT?DS1302
  +--> ?PR?_IRINIT?IR
  +--> ?PR?_UART1INIT?UART1
  +--> ?PR?_UART2INIT?UART2
  +--> ?PR?MYKEY_CALLBACK?MAIN
  +--> ?PR?_SETEVENTCALLBACK?SYS
  +--> ?PR?MY1MS_CALLBACK?MAIN
  +--> ?PR?MY10MS_CALLBACK?MAIN
  +--> ?PR?MY100MS_CALLBACK?MAIN
  +--> ?PR?MY1S_CALLBACK?MAIN
  +--> ?PR?MYHALL_CALLBACK?MAIN
  +--> ?PR?MYSV_CALLBACK?MAIN
  +--> ?PR?MYKN_CALLBACK?MAIN
  +--> ?PR?MYUART1RXD_CALLBACK?MAIN
  +--> ?PR?MYUART2RXD_CALLBACK?MAIN
  +--> ?PR?MYADC_CALLBACK?MAIN
  +--> ?PR?MYIRRXD_CALLBACK?MAIN
  +--> ?PR?_SETDISPLAYERAREA?DISPLAYER
  +--> ?PR?_SETUART1RXD?UART1
  +--> ?PR?_SETUART2RXD?UART2
  +--> ?PR?_SETIRRXD?IR
  +--> ?PR?FM_NVMREAD?MAIN
  +--> ?PR?FMRADIOINIT?FM_RADIO
  +--> ?PR?_M24C02_READ?M24C02
  +--> ?PR?_LEDPRINT?DISPLAYER
  +--> ?PR?MYSTC_INIT?SYS
  +--> ?PR?MYSTC_OS?SYS
BL51 BANKED LINKER/LOCATER V6.22                                                      03/06/2022  11:06:22  PAGE 6



?PR?KEY_INIT?KEY                          -----    -----
  +--> ?PR?_?SYS_GET_KEYEVENT?KEY
  +--> ?PR?_?SYS_KEY_DRV?KEY

?PR?HALLINIT?HALL                         -----    -----
  +--> ?PR?_?SYS_GET_HALLEVENT?HALL
  +--> ?PR?_?SYS_HALL_DRV?HALL

?PR?VIBINIT?VIB                           -----    -----
  +--> ?PR?_?SYS_GET_SVEVENT?VIB
  +--> ?PR?_?SYS_SV_DRV?VIB

?PR?DISPLAYERINIT?DISPLAYER               -----    -----
  +--> ?PR?_?SYS_DISPLAY_DRV?DISPLAYER

?PR?_?SYS_DISPLAY_DRV?DISPLAYER           -----    -----
  +--> ?CO?MAIN

?PR?BEEPINIT?BEEP                         -----    -----
  +--> ?PR?CLRBEEPPIN?SYS
  +--> ?PR?_?SYS_BEEP_DRV?BEEP

?PR?_?SYS_BEEP_DRV?BEEP                   -----    -----
  +--> ?PR?GETBEEPTIMER?SYS
  +--> ?PR?_SETBEEPTIMER?SYS

?PR?MUSICPLAYERINIT?MUSIC                 -----    -----
  +--> ?PR?_?SYS_MUSIC_DRV?MUSIC

?PR?_?SYS_MUSIC_DRV?MUSIC                 -----    -----
  +--> ?PR?GETBEEPSTATUS?BEEP
  +--> ?PR?_SEG7PRINT?DISPLAYER
  +--> ?PR?_LEDPRINT?DISPLAYER
  +--> ?PR?_PLAYTONE?MUSIC

?PR?GETBEEPSTATUS?BEEP                    -----    -----
  +--> ?PR?GETBEEPTIMER?SYS

?PR?_SEG7PRINT?DISPLAYER                  0012H    0008H

?PR?_PLAYTONE?MUSIC                       0008H    0006H
  +--> ?PR?GETBEEPSTATUS?BEEP
  +--> ?CO?MUSIC
  +--> ?PR?_SETBEEP?BEEP

?PR?_SETBEEP?BEEP                         000EH    0004H
  +--> ?PR?GETBEEPTIMER?SYS
  +--> ?PR?_SETBEEPTIMER?SYS
  +--> ?CO?MAIN
  +--> ?PR?_SETCCP0?SYS
  +--> ?PR?CLRBEEPPIN?SYS

?PR?_ADCINIT?ADC                          -----    -----
  +--> ?PR?_?SYS_ADC_DRV?ADC
  +--> ?PR?_?SYS_GET_KNEVENT?ADC
  +--> ?PR?_?SYS_GET_EXTADCEVENT?ADC
BL51 BANKED LINKER/LOCATER V6.22                                                      03/06/2022  11:06:22  PAGE 7



?PR?_?SYS_ADC_DRV?ADC                     -----    -----
  +--> ?CO?ADC

?PR?STEPMOTORINIT?STEPMOTOR               -----    -----
  +--> ?PR?_?SYS_STEPMOTOR_DRV?STEPMOTOR

?PR?_?SYS_STEPMOTOR_DRV?STEPMOTOR         -----    -----
  +--> ?PR?_LEDPRINT?DISPLAYER

?PR?DS1302INIT?DS1302                     0008H    0007H
  +--> ?PR?_DS1302READ?DS1302
  +--> ?PR?_DS1302WRITE?DS1302
  +--> ?PR?_NVM_READ?DS1302
  +--> ?PR?RTC_WRITE?DS1302
  +--> ?PR?_NVM_WRITE?DS1302
  +--> ?PR?_?SYS_DS1302_DRV?DS1302

?PR?_DS1302READ?DS1302                    -----    -----
  +--> ?PR?_DS1302WRITEBYTE?DS1302
  +--> ?PR?DS1302READBYTE?DS1302

?PR?_DS1302WRITE?DS1302                   -----    -----
  +--> ?PR?_DS1302WRITEBYTE?DS1302

?PR?_NVM_READ?DS1302                      -----    -----
  +--> ?PR?_DS1302READ?DS1302

?PR?RTC_WRITE?DS1302                      000FH    0007H

?PR?_NVM_WRITE?DS1302                     -----    -----
  +--> ?PR?_DS1302WRITE?DS1302

?PR?_?SYS_DS1302_DRV?DS1302               -----    -----
  +--> ?PR?_DS1302READ?DS1302
  +--> ?PR?_DS1302WRITE?DS1302

?PR?_UART1INIT?UART1                      0008H    0004H
  +--> ?CO?MAIN
  +--> ?PR?_?SYS_GET_UART1RXDEVENT?UART1

?PR?_UART2INIT?UART2                      0008H    0005H
  +--> ?PR?_?NULLFUNC0?UART2
  +--> ?CO?MAIN
  +--> ?PR?_?SYS_GET_UART2RXDEVENT?UART2

?PR?MYKEY_CALLBACK?MAIN                   -----    -----
  +--> ?PR?DEALWITHMYKEY?MAIN

?PR?DEALWITHMYKEY?MAIN                    -----    -----
  +--> ?PR?_GETKEYACT?KEY
  +--> ?PR?_SETBEEP?BEEP
  +--> ?PR?_LEDPRINT?DISPLAYER
  +--> ?PR?_M24C02_WRITE?M24C02
  +--> ?PR?_SEG7PRINT?DISPLAYER
  +--> ?PR?_SETMUSIC?MUSIC
  +--> ?PR?_EXTINIT?EXT
BL51 BANKED LINKER/LOCATER V6.22                                                      03/06/2022  11:06:22  PAGE 8


  +--> ?CO?MAIN
  +--> ?PR?_IRPRINT?IR

?PR?_M24C02_WRITE?M24C02                  -----    -----
  +--> ?PR?START?M24C02
  +--> ?PR?_WRITEBYTE?M24C02
  +--> ?PR?RESPONS?M24C02
  +--> ?PR?STOP?M24C02

?PR?RESPONS?M24C02                        -----    -----
  +--> ?PR?_WRITEBYTE?M24C02

?PR?_SETMUSIC?MUSIC                       0009H    0008H

?PR?_EXTINIT?EXT                          -----    -----
  +--> ?PR?_?SYS_EXT_DRV?EXT

?PR?_?SYS_EXT_DRV?EXT                     -----    -----
  +--> ?PR?READCOUNT?EXT

?PR?READCOUNT?EXT                         0008H    0005H

?PR?_SETEVENTCALLBACK?SYS                 0008H    0003H

?PR?MY100MS_CALLBACK?MAIN                 -----    -----
  +--> ?PR?DEALWITHDISP?MAIN

?PR?DEALWITHDISP?MAIN                     0008H    000AH
  +--> ?PR?RTC_READ?DS1302
  +--> ?PR?GETADC?ADC
  +--> ?PR?GETULTRASONIC?SYS
  +--> ?PR?GETWEIGHT?EXT
  +--> ?PR?_SEG7PRINT?DISPLAYER

?PR?GETULTRASONIC?SYS                     0012H    0002H
  +--> ?CO?MAIN

?PR?MYHALL_CALLBACK?MAIN                  -----    -----
  +--> ?PR?GETHALLACT?HALL
  +--> ?PR?_SETBEEP?BEEP

?PR?MYSV_CALLBACK?MAIN                    -----    -----
  +--> ?PR?_?GETVIBACT?VIB
  +--> ?PR?GETPLAYERMODE?MUSIC
  +--> ?PR?_SETPLAYERMODE?MUSIC

?PR?MYKN_CALLBACK?MAIN                    -----    -----
  +--> ?PR?DEALWITHMYKN?MAIN

?PR?DEALWITHMYKN?MAIN                     0008H    0001H
  +--> ?PR?_GETADCNAVACT?ADC
  +--> ?PR?_SETBEEP?BEEP
  +--> ?PR?RTC_WRITE?DS1302
  +--> ?PR?_SETMUSIC?MUSIC
  +--> ?PR?GETPLAYERMODE?MUSIC
  +--> ?CO?MAIN
  +--> ?PR?_SETPLAYERMODE?MUSIC
BL51 BANKED LINKER/LOCATER V6.22                                                      03/06/2022  11:06:22  PAGE 9


  +--> ?PR?SETFMRADIO?FM_RADIO
  +--> ?PR?FM_NVMWRITE?MAIN
  +--> ?PR?GETSYSPERFORMANCE?SYS
  +--> ?PR?GETUART1TXSTATUS?UART1
  +--> ?PR?_UART1PRINT?UART1

?PR?SETFMRADIO?FM_RADIO                   000EH    0006H
  +--> ?PR?GETFMRADIO?FM_RADIO

?PR?GETFMRADIO?FM_RADIO                   0014H    0006H

?PR?FM_NVMWRITE?MAIN                      0009H    0006H
  +--> ?PR?_NVM_WRITE?DS1302

?PR?MYUART1RXD_CALLBACK?MAIN              -----    -----
  +--> ?PR?GETUART2TXSTATUS?UART2
  +--> ?PR?_UART2PRINT?UART2

?PR?MYUART2RXD_CALLBACK?MAIN              -----    -----
  +--> ?PR?GETIRSTATUS?IR
  +--> ?PR?_IRPRINT?IR

?PR?MYIRRXD_CALLBACK?MAIN                 -----    -----
  +--> ?PR?DEALWITHIRRXD?MAIN

?PR?DEALWITHIRRXD?MAIN                    -----    -----
  +--> ?PR?GETIRRXNUM?IR
  +--> ?PR?SETFMRADIO?FM_RADIO
  +--> ?PR?FM_NVMWRITE?MAIN
  +--> ?PR?RTC_WRITE?DS1302
  +--> ?PR?_SETBEEP?BEEP
  +--> ?PR?_UART1PRINT?UART1

?PR?_SETUART1RXD?UART1                    0008H    000AH

?PR?_SETUART2RXD?UART2                    0008H    000AH

?PR?FM_NVMREAD?MAIN                       0008H    0006H
  +--> ?CO?MAIN
  +--> ?PR?_NVM_READ?DS1302

?PR?FMRADIOINIT?FM_RADIO                  0008H    0006H
  +--> ?PR?SETFMRADIO?FM_RADIO
  +--> ?PR?_?SYS_FMRADIO_DRV?FM_RADIO

?PR?_?SYS_FMRADIO_DRV?FM_RADIO            -----    -----
  +--> ?PR?IIC_RADIO_START?FM_RADIO
  +--> ?PR?_IIC_RADIO_WRITEBYTE?FM_RADIO
  +--> ?PR?IIC_RADIO_ACK?FM_RADIO
  +--> ?PR?IIC_RADIO_STOP?FM_RADIO

?PR?IIC_RADIO_START?FM_RADIO              -----    -----
  +--> ?PR?_DELAY?FM_RADIO

?PR?_IIC_RADIO_WRITEBYTE?FM_RADIO         -----    -----
  +--> ?PR?_DELAY?FM_RADIO

BL51 BANKED LINKER/LOCATER V6.22                                                      03/06/2022  11:06:22  PAGE 10


?PR?IIC_RADIO_ACK?FM_RADIO                -----    -----
  +--> ?PR?_DELAY?FM_RADIO

?PR?IIC_RADIO_STOP?FM_RADIO               -----    -----
  +--> ?PR?_DELAY?FM_RADIO

?PR?_M24C02_READ?M24C02                   -----    -----
  +--> ?PR?START?M24C02
  +--> ?PR?RESPONS?M24C02
  +--> ?PR?_WRITEBYTE?M24C02
  +--> ?PR?READBYTE?M24C02
  +--> ?PR?STOP?M24C02

?PR?MYSTC_INIT?SYS                        -----    -----
  +--> ?PR?SYS_TIMER0_INIT?SYS

?PR?SYS_TIMER0_INIT?SYS                   -----    -----
  +--> ?CO?MAIN

?PR?MYSTC_OS?SYS                          -----    -----
  +--> ?PR?SYS_TASK_IR?SYS
  +--> ?PR?SYS_TASK_1MS?SYS
  +--> ?PR?SYS_TASK_10MS?SYS
  +--> ?PR?SYS_TASK_100MS?SYS
  +--> ?PR?SYS_TASK_1S?SYS

?C_INITSEG                                -----    -----
  +--> ?PR?_?NULLFUNC?SYS
  +--> ?PR?_?RET0FUNC?SYS



SYMBOL TABLE OF MODULE:  .\output\STC_DemoV35a (MAIN)

  VALUE           TYPE          NAME
  ----------------------------------

  -------         MODULE        MAIN
  C:0000H         SYMBOL        _ICE_DUMMY_
  C:0041H         PUBLIC        my1S_callback
  D:0080H         PUBLIC        P0
  D:0090H         PUBLIC        P1
  D:0023H         PUBLIC        Music_PM
  D:00A0H         PUBLIC        P2
  D:00B0H         PUBLIC        P3
  D:00C0H         PUBLIC        P4
  C:286DH         PUBLIC        FM_NVMread
  D:00C8H         PUBLIC        P5
  D:00E8H         PUBLIC        P6
  D:00F8H         PUBLIC        P7
  C:2328H         PUBLIC        dealwithmykey
  D:00A8H         PUBLIC        IE
  D:0024H         PUBLIC        FM
  C:33C5H         PUBLIC        myKN_callback
  C:2EF2H         PUBLIC        FM_NVMwrite
  D:00B8H         PUBLIC        IP
  C:002AH         PUBLIC        my10mS_callback
BL51 BANKED LINKER/LOCATER V6.22                                                      03/06/2022  11:06:22  PAGE 11


  D:002AH         PUBLIC        Music_tone
  C:324DH         PUBLIC        myhall_callback
  C:31E8H         PUBLIC        mySV_callback
  D:00D8H         PUBLIC        CCON
  C:136FH         PUBLIC        main
  C:1F14H         PUBLIC        SysClock
  D:0098H         PUBLIC        SCON
  D:0088H         PUBLIC        TCON
  C:1F32H         PUBLIC        song
  C:0042H         PUBLIC        myADC_callback
  C:1FCAH         SYMBOL        _?ix1000
  C:1D5FH         PUBLIC        dealwithIrRxd
  C:33C8H         PUBLIC        mykey_callback
  C:003EH         PUBLIC        my100mS_callback
  D:002BH         PUBLIC        rxd
  C:1F18H         PUBLIC        decode_table
  D:0033H         PUBLIC        funcmode
  C:0056H         PUBLIC        dealwithmyKN
  D:0034H         PUBLIC        rxdhead
  C:0026H         PUBLIC        myIrRxd_callback
  D:0036H         PUBLIC        tempadj
  D:0037H         PUBLIC        SysPer
  C:0CA5H         PUBLIC        dealwithDisp
  C:0029H         PUBLIC        my1mS_callback
  D:003CH         PUBLIC        ADCresult
  D:0046H         PUBLIC        t
  C:3213H         PUBLIC        myUart1Rxd_callback
  D:00D0H         PUBLIC        PSW
  C:000EH         PUBLIC        myUart2Rxd_callback
  -------         PROC          FM_NVMREAD
  -------         DO            
  D:0008H         SYMBOL        a
  D:0006H         SYMBOL        tempuint
  D:0007H         SYMBOL        tempuchar
  -------         ENDDO         
  C:286DH         LINE#         1
  C:286DH         LINE#         2
  C:2880H         LINE#         5
  C:289DH         LINE#         6
  C:28BFH         LINE#         7
  C:28C3H         LINE#         8
  C:28C8H         LINE#         9
  C:28D0H         LINE#         10
  C:28D6H         LINE#         11
  -------         ENDPROC       FM_NVMREAD
  -------         PROC          L?0161
  -------         ENDPROC       L?0161
  -------         PROC          FM_NVMWRITE
  D:0009H         SYMBOL        FM
  C:2EF2H         LINE#         13
  C:2EF2H         LINE#         14
  C:2EFAH         LINE#         15
  C:2F01H         LINE#         16
  -------         ENDPROC       FM_NVMWRITE
  -------         PROC          DEALWITHIRRXD
  -------         DO            
  D:0005H         SYMBOL        a1
BL51 BANKED LINKER/LOCATER V6.22                                                      03/06/2022  11:06:22  PAGE 12


  D:0003H         SYMBOL        a2
  -------         ENDDO         
  C:1D5FH         LINE#         19
  C:1D5FH         LINE#         20
  C:1D5FH         LINE#         21
  C:1D68H         LINE#         22
  C:1D85H         LINE#         23
  C:1D95H         LINE#         24
  C:1D97H         LINE#         25
  C:1D99H         LINE#         26
  C:1DD1H         LINE#         27
  C:1DD4H         LINE#         28
  C:1DEAH         LINE#         29
  C:1DEDH         LINE#         30
  C:1DEFH         LINE#         31
  C:1DF2H         LINE#         32
  C:1DF5H         LINE#         33
  C:1DF8H         LINE#         34
  C:1DF8H         LINE#         35
  C:1DFAH         LINE#         36
  C:1DFDH         LINE#         37
  C:1E00H         LINE#         38
  C:1E03H         LINE#         39
  C:1E19H         LINE#         40
  C:1E19H         LINE#         41
  C:1E19H         LINE#         42
  C:1E19H         LINE#         43
  C:1E1FH         LINE#         44
  C:1E21H         LINE#         45
  C:1E23H         LINE#         46
  C:1E2EH         LINE#         47
  C:1E3BH         LINE#         48
  C:1E3BH         LINE#         49
  -------         ENDPROC       DEALWITHIRRXD
  -------         PROC          DEALWITHDISP
  -------         DO            
  D:0008H         SYMBOL        d0
  D:0009H         SYMBOL        d1
  D:000AH         SYMBOL        d2
  D:000BH         SYMBOL        d3
  D:000CH         SYMBOL        d4
  D:000DH         SYMBOL        d5
  D:000EH         SYMBOL        d6
  D:000FH         SYMBOL        d7
  D:0010H         SYMBOL        a
  D:0022H         SYMBOL        ct100mS
  -------         ENDDO         
  C:0CA5H         LINE#         51
  C:0CA5H         LINE#         52
  C:0CA5H         LINE#         56
  C:0CAEH         LINE#         57
  C:0CB4H         LINE#         58
  C:0CDAH         LINE#         59
  C:0CEEH         LINE#         60
  C:0CF5H         LINE#         61
  C:0CFBH         LINE#         62
  C:0CFEH         LINE#         63
BL51 BANKED LINKER/LOCATER V6.22                                                      03/06/2022  11:06:22  PAGE 13


  C:0D05H         LINE#         64
  C:0D0BH         LINE#         65
  C:0D0EH         LINE#         66
  C:0D15H         LINE#         67
  C:0D17H         LINE#         68
  C:0D19H         LINE#         69
  C:0D2DH         LINE#         70
  C:0D34H         LINE#         71
  C:0D3AH         LINE#         72
  C:0D3DH         LINE#         73
  C:0D44H         LINE#         74
  C:0D4AH         LINE#         75
  C:0D4DH         LINE#         76
  C:0D54H         LINE#         77
  C:0D5AH         LINE#         78
  C:0D5DH         LINE#         79
  C:0D6DH         LINE#         80
  C:0D7AH         LINE#         81
  C:0D8EH         LINE#         82
  C:0D9BH         LINE#         83
  C:0D9EH         LINE#         84
  C:0DA1H         LINE#         85
  C:0DAEH         LINE#         86
  C:0DC2H         LINE#         87
  C:0DC6H         LINE#         88
  C:0DC8H         LINE#         89
  C:0DD5H         LINE#         90
  C:0DDEH         LINE#         91
  C:0DE1H         LINE#         92
  C:0DE4H         LINE#         93
  C:0DF8H         LINE#         94
  C:0E0CH         LINE#         95
  C:0E23H         LINE#         96
  C:0E30H         LINE#         97
  C:0E33H         LINE#         98
  C:0E3AH         LINE#         99
  C:0E3DH         LINE#         100
  C:0E40H         LINE#         101
  C:0E43H         LINE#         102
  C:0E46H         LINE#         103
  C:0E56H         LINE#         104
  C:0E65H         LINE#         105
  C:0E75H         LINE#         106
  C:0E75H         LINE#         107
  C:0E75H         LINE#         108
  C:0E75H         LINE#         109
  C:0E77H         LINE#         110
  C:0E7EH         LINE#         111
  C:0E81H         LINE#         112
  C:0E84H         LINE#         113
  C:0E9EH         LINE#         114
  C:0EBAH         LINE#         115
  C:0ED6H         LINE#         116
  C:0EF2H         LINE#         117
  C:0EFFH         LINE#         118
  C:0F0CH         LINE#         119
  C:0F0CH         LINE#         120
BL51 BANKED LINKER/LOCATER V6.22                                                      03/06/2022  11:06:22  PAGE 14


  C:0F0CH         LINE#         121
  C:0F0CH         LINE#         123
  C:0F13H         LINE#         124
  C:0F20H         LINE#         125
  C:0F28H         LINE#         126
  C:0F30H         LINE#         127
  C:0F36H         LINE#         128
  C:0F36H         LINE#         129
  C:0F36H         LINE#         130
  C:0F4EH         LINE#         131
  -------         ENDPROC       DEALWITHDISP
  -------         PROC          DEALWITHMYKN
  -------         DO            
  D:0008H         SYMBOL        a
  -------         ENDDO         
  C:0056H         LINE#         133
  C:0056H         LINE#         134
  C:0056H         LINE#         135
  C:0072H         LINE#         136
  C:0090H         LINE#         137
  C:00AEH         LINE#         138
  C:00D2H         LINE#         139
  C:00DEH         LINE#         140
  C:00F3H         LINE#         141
  C:00FEH         LINE#         142
  C:00FEH         LINE#         143
  C:0115H         LINE#         144
  C:0121H         LINE#         145
  C:0136H         LINE#         146
  C:0141H         LINE#         147
  C:0141H         LINE#         148
  C:0158H         LINE#         149
  C:0164H         LINE#         150
  C:0179H         LINE#         151
  C:0184H         LINE#         152
  C:0184H         LINE#         153
  C:0184H         LINE#         154
  C:01A8H         LINE#         155
  C:01B1H         LINE#         156
  C:01C6H         LINE#         157
  C:01D1H         LINE#         158
  C:01D1H         LINE#         159
  C:01E8H         LINE#         160
  C:01F1H         LINE#         161
  C:0206H         LINE#         162
  C:0211H         LINE#         163
  C:0211H         LINE#         164
  C:0228H         LINE#         165
  C:0231H         LINE#         166
  C:0246H         LINE#         167
  C:0251H         LINE#         168
  C:0251H         LINE#         169
  C:0251H         LINE#         170
  C:0268H         LINE#         171
  C:026FH         LINE#         172
  C:026FH         LINE#         173
  C:026FH         LINE#         174
BL51 BANKED LINKER/LOCATER V6.22                                                      03/06/2022  11:06:22  PAGE 15


  C:026FH         LINE#         175
  C:026FH         LINE#         176
  C:0272H         LINE#         177
  C:0290H         LINE#         178
  C:02AEH         LINE#         179
  C:02D2H         LINE#         180
  C:02DEH         LINE#         181
  C:02F3H         LINE#         182
  C:02FEH         LINE#         183
  C:02FEH         LINE#         184
  C:0315H         LINE#         185
  C:0321H         LINE#         186
  C:0336H         LINE#         187
  C:0341H         LINE#         188
  C:0341H         LINE#         189
  C:0358H         LINE#         190
  C:0364H         LINE#         191
  C:0379H         LINE#         192
  C:0384H         LINE#         193
  C:0384H         LINE#         194
  C:0384H         LINE#         195
  C:03A8H         LINE#         196
  C:03B1H         LINE#         197
  C:03C6H         LINE#         198
  C:03D1H         LINE#         199
  C:03D1H         LINE#         200
  C:03E8H         LINE#         201
  C:03F2H         LINE#         202
  C:0407H         LINE#         203
  C:0412H         LINE#         204
  C:0412H         LINE#         205
  C:0429H         LINE#         206
  C:0433H         LINE#         207
  C:0448H         LINE#         208
  C:0453H         LINE#         209
  C:0453H         LINE#         210
  C:0453H         LINE#         211
  C:046AH         LINE#         212
  C:0474H         LINE#         213
  C:0477H         LINE#         214
  C:048AH         LINE#         215
  C:048AH         LINE#         216
  C:048AH         LINE#         217
  C:048DH         LINE#         218
  C:04A2H         LINE#         219
  C:04B7H         LINE#         220
  C:04C8H         LINE#         221
  C:04D9H         LINE#         222
  C:04EDH         LINE#         223
  C:04FAH         LINE#         224
  C:0504H         LINE#         226
  C:0520H         LINE#         227
  C:0525H         LINE#         228
  C:0525H         LINE#         229
  C:0528H         LINE#         230
  C:0543H         LINE#         231
  C:055EH         LINE#         232
BL51 BANKED LINKER/LOCATER V6.22                                                      03/06/2022  11:06:22  PAGE 16


  C:056FH         LINE#         233
  C:0580H         LINE#         234
  C:0596H         LINE#         235
  C:05A1H         LINE#         236
  C:05A1H         LINE#         237
  C:05A1H         LINE#         238
  C:05A1H         LINE#         240
  C:05ABH         LINE#         241
  C:05BBH         LINE#         242
  C:05CCH         LINE#         243
  C:05D7H         LINE#         244
  C:05D7H         LINE#         245
  -------         ENDPROC       DEALWITHMYKN
  -------         PROC          DEALWITHMYKEY
  C:2328H         LINE#         247
  C:2328H         LINE#         248
  C:2328H         LINE#         249
  C:2332H         LINE#         250
  C:233CH         LINE#         251
  C:2348H         LINE#         252
  C:234DH         LINE#         253
  C:2354H         LINE#         254
  C:2371H         LINE#         255
  C:2389H         LINE#         256
  C:2393H         LINE#         257
  C:239DH         LINE#         258
  C:239DH         LINE#         260
  C:23A5H         LINE#         261
  C:23B0H         LINE#         262
  C:23BBH         LINE#         263
  C:23BBH         LINE#         264
  -------         ENDPROC       DEALWITHMYKEY
  -------         PROC          MYUART1RXD_CALLBACK
  C:3213H         LINE#         90
  C:3213H         LINE#         91
  C:3219H         LINE#         92
  C:321BH         LINE#         93
  C:3226H         LINE#         94
  C:3226H         LINE#         95
  -------         ENDPROC       MYUART1RXD_CALLBACK
  -------         PROC          MYUART2RXD_CALLBACK
  C:000EH         LINE#         97
  C:000EH         LINE#         98
  C:0014H         LINE#         99
  C:0018H         LINE#         100
  C:0022H         LINE#         101
  C:0022H         LINE#         102
  -------         ENDPROC       MYUART2RXD_CALLBACK
  -------         PROC          MYIRRXD_CALLBACK
  C:0026H         LINE#         104
  C:0026H         LINE#         105
  -------         ENDPROC       MYIRRXD_CALLBACK
  -------         PROC          MY1MS_CALLBACK
  C:0029H         LINE#         108
  C:0029H         LINE#         109
  C:0029H         LINE#         110
  -------         ENDPROC       MY1MS_CALLBACK
BL51 BANKED LINKER/LOCATER V6.22                                                      03/06/2022  11:06:22  PAGE 17


  -------         PROC          MY10MS_CALLBACK
  C:002AH         LINE#         112
  C:002AH         LINE#         113
  C:002AH         LINE#         114
  -------         ENDPROC       MY10MS_CALLBACK
  -------         PROC          MY100MS_CALLBACK
  C:003EH         LINE#         116
  C:003EH         LINE#         117
  -------         ENDPROC       MY100MS_CALLBACK
  -------         PROC          MY1S_CALLBACK
  C:0041H         LINE#         120
  C:0041H         LINE#         121
  C:0041H         LINE#         122
  -------         ENDPROC       MY1S_CALLBACK
  -------         PROC          MYADC_CALLBACK
  C:0042H         LINE#         124
  C:0042H         LINE#         125
  C:0042H         LINE#         126
  -------         ENDPROC       MYADC_CALLBACK
  -------         PROC          MYKN_CALLBACK
  C:33C5H         LINE#         128
  C:33C5H         LINE#         129
  -------         ENDPROC       MYKN_CALLBACK
  -------         PROC          MYKEY_CALLBACK
  C:33C8H         LINE#         132
  C:33C8H         LINE#         133
  -------         ENDPROC       MYKEY_CALLBACK
  -------         PROC          MYHALL_CALLBACK
  C:324DH         LINE#         136
  C:324DH         LINE#         137
  C:325EH         LINE#         138
  -------         ENDPROC       MYHALL_CALLBACK
  -------         PROC          MYSV_CALLBACK
  C:31E8H         LINE#         140
  C:31E8H         LINE#         141
  C:31EEH         LINE#         142
  C:31F8H         LINE#         143
  C:31FDH         LINE#         144
  -------         ENDPROC       MYSV_CALLBACK
  -------         PROC          MAIN
  C:136FH         LINE#         147
  C:136FH         LINE#         153
  C:1372H         LINE#         154
  C:1375H         LINE#         155
  C:1378H         LINE#         156
  C:137BH         LINE#         157
  C:137EH         LINE#         158
  C:1381H         LINE#         159
  C:1386H         LINE#         160
  C:1389H         LINE#         161
  C:139FH         LINE#         163
  C:13A4H         LINE#         169
  C:13AFH         LINE#         171
  C:13BDH         LINE#         175
  C:13C8H         LINE#         176
  C:13D3H         LINE#         177
  C:13DEH         LINE#         178
BL51 BANKED LINKER/LOCATER V6.22                                                      03/06/2022  11:06:22  PAGE 18


  C:13E9H         LINE#         179
  C:13F4H         LINE#         180
  C:13FFH         LINE#         181
  C:140AH         LINE#         182
  C:1415H         LINE#         183
  C:1420H         LINE#         184
  C:142BH         LINE#         185
  C:1436H         LINE#         186
  C:1441H         LINE#         189
  C:1448H         LINE#         190
  C:1464H         LINE#         191
  C:1480H         LINE#         192
  C:148BH         LINE#         195
  C:149BH         LINE#         196
  C:14B1H         LINE#         198
  C:14B4H         LINE#         199
  C:14B7H         LINE#         200
  C:14BEH         LINE#         201
  C:14C1H         LINE#         204
  C:14C4H         LINE#         205
  C:14C4H         LINE#         206
  C:14C7H         LINE#         212
  -------         ENDPROC       MAIN
  -------         ENDMOD        MAIN

  -------         MODULE        ADC
  C:0000H         SYMBOL        _ICE_DUMMY_
  D:0080H         PUBLIC        P0
  D:0090H         PUBLIC        P1
  D:00A0H         PUBLIC        P2
  C:32EEH         PUBLIC        _?sys_get_KNEvent
  D:0068H         PUBLIC        sys_EXTADCEvent
  D:00B0H         PUBLIC        P3
  D:00C0H         PUBLIC        P4
  D:00C8H         PUBLIC        P5
  D:00E8H         PUBLIC        P6
  D:00F8H         PUBLIC        P7
  B:00A8H.5       PUBLIC        EADC
  D:00A8H         PUBLIC        IE
  D:00BDH         PUBLIC        ADC_RES
  D:00B8H         PUBLIC        IP
  D:0097H         PUBLIC        CLK_DIV
  C:2DF6H         PUBLIC        _AdcInit
  D:00D8H         PUBLIC        CCON
  C:32FCH         PUBLIC        _?sys_get_EXTADCEvent
  X:0070H         PUBLIC        AD_res
  D:00BCH         PUBLIC        ADC_CONTR
  D:0098H         PUBLIC        SCON
  D:0088H         PUBLIC        TCON
  C:11C3H         PUBLIC        _?sys_ADC_drv
  B:0021H.4       PUBLIC        flag_ADC
  X:007AH         PUBLIC        sys_KN
  D:009DH         PUBLIC        P1ASF
  D:0069H         PUBLIC        sys_KNEvent
  D:00BEH         PUBLIC        ADC_RESL
  C:3398H         PUBLIC        GetADC
  C:2B18H         PUBLIC        _GetAdcNavAct
BL51 BANKED LINKER/LOCATER V6.22                                                      03/06/2022  11:06:22  PAGE 19


  C:33ADH         PUBLIC        ADC_isr
  D:00D0H         PUBLIC        PSW
  -------         PROC          ADC_ISR
  C:33ADH         LINE#         26
  C:33ADH         LINE#         27
  C:33B0H         LINE#         28
  C:33B2H         LINE#         29
  -------         ENDPROC       ADC_ISR
  -------         PROC          _?SYS_ADC_DRV
  -------         DO            
  X:006EH         SYMBOL        pc
  X:006FH         SYMBOL        counter
  i:0000H         SYMBOL        i
  C:3362H         SYMBOL        ADC_ch
  -------         ENDDO         
  C:11C3H         LINE#         31
  C:11C5H         LINE#         35
  C:11CBH         LINE#         36
  C:11CDH         LINE#         37
  C:11FBH         LINE#         38
  C:11FBH         LINE#         39
  C:11FBH         LINE#         40
  C:120BH         LINE#         41
  C:120DH         LINE#         42
  C:120DH         LINE#         43
  C:120DH         LINE#         44
  C:1221H         LINE#         45
  C:1224H         LINE#         46
  C:1227H         LINE#         47
  C:1237H         LINE#         48
  C:1239H         LINE#         49
  C:124DH         LINE#         50
  C:1250H         LINE#         51
  C:1264H         LINE#         52
  C:1277H         LINE#         53
  C:128FH         LINE#         54
  C:129AH         LINE#         55
  C:129DH         LINE#         56
  C:12ADH         LINE#         57
  C:12C1H         LINE#         58
  C:12D6H         LINE#         59
  C:12E7H         LINE#         60
  C:12E9H         LINE#         61
  C:12E9H         LINE#         62
  C:12EBH         LINE#         64
  C:1302H         LINE#         65
  C:1313H         LINE#         66
  C:1316H         LINE#         67
  C:1316H         LINE#         68
  C:1316H         LINE#         69
  C:1339H         LINE#         70
  C:134AH         LINE#         71
  C:134EH         LINE#         72
  C:134EH         LINE#         73
  C:134EH         LINE#         74
  C:1354H         LINE#         75
  C:1354H         LINE#         76
BL51 BANKED LINKER/LOCATER V6.22                                                      03/06/2022  11:06:22  PAGE 20


  C:1354H         LINE#         77
  C:1360H         LINE#         78
  C:136CH         LINE#         79
  C:136CH         LINE#         80
  -------         ENDPROC       _?SYS_ADC_DRV
  -------         PROC          _?SYS_GET_KNEVENT
  -------         DO            
  i:0000H         SYMBOL        a
  -------         ENDDO         
  C:32EEH         LINE#         82
  C:32F0H         LINE#         84
  C:32F4H         LINE#         85
  C:32F7H         LINE#         86
  C:32F9H         LINE#         87
  -------         ENDPROC       _?SYS_GET_KNEVENT
  -------         PROC          _?SYS_GET_EXTADCEVENT
  -------         DO            
  i:0000H         SYMBOL        a
  -------         ENDDO         
  C:32FCH         LINE#         89
  C:32FEH         LINE#         91
  C:3302H         LINE#         92
  C:3305H         LINE#         93
  C:3307H         LINE#         94
  -------         ENDPROC       _?SYS_GET_EXTADCEVENT
  -------         PROC          _ADCINIT
  D:0007H         SYMBOL        ADCsel
  C:2DF6H         LINE#         96
  C:2DF6H         LINE#         97
  C:2DF6H         LINE#         98
  C:2DF8H         LINE#         99
  C:2DFBH         LINE#         100
  C:2DFEH         LINE#         101
  C:2E00H         LINE#         102
  C:2E0EH         LINE#         103
  C:2E1AH         LINE#         104
  C:2E26H         LINE#         105
  -------         ENDPROC       _ADCINIT
  -------         PROC          GETADC
  C:3398H         LINE#         107
  C:3398H         LINE#         108
  C:339EH         LINE#         109
  -------         ENDPROC       GETADC
  -------         PROC          _GETADCNAVACT
  D:0007H         SYMBOL        Nav_button
  -------         DO            
  D:0006H         SYMBOL        a
  -------         ENDDO         
  C:2B18H         LINE#         111
  C:2B18H         LINE#         112
  C:2B18H         LINE#         113
  C:2B28H         LINE#         114
  C:2B43H         LINE#         115
  C:2B58H         LINE#         116
  C:2B5BH         LINE#         117
  C:2B5BH         LINE#         118
  C:2B5DH         LINE#         119
BL51 BANKED LINKER/LOCATER V6.22                                                      03/06/2022  11:06:22  PAGE 21


  -------         ENDPROC       _GETADCNAVACT
  -------         ENDMOD        ADC

  -------         MODULE        BEEP
  C:0000H         SYMBOL        _ICE_DUMMY_
  D:0080H         PUBLIC        P0
  D:00B2H         PUBLIC        P3M0
  D:0090H         PUBLIC        P1
  D:00B1H         PUBLIC        P3M1
  D:00A0H         PUBLIC        P2
  D:00B0H         PUBLIC        P3
  D:00C0H         PUBLIC        P4
  D:00C8H         PUBLIC        P5
  D:00E8H         PUBLIC        P6
  D:00F8H         PUBLIC        P7
  D:00F9H         PUBLIC        CH
  C:2F31H         PUBLIC        _?sys_beep_drv
  D:00A8H         PUBLIC        IE
  D:00E9H         PUBLIC        CL
  C:3060H         PUBLIC        BeepInit
  B:00D8H.6       PUBLIC        CR
  D:00DAH         PUBLIC        CCAPM0
  D:00B8H         PUBLIC        IP
  D:00D9H         PUBLIC        CMOD
  D:00D8H         PUBLIC        CCON
  C:3334H         PUBLIC        GetBeepStatus
  C:2707H         PUBLIC        _SetBeep
  D:0098H         PUBLIC        SCON
  D:0088H         PUBLIC        TCON
  D:00D0H         PUBLIC        PSW
  B:00D8H.0       PUBLIC        CCF0
  -------         PROC          _?SYS_BEEP_DRV
  -------         DO            
  i:0000H         SYMBOL        a
  -------         ENDDO         
  C:2F31H         LINE#         11
  C:2F35H         LINE#         13
  C:2F3FH         LINE#         14
  C:2F54H         LINE#         15
  -------         ENDPROC       _?SYS_BEEP_DRV
  -------         PROC          BEEPINIT
  C:3060H         LINE#         17
  C:3060H         LINE#         18
  C:3060H         LINE#         19
  C:3063H         LINE#         20
  C:3066H         LINE#         21
  C:3069H         LINE#         22
  C:306CH         LINE#         23
  C:306FH         LINE#         24
  C:3071H         LINE#         25
  C:307FH         LINE#         26
  -------         ENDPROC       BEEPINIT
  -------         PROC          _SETBEEP
  D:000EH         SYMBOL        Beep_freq
  D:0010H         SYMBOL        Beep_time
  -------         DO            
  D:0002H         SYMBOL        a
BL51 BANKED LINKER/LOCATER V6.22                                                      03/06/2022  11:06:22  PAGE 22


  D:0004H         SYMBOL        b
  -------         ENDDO         
  C:2707H         LINE#         28
  C:270FH         LINE#         29
  C:270FH         LINE#         31
  C:2716H         LINE#         32
  C:271DH         LINE#         33
  C:2728H         LINE#         34
  C:2751H         LINE#         35
  C:2765H         LINE#         36
  C:276CH         LINE#         37
  C:276EH         LINE#         38
  C:2771H         LINE#         39
  C:2773H         LINE#         41
  C:2776H         LINE#         42
  C:2779H         LINE#         43
  C:2779H         LINE#         44
  C:277CH         LINE#         45
  C:277CH         LINE#         46
  C:277EH         LINE#         47
  -------         ENDPROC       _SETBEEP
  -------         PROC          GETBEEPSTATUS
  C:3334H         LINE#         49
  C:3334H         LINE#         50
  C:333DH         LINE#         51
  C:333FH         LINE#         52
  -------         ENDPROC       GETBEEPSTATUS
  -------         ENDMOD        BEEP

  -------         MODULE        DISPLAYER
  C:0000H         SYMBOL        _ICE_DUMMY_
  D:0093H         PUBLIC        P0M1
  D:0096H         PUBLIC        P2M0
  D:0080H         PUBLIC        P0
  D:0095H         PUBLIC        P2M1
  D:0090H         PUBLIC        P1
  D:00A0H         PUBLIC        P2
  D:00B0H         PUBLIC        P3
  D:00C0H         PUBLIC        P4
  D:00C8H         PUBLIC        P5
  D:00E8H         PUBLIC        P6
  D:00F8H         PUBLIC        P7
  D:00A8H         PUBLIC        IE
  D:00B8H         PUBLIC        IP
  D:00D8H         PUBLIC        CCON
  C:33B3H         PUBLIC        _LedPrint
  B:00A0H.0       PUBLIC        P20
  B:00A0H.1       PUBLIC        P21
  D:0098H         PUBLIC        SCON
  B:00A0H.2       PUBLIC        P22
  D:0088H         PUBLIC        TCON
  B:00A0H.3       PUBLIC        P23
  C:316BH         PUBLIC        DisplayerInit
  X:00E0H         PUBLIC        sys_Disp
  C:336BH         PUBLIC        _SetDisplayerArea
  C:3080H         PUBLIC        _Seg7Print
  C:1B8FH         PUBLIC        _?sys_display_drv
BL51 BANKED LINKER/LOCATER V6.22                                                      03/06/2022  11:06:22  PAGE 23


  D:00D0H         PUBLIC        PSW
  D:0094H         PUBLIC        P0M0
  -------         PROC          _?SYS_DISPLAY_DRV
  C:1B8FH         LINE#         16
  C:1B8FH         LINE#         18
  C:1B92H         LINE#         19
  C:1BBBH         LINE#         20
  C:1BC1H         LINE#         21
  C:1BC7H         LINE#         22
  C:1BCDH         LINE#         23
  C:1BD3H         LINE#         24
  C:1BDDH         LINE#         25
  C:1BE7H         LINE#         26
  C:1BF1H         LINE#         27
  C:1BFBH         LINE#         28
  C:1BFDH         LINE#         29
  C:1BFDH         LINE#         30
  C:1C05H         LINE#         31
  C:1C2EH         LINE#         33
  C:1C49H         LINE#         34
  C:1C4CH         LINE#         35
  C:1C4CH         LINE#         36
  C:1C63H         LINE#         37
  C:1C6FH         LINE#         39
  C:1C77H         LINE#         40
  -------         ENDPROC       _?SYS_DISPLAY_DRV
  -------         PROC          DISPLAYERINIT
  C:316BH         LINE#         42
  C:316BH         LINE#         43
  C:316BH         LINE#         44
  C:316EH         LINE#         45
  C:3171H         LINE#         46
  C:3174H         LINE#         47
  C:3177H         LINE#         48
  C:3185H         LINE#         49
  -------         ENDPROC       DISPLAYERINIT
  -------         PROC          _SETDISPLAYERAREA
  D:0007H         SYMBOL        Begin_of_scan
  D:0005H         SYMBOL        Ending_of_Scan
  C:336BH         LINE#         51
  C:336BH         LINE#         52
  C:3370H         LINE#         53
  C:3373H         LINE#         54
  -------         ENDPROC       _SETDISPLAYERAREA
  -------         PROC          _SEG7PRINT
  D:0007H         SYMBOL        d0
  D:0005H         SYMBOL        d1
  D:0003H         SYMBOL        d2
  D:0015H         SYMBOL        d3
  D:0016H         SYMBOL        d4
  D:0017H         SYMBOL        d5
  D:0018H         SYMBOL        d6
  D:0019H         SYMBOL        d7
  C:3080H         LINE#         56
  C:3080H         LINE#         57
  C:3085H         LINE#         58
  C:3088H         LINE#         59
BL51 BANKED LINKER/LOCATER V6.22                                                      03/06/2022  11:06:22  PAGE 24


  C:308BH         LINE#         60
  C:308FH         LINE#         61
  C:3093H         LINE#         62
  C:3097H         LINE#         63
  C:309BH         LINE#         64
  C:309FH         LINE#         65
  -------         ENDPROC       _SEG7PRINT
  -------         PROC          _LEDPRINT
  D:0007H         SYMBOL        led_val
  C:33B3H         LINE#         67
  C:33B3H         LINE#         68
  C:33B8H         LINE#         69
  -------         ENDPROC       _LEDPRINT
  -------         ENDMOD        DISPLAYER

  -------         MODULE        HALL
  C:0000H         SYMBOL        _ICE_DUMMY_
  D:0080H         PUBLIC        P0
  D:0090H         PUBLIC        P1
  D:00A0H         PUBLIC        P2
  D:00B0H         PUBLIC        P3
  D:00C0H         PUBLIC        P4
  D:00C8H         PUBLIC        P5
  D:00E8H         PUBLIC        P6
  D:00F8H         PUBLIC        P7
  X:0116H         PUBLIC        hall_Event
  C:330AH         PUBLIC        _?sys_get_hallEvent
  D:00A8H         PUBLIC        IE
  C:2B5EH         PUBLIC        _?sys_hall_drv
  D:00B8H         PUBLIC        IP
  C:30C0H         PUBLIC        HallInit
  B:0090H.2       PUBLIC        IO_hall
  D:00D8H         PUBLIC        CCON
  D:0098H         PUBLIC        SCON
  D:0088H         PUBLIC        TCON
  C:0003H         PUBLIC        GetHallAct
  D:006AH         PUBLIC        sys_hallEvent
  D:00D0H         PUBLIC        PSW
  -------         PROC          _?SYS_HALL_DRV
  -------         DO            
  X:0113H         SYMBOL        counter
  X:0114H         SYMBOL        hall_count
  X:0115H         SYMBOL        hall_last_count
  -------         ENDDO         
  C:2B5EH         LINE#         14
  C:2B5EH         LINE#         19
  C:2B67H         LINE#         20
  C:2B6FH         LINE#         21
  C:2B72H         LINE#         22
  C:2B7AH         LINE#         23
  C:2B80H         LINE#         24
  C:2B84H         LINE#         25
  C:2B86H         LINE#         26
  C:2B86H         LINE#         27
  C:2B88H         LINE#         29
  C:2B91H         LINE#         30
  C:2B95H         LINE#         31
BL51 BANKED LINKER/LOCATER V6.22                                                      03/06/2022  11:06:22  PAGE 25


  C:2B98H         LINE#         32
  C:2B98H         LINE#         33
  C:2B98H         LINE#         34
  C:2B9DH         LINE#         35
  C:2BA3H         LINE#         36
  C:2BA3H         LINE#         37
  -------         ENDPROC       _?SYS_HALL_DRV
  -------         PROC          _?SYS_GET_HALLEVENT
  -------         DO            
  i:0000H         SYMBOL        a
  -------         ENDDO         
  C:330AH         LINE#         39
  C:330CH         LINE#         41
  C:3310H         LINE#         42
  C:3313H         LINE#         43
  C:3315H         LINE#         44
  -------         ENDPROC       _?SYS_GET_HALLEVENT
  -------         PROC          HALLINIT
  C:30C0H         LINE#         46
  C:30C0H         LINE#         47
  C:30C0H         LINE#         48
  C:30CEH         LINE#         49
  C:30DCH         LINE#         50
  -------         ENDPROC       HALLINIT
  -------         PROC          GETHALLACT
  -------         DO            
  D:0007H         SYMBOL        a
  -------         ENDDO         
  C:0003H         LINE#         52
  C:0003H         LINE#         53
  C:0003H         LINE#         54
  C:0008H         LINE#         55
  C:000AH         LINE#         56
  C:000AH         LINE#         57
  -------         ENDPROC       GETHALLACT
  -------         ENDMOD        HALL

  -------         MODULE        KEY
  C:0000H         SYMBOL        _ICE_DUMMY_
  D:0080H         PUBLIC        P0
  D:0090H         PUBLIC        P1
  D:00A0H         PUBLIC        P2
  D:00B0H         PUBLIC        P3
  D:00C0H         PUBLIC        P4
  D:00C8H         PUBLIC        P5
  D:00E8H         PUBLIC        P6
  D:00F8H         PUBLIC        P7
  D:00A8H         PUBLIC        IE
  D:006BH         PUBLIC        sys_keyEvent
  D:00B8H         PUBLIC        IP
  C:30DDH         PUBLIC        Key_Init
  D:00D8H         PUBLIC        CCON
  C:3318H         PUBLIC        _?sys_get_keyEvent
  D:0098H         PUBLIC        SCON
  D:0088H         PUBLIC        TCON
  C:173FH         PUBLIC        _?sys_key_drv
  B:00B0H.2       PUBLIC        IO_Key1
BL51 BANKED LINKER/LOCATER V6.22                                                      03/06/2022  11:06:22  PAGE 26


  B:00B0H.3       PUBLIC        IO_Key2
  B:0090H.7       PUBLIC        IO_Key3
  C:2C2CH         PUBLIC        _GetKeyAct
  X:00F8H         PUBLIC        sys_Key
  D:00D0H         PUBLIC        PSW
  -------         PROC          _?SYS_KEY_DRV
  -------         DO            
  i:0000H         SYMBOL        i
  X:00F7H         SYMBOL        counter
  -------         ENDDO         
  C:173FH         LINE#         28
  C:1741H         LINE#         31
  C:174AH         LINE#         32
  C:1753H         LINE#         33
  C:175CH         LINE#         34
  C:1767H         LINE#         35
  C:176AH         LINE#         36
  C:177CH         LINE#         37
  C:179AH         LINE#         38
  C:17B3H         LINE#         39
  C:17CFH         LINE#         40
  C:17D1H         LINE#         41
  C:17D1H         LINE#         42
  C:17D3H         LINE#         44
  C:17F4H         LINE#         45
  C:180AH         LINE#         46
  C:180DH         LINE#         47
  C:180DH         LINE#         48
  C:180DH         LINE#         49
  C:1840H         LINE#         50
  C:185BH         LINE#         51
  C:185FH         LINE#         52
  C:185FH         LINE#         53
  -------         ENDPROC       _?SYS_KEY_DRV
  -------         PROC          _?SYS_GET_KEYEVENT
  -------         DO            
  i:0000H         SYMBOL        a
  -------         ENDDO         
  C:3318H         LINE#         55
  C:331AH         LINE#         57
  C:331EH         LINE#         58
  C:3321H         LINE#         59
  C:3323H         LINE#         60
  -------         ENDPROC       _?SYS_GET_KEYEVENT
  -------         PROC          KEY_INIT
  C:30DDH         LINE#         62
  C:30DDH         LINE#         63
  C:30DDH         LINE#         64
  C:30EBH         LINE#         65
  C:30F9H         LINE#         66
  -------         ENDPROC       KEY_INIT
  -------         PROC          _GETKEYACT
  D:0007H         SYMBOL        Key
  -------         DO            
  D:0006H         SYMBOL        a
  -------         ENDDO         
  C:2C2CH         LINE#         68
BL51 BANKED LINKER/LOCATER V6.22                                                      03/06/2022  11:06:22  PAGE 27


  C:2C2CH         LINE#         69
  C:2C2CH         LINE#         70
  C:2C36H         LINE#         71
  C:2C51H         LINE#         72
  C:2C66H         LINE#         73
  C:2C69H         LINE#         74
  C:2C69H         LINE#         75
  C:2C6BH         LINE#         76
  -------         ENDPROC       _GETKEYACT
  -------         ENDMOD        KEY

  -------         MODULE        STEPMOTOR
  C:0000H         SYMBOL        _ICE_DUMMY_
  D:0080H         PUBLIC        P0
  D:0090H         PUBLIC        P1
  D:00B4H         PUBLIC        P4M0
  D:00A0H         PUBLIC        P2
  D:00B3H         PUBLIC        P4M1
  D:00B0H         PUBLIC        P3
  D:00C0H         PUBLIC        P4
  D:00C8H         PUBLIC        P5
  D:00E8H         PUBLIC        P6
  D:00F8H         PUBLIC        P7
  D:00A8H         PUBLIC        IE
  D:00B8H         PUBLIC        IP
  X:00BBH         PUBLIC        SM
  C:0F4FH         PUBLIC        _?sys_StepMotor_drv
  D:00D8H         PUBLIC        CCON
  D:0098H         PUBLIC        SCON
  D:0088H         PUBLIC        TCON
  C:31B8H         PUBLIC        StepMotorInit
  C:2A89H         PUBLIC        _EmStop
  C:2DC4H         PUBLIC        _GetStepMotorStatus
  C:2086H         PUBLIC        _SetStepMotor
  B:00C0H.1       PUBLIC        SM1_1
  B:00C0H.2       PUBLIC        SM1_2
  B:00C0H.3       PUBLIC        SM1_3
  B:00C0H.4       PUBLIC        SM1_4
  D:00D0H         PUBLIC        PSW
  -------         PROC          _?SYS_STEPMOTOR_DRV
  -------         DO            
  i:0000H         SYMBOL        i
  X:00BAH         SYMBOL        SM23
  -------         ENDDO         
  C:0F4FH         LINE#         20
  C:0F51H         LINE#         23
  C:0F63H         LINE#         24
  C:0FA2H         LINE#         25
  C:0FCAH         LINE#         26
  C:0FFAH         LINE#         27
  C:1020H         LINE#         28
  C:1042H         LINE#         29
  C:1074H         LINE#         30
  C:1076H         LINE#         32
  C:1099H         LINE#         33
  C:10D1H         LINE#         34
  C:10D1H         LINE#         35
BL51 BANKED LINKER/LOCATER V6.22                                                      03/06/2022  11:06:22  PAGE 28


  C:1101H         LINE#         36
  C:110FH         LINE#         37
  C:1115H         LINE#         38
  C:1121H         LINE#         39
  C:112DH         LINE#         40
  C:112DH         LINE#         41
  C:112DH         LINE#         42
  C:112DH         LINE#         43
  C:113AH         LINE#         44
  C:1144H         LINE#         45
  C:114FH         LINE#         46
  C:115AH         LINE#         47
  C:115AH         LINE#         48
  C:115AH         LINE#         49
  C:115AH         LINE#         50
  C:1167H         LINE#         51
  C:1171H         LINE#         52
  C:117CH         LINE#         53
  C:1187H         LINE#         54
  C:1187H         LINE#         55
  C:1187H         LINE#         56
  C:1187H         LINE#         57
  C:1194H         LINE#         58
  C:119EH         LINE#         59
  C:11A9H         LINE#         60
  C:11B2H         LINE#         61
  C:11B2H         LINE#         62
  C:11B2H         LINE#         63
  C:11B2H         LINE#         64
  C:11B2H         LINE#         65
  C:11B2H         LINE#         66
  C:11BAH         LINE#         67
  C:11BAH         LINE#         68
  C:11BAH         LINE#         69
  C:11C0H         LINE#         70
  -------         ENDPROC       _?SYS_STEPMOTOR_DRV
  -------         PROC          STEPMOTORINIT
  C:31B8H         LINE#         72
  C:31B8H         LINE#         73
  C:31B8H         LINE#         74
  C:31BBH         LINE#         75
  C:31BEH         LINE#         76
  C:31C1H         LINE#         77
  C:31CFH         LINE#         78
  -------         ENDPROC       STEPMOTORINIT
  -------         PROC          _SETSTEPMOTOR
  D:006CH         SYMBOL        StepMotor
  D:0005H         SYMBOL        speed
  D:0002H         SYMBOL        steps
  C:2086H         LINE#         80
  C:2088H         LINE#         81
  C:20BBH         LINE#         82
  C:20E3H         LINE#         83
  C:2113H         LINE#         84
  C:212BH         LINE#         85
  C:212EH         LINE#         86
  C:212EH         LINE#         87
BL51 BANKED LINKER/LOCATER V6.22                                                      03/06/2022  11:06:22  PAGE 29


  C:2130H         LINE#         88
  -------         ENDPROC       _SETSTEPMOTOR
  -------         PROC          _EMSTOP
  D:0007H         SYMBOL        StepMotor
  -------         DO            
  D:0002H         SYMBOL        a
  -------         ENDDO         
  C:2A89H         LINE#         90
  C:2A89H         LINE#         91
  C:2A89H         LINE#         92
  C:2A93H         LINE#         93
  C:2AB1H         LINE#         94
  C:2AC8H         LINE#         95
  C:2ACDH         LINE#         96
  C:2ACDH         LINE#         97
  C:2AD0H         LINE#         98
  -------         ENDPROC       _EMSTOP
  -------         PROC          _GETSTEPMOTORSTATUS
  D:0007H         SYMBOL        StepMotor
  C:2DC4H         LINE#         100
  C:2DC4H         LINE#         101
  C:2DCEH         LINE#         102
  C:2DF0H         LINE#         103
  C:2DF3H         LINE#         104
  C:2DF3H         LINE#         105
  C:2DF5H         LINE#         106
  -------         ENDPROC       _GETSTEPMOTORSTATUS
  -------         ENDMOD        STEPMOTOR

  -------         MODULE        SYS
  C:0000H         SYMBOL        _ICE_DUMMY_
  X:0000H         PUBLIC        count_1mS
  B:00D8H.2       PUBLIC        CCF2
  D:0080H         PUBLIC        P0
  B:0020H.1       PUBLIC        flag_1S
  D:0090H         PUBLIC        P1
  D:00A0H         PUBLIC        P2
  D:00B0H         PUBLIC        P3
  D:00C0H         PUBLIC        P4
  X:0001H         PUBLIC        T1
  D:00C8H         PUBLIC        P5
  X:0003H         PUBLIC        T2
  B:00A8H.7       PUBLIC        EA
  D:00E8H         PUBLIC        P6
  D:00F8H         PUBLIC        P7
  D:004EH         PUBLIC        IrDatNum
  B:00D8H.7       PUBLIC        CF
  B:0020H.2       PUBLIC        Ir_Coder
  B:0020H.3       PUBLIC        Ir_RxBusy
  D:00A8H         PUBLIC        IE
  B:0020H.4       PUBLIC        Ir_TxBusy
  X:0005H         PUBLIC        userfunccall
  D:00FAH         PUBLIC        CCAP0H
  D:00FBH         PUBLIC        CCAP1H
  C:25FFH         PUBLIC        sys_task_Ir
  D:004FH         PUBLIC        IrCount_j
  D:0050H         PUBLIC        IrRx_count
BL51 BANKED LINKER/LOCATER V6.22                                                      03/06/2022  11:06:22  PAGE 30


  D:0051H         PUBLIC        IrProtocol
  D:00EAH         PUBLIC        CCAP0L
  D:0052H         PUBLIC        IrTx_count
  D:00EBH         PUBLIC        CCAP1L
  D:00DAH         PUBLIC        CCAPM0
  D:00DBH         PUBLIC        CCAPM1
  D:0053H         PUBLIC        MainLoops
  D:00B8H         PUBLIC        IP
  B:00D0H.7       PUBLIC        CY
  B:0020H.5       PUBLIC        flag_10mS
  D:00D8H         PUBLIC        CCON
  C:3374H         PUBLIC        GetBeepTimer
  C:2A37H         PUBLIC        sys_Timer0_isr
  C:268AH         PUBLIC        _SetEventCallBack
  C:33B9H         PUBLIC        MySTC_Init
  C:2C6CH         PUBLIC        sys_task_100mS
  C:33CBH         PUBLIC        _?ret0func
  C:29E4H         PUBLIC        GetUltraSonic
  X:0029H         PUBLIC        count_10mS
  X:002AH         PUBLIC        stcDrivers
  C:337DH         PUBLIC        _SetBeepTimer
  B:0020H.6       PUBLIC        flag_IrRxFinished
  D:0098H         PUBLIC        SCON
  C:3271H         PUBLIC        _SetCCP0
  C:2CEAH         PUBLIC        MySTC_OS
  D:0089H         PUBLIC        TMOD
  D:0088H         PUBLIC        TCON
  B:0020H.7       PUBLIC        flag_Ir
  B:00B0H.5       PUBLIC        P35
  D:0057H         PUBLIC        IrRxNum
  X:0060H         PUBLIC        SysPerformance
  D:008EH         PUBLIC        AUXR
  C:21DBH         PUBLIC        sys_CCP_isr
  C:1E3CH         PUBLIC        sys_task_1mS
  B:00A8H.1       PUBLIC        ET0
  C:33CEH         PUBLIC        ClrBeepPin
  D:008CH         PUBLIC        TH0
  B:0021H.0       PUBLIC        flag_100mS
  X:0065H         PUBLIC        distance
  D:008AH         PUBLIC        TL0
  D:0058H         PUBLIC        PollingMisses
  X:0067H         PUBLIC        sys_BP
  B:0088H.4       PUBLIC        TR0
  C:2EB4H         PUBLIC        sys_task_1S
  C:339FH         PUBLIC        GetSysPerformance
  X:006DH         PUBLIC        count_100mS
  B:0021H.1       PUBLIC        Ir_BitBusy
  D:0059H         PUBLIC        IrDat_count
  D:005AH         PUBLIC        IrMute_count
  C:2AD1H         PUBLIC        sys_Timer0_Init
  D:005BH         PUBLIC        IrDataPc
  C:33D4H         PUBLIC        _?nullfunc
  B:0021H.2       PUBLIC        flag_1mS
  B:0021H.3       PUBLIC        newUS
  D:008FH         PUBLIC        INT_CLKO
  C:2450H         PUBLIC        sys_task_10mS
  D:00D0H         PUBLIC        PSW
BL51 BANKED LINKER/LOCATER V6.22                                                      03/06/2022  11:06:22  PAGE 31


  B:00D8H.0       PUBLIC        CCF0
  B:00B0H.4       PUBLIC        Beep
  B:00D8H.1       PUBLIC        CCF1
  -------         PROC          _?NULLFUNC
  C:33D4H         LINE#         13
  -------         ENDPROC       _?NULLFUNC
  -------         PROC          _?RET0FUNC
  C:33CBH         LINE#         14
  -------         ENDPROC       _?RET0FUNC
  -------         PROC          SYS_TIMER0_INIT
  C:2AD1H         LINE#         92
  C:2AD1H         LINE#         93
  C:2AD4H         LINE#         94
  C:2AD7H         LINE#         95
  C:2AEDH         LINE#         96
  C:2B13H         LINE#         97
  C:2B15H         LINE#         98
  C:2B17H         LINE#         99
  -------         ENDPROC       SYS_TIMER0_INIT
  -------         PROC          SYS_TIMER0_ISR
  -------         DO            
  D:004DH         SYMBOL        i
  -------         ENDDO         
  C:2A37H         LINE#         101
  C:2A3BH         LINE#         103
  C:2A3EH         LINE#         104
  C:2A41H         LINE#         105
  C:2A46H         LINE#         106
  C:2A48H         LINE#         107
  C:2A48H         LINE#         108
  C:2A4EH         LINE#         109
  C:2A54H         LINE#         110
  C:2A57H         LINE#         111
  C:2A59H         LINE#         112
  C:2A5CH         LINE#         113
  C:2A60H         LINE#         114
  C:2A62H         LINE#         115
  C:2A65H         LINE#         116
  C:2A67H         LINE#         118
  C:2A6AH         LINE#         119
  C:2A6CH         LINE#         120
  C:2A71H         LINE#         121
  C:2A71H         LINE#         122
  C:2A73H         LINE#         124
  C:2A7CH         LINE#         125
  C:2A7EH         LINE#         126
  C:2A84H         LINE#         127
  C:2A84H         LINE#         128
  C:2A84H         LINE#         129
  C:2A84H         LINE#         130
  -------         ENDPROC       SYS_TIMER0_ISR
  -------         PROC          GETULTRASONIC
  -------         DO            
  D:0012H         SYMBOL        a
  -------         ENDDO         
  C:29E4H         LINE#         134
  C:29E4H         LINE#         135
BL51 BANKED LINKER/LOCATER V6.22                                                      03/06/2022  11:06:22  PAGE 32


  C:29E4H         LINE#         136
  C:29E7H         LINE#         137
  C:29E9H         LINE#         138
  C:29F8H         LINE#         139
  C:2A2EH         LINE#         140
  C:2A2EH         LINE#         141
  C:2A36H         LINE#         142
  -------         ENDPROC       GETULTRASONIC
  -------         PROC          GETBEEPTIMER
  C:3374H         LINE#         144
  C:3374H         LINE#         145
  C:337CH         LINE#         146
  -------         ENDPROC       GETBEEPTIMER
  -------         PROC          _SETBEEPTIMER
  D:0006H         SYMBOL        a
  C:337DH         LINE#         148
  C:337DH         LINE#         149
  C:3385H         LINE#         150
  -------         ENDPROC       _SETBEEPTIMER
  -------         PROC          _SETCCP0
  D:0006H         SYMBOL        step
  D:0004H         SYMBOL        next
  C:3271H         LINE#         152
  C:3271H         LINE#         153
  C:3279H         LINE#         154
  C:3281H         LINE#         155
  -------         ENDPROC       _SETCCP0
  -------         PROC          CLRBEEPPIN
  C:33CEH         LINE#         157
  C:33CEH         LINE#         158
  C:33D0H         LINE#         159
  -------         ENDPROC       CLRBEEPPIN
  -------         PROC          SYS_CCP_ISR
  -------         DO            
  B:0020H.0       SYMBOL        a
  -------         ENDDO         
  C:21DBH         LINE#         161
  C:21EEH         LINE#         163
  C:21F5H         LINE#         164
  C:21FCH         LINE#         165
  C:21FFH         LINE#         166
  C:2201H         LINE#         167
  C:2211H         LINE#         168
  C:2218H         LINE#         169
  C:221BH         LINE#         170
  C:221DH         LINE#         171
  C:221FH         LINE#         173
  C:2233H         LINE#         174
  C:2236H         LINE#         175
  C:2238H         LINE#         176
  C:223AH         LINE#         177
  C:223CH         LINE#         179
  C:223CH         LINE#         180
  C:223FH         LINE#         181
  C:2241H         LINE#         182
  C:224BH         LINE#         183
  C:224DH         LINE#         184
BL51 BANKED LINKER/LOCATER V6.22                                                      03/06/2022  11:06:22  PAGE 33


  C:2256H         LINE#         185
  C:2259H         LINE#         186
  C:226BH         LINE#         187
  C:226DH         LINE#         189
  C:226FH         LINE#         190
  C:2272H         LINE#         191
  C:2272H         LINE#         192
  C:2272H         LINE#         193
  -------         ENDPROC       SYS_CCP_ISR
  -------         PROC          MYSTC_INIT
  C:33B9H         LINE#         195
  C:33B9H         LINE#         196
  C:33BCH         LINE#         197
  C:33BEH         LINE#         198
  -------         ENDPROC       MYSTC_INIT
  -------         PROC          SYS_TASK_IR
  -------         DO            
  D:0007H         SYMBOL        a
  -------         ENDDO         
  C:25FFH         LINE#         200
  C:25FFH         LINE#         201
  C:25FFH         LINE#         202
  C:2615H         LINE#         203
  C:261CH         LINE#         204
  C:261FH         LINE#         205
  C:2622H         LINE#         206
  C:2638H         LINE#         207
  C:2648H         LINE#         208
  C:2650H         LINE#         209
  C:2653H         LINE#         210
  C:2655H         LINE#         212
  C:266BH         LINE#         213
  C:267FH         LINE#         214
  C:267FH         LINE#         215
  C:2681H         LINE#         216
  C:2684H         LINE#         218
  C:2684H         LINE#         220
  C:2686H         LINE#         221
  C:2689H         LINE#         222
  C:2689H         LINE#         223
  -------         ENDPROC       SYS_TASK_IR
  -------         PROC          SYS_TASK_1MS
  C:1E3CH         LINE#         225
  C:1E3CH         LINE#         226
  C:1E44H         LINE#         227
  C:1E47H         LINE#         228
  C:1E49H         LINE#         229
  C:1E51H         LINE#         230
  C:1E54H         LINE#         231
  C:1E56H         LINE#         232
  C:1E5EH         LINE#         233
  C:1E61H         LINE#         234
  C:1E63H         LINE#         235
  C:1E63H         LINE#         236
  C:1E63H         LINE#         237
  C:1E63H         LINE#         238
  C:1E6FH         LINE#         239
BL51 BANKED LINKER/LOCATER V6.22                                                      03/06/2022  11:06:22  PAGE 34


  C:1E7BH         LINE#         240
  C:1E87H         LINE#         241
  C:1E93H         LINE#         242
  C:1E9FH         LINE#         243
  C:1EABH         LINE#         244
  C:1EB7H         LINE#         245
  C:1ED2H         LINE#         246
  C:1EEDH         LINE#         247
  C:1F08H         LINE#         248
  -------         ENDPROC       SYS_TASK_1MS
  -------         PROC          SYS_TASK_10MS
  C:2450H         LINE#         250
  C:2450H         LINE#         251
  C:245CH         LINE#         252
  C:2468H         LINE#         253
  C:2474H         LINE#         254
  C:2480H         LINE#         255
  C:249BH         LINE#         256
  C:24B6H         LINE#         257
  C:24D1H         LINE#         258
  C:24D4H         LINE#         259
  C:24D6H         LINE#         260
  C:24E2H         LINE#         261
  C:24E2H         LINE#         262
  -------         ENDPROC       SYS_TASK_10MS
  -------         PROC          SYS_TASK_100MS
  C:2C6CH         LINE#         264
  C:2C6CH         LINE#         265
  C:2C78H         LINE#         266
  C:2C93H         LINE#         267
  C:2C9FH         LINE#         268
  -------         ENDPROC       SYS_TASK_100MS
  -------         PROC          SYS_TASK_1S
  C:2EB4H         LINE#         271
  C:2EB4H         LINE#         272
  C:2EC2H         LINE#         273
  C:2EC8H         LINE#         274
  C:2ED1H         LINE#         275
  C:2ED3H         LINE#         276
  -------         ENDPROC       SYS_TASK_1S
  -------         PROC          MYSTC_OS
  C:2CEAH         LINE#         279
  C:2CEAH         LINE#         280
  C:2CF2H         LINE#         281
  C:2CFAH         LINE#         282
  C:2D02H         LINE#         283
  C:2D0AH         LINE#         284
  C:2D12H         LINE#         285
  C:2D27H         LINE#         288
  -------         ENDPROC       MYSTC_OS
  -------         PROC          _SETEVENTCALLBACK
  D:0007H         SYMBOL        event
  D:0008H         SYMBOL        user_callback
  C:268AH         LINE#         290
  C:2690H         LINE#         291
  C:26C1H         LINE#         292
  C:26C4H         LINE#         293
BL51 BANKED LINKER/LOCATER V6.22                                                      03/06/2022  11:06:22  PAGE 35


  C:26C6H         LINE#         294
  C:26C9H         LINE#         295
  C:26CBH         LINE#         296
  C:26CEH         LINE#         297
  C:26D0H         LINE#         298
  C:26D3H         LINE#         299
  C:26D5H         LINE#         300
  C:26D8H         LINE#         301
  C:26DAH         LINE#         302
  C:26DDH         LINE#         303
  C:26DFH         LINE#         304
  C:26E2H         LINE#         305
  C:26E4H         LINE#         306
  C:26E7H         LINE#         307
  C:26E9H         LINE#         308
[...]
  D:001FH         SYMBOL        UStimer
  -------         ENDDO         
  C:1C78H         LINE#         65
  C:1C78H         LINE#         69
  C:1C7EH         LINE#         70
  C:1C82H         LINE#         71
  C:1C8DH         LINE#         72
  C:1C8DH         LINE#         73
  C:1C96H         LINE#         74
  C:1CB2H         LINE#         75
  C:1CC7H         LINE#         76
  C:1CE3H         LINE#         77
  C:1CF8H         LINE#         78
  C:1CF8H         LINE#         79
  C:1CFDH         LINE#         80
  C:1D14H         LINE#         81
  C:1D35H         LINE#         82
  C:1D3BH         LINE#         83
  C:1D3BH         LINE#         84
  C:1D42H         LINE#         85
  C:1D48H         LINE#         86
  C:1D4DH         LINE#         87
  C:1D4FH         LINE#         88
  C:1D52H         LINE#         89
  C:1D52H         LINE#         90
  C:1D5BH         LINE#         91
  C:1D5EH         LINE#         92
  C:1D5EH         LINE#         93
  -------         ENDPROC       _?SYS_EXT_DRV
  -------         PROC          _EXTINIT
  D:0007H         SYMBOL        EXTfunction
  C:2D28H         LINE#         95
  C:2D28H         LINE#         96
BL51 BANKED LINKER/LOCATER V6.22                                                      03/06/2022  11:06:22  PAGE 51


  C:2D28H         LINE#         97
  C:2D2DH         LINE#         98
  C:2D33H         LINE#         99
  C:2D35H         LINE#         100
  C:2D3CH         LINE#         101
  C:2D3EH         LINE#         102
  C:2D40H         LINE#         103
  C:2D42H         LINE#         104
  C:2D45H         LINE#         105
  C:2D48H         LINE#         106
  C:2D4AH         LINE#         107
  C:2D4CH         LINE#         108
  C:2D4FH         LINE#         109
  C:2D5DH         LINE#         110
  -------         ENDPROC       _EXTINIT
  -------         ENDMOD        EXT

  -------         MODULE        IR
  C:0000H         SYMBOL        _ICE_DUMMY_
  D:0080H         PUBLIC        P0
  D:00B2H         PUBLIC        P3M0
  D:0090H         PUBLIC        P1
  D:00B1H         PUBLIC        P3M1
  D:00A0H         PUBLIC        P2
  D:00B0H         PUBLIC        P3
  D:00C0H         PUBLIC        P4
  D:00C8H         PUBLIC        P5
  D:00E8H         PUBLIC        P6
  D:00F8H         PUBLIC        P7
  D:00A8H         PUBLIC        IE
  D:00B8H         PUBLIC        IP
  C:338FH         PUBLIC        _SetIrRxd
  C:2E27H         PUBLIC        _IrTxdSet
  D:0060H         PUBLIC        IrRxNmax
  D:00D8H         PUBLIC        CCON
  D:0061H         PUBLIC        IrRxd_pt
  D:0098H         PUBLIC        SCON
  D:0088H         PUBLIC        TCON
  B:00B0H.5       PUBLIC        P35
  C:2CABH         PUBLIC        _IrPrint
  C:32A2H         PUBLIC        _IrInit
  C:33D1H         PUBLIC        GetIrRxNum
  C:277FH         PUBLIC        sys_IrRxd_isr
  C:314FH         PUBLIC        GetIrStatus
  D:008FH         PUBLIC        INT_CLKO
  D:00D0H         PUBLIC        PSW
  -------         PROC          _IRINIT
  D:0007H         SYMBOL        Protocol
  C:32A2H         LINE#         19
  C:32A2H         LINE#         20
  C:32A5H         LINE#         21
  C:32A8H         LINE#         22
  C:32AAH         LINE#         23
  C:32ACH         LINE#         24
  C:32AEH         LINE#         25
  C:32B1H         LINE#         26
  -------         ENDPROC       _IRINIT
BL51 BANKED LINKER/LOCATER V6.22                                                      03/06/2022  11:06:22  PAGE 52


  -------         PROC          SYS_IRRXD_ISR
  -------         DO            
  D:005EH         SYMBOL        a
  D:005FH         SYMBOL        BitRxCount
  -------         ENDDO         
  C:277FH         LINE#         28
  C:2792H         LINE#         31
  C:2795H         LINE#         32
  C:2797H         LINE#         33
  C:279AH         LINE#         34
  C:279DH         LINE#         35
  C:27A0H         LINE#         36
  C:27A6H         LINE#         37
  C:27A8H         LINE#         39
  C:27AFH         LINE#         40
  C:27B5H         LINE#         41
  C:27BEH         LINE#         42
  C:27C1H         LINE#         43
  C:27C8H         LINE#         44
  C:27CBH         LINE#         45
  C:27DCH         LINE#         46
  C:27DEH         LINE#         47
  C:27DEH         LINE#         48
  C:27E0H         LINE#         49
  C:27E2H         LINE#         50
  C:27E2H         LINE#         51
  C:27E5H         LINE#         52
  -------         ENDPROC       SYS_IRRXD_ISR
  -------         PROC          _SETIRRXD
  D:0001H         SYMBOL        RxdPt
  D:0005H         SYMBOL        RxdNmax
  C:338FH         LINE#         54
  C:338FH         LINE#         55
  C:3395H         LINE#         56
  C:3397H         LINE#         57
  -------         ENDPROC       _SETIRRXD
  -------         PROC          GETIRRXNUM
  C:33D1H         LINE#         59
  C:33D1H         LINE#         60
  C:33D3H         LINE#         61
  -------         ENDPROC       GETIRRXNUM
  -------         PROC          _IRTXDSET
  D:0001H         SYMBOL        pt
  D:0005H         SYMBOL        num
  C:2E27H         LINE#         63
  C:2E27H         LINE#         64
  C:2E3DH         LINE#         65
  C:2E43H         LINE#         66
  C:2E48H         LINE#         67
  C:2E4AH         LINE#         68
  C:2E4DH         LINE#         69
  C:2E50H         LINE#         70
  C:2E52H         LINE#         71
  C:2E55H         LINE#         72
  C:2E55H         LINE#         73
  C:2E57H         LINE#         74
  -------         ENDPROC       _IRTXDSET
BL51 BANKED LINKER/LOCATER V6.22                                                      03/06/2022  11:06:22  PAGE 53


  -------         PROC          _IRPRINT
  D:0001H         SYMBOL        pt
  D:0005H         SYMBOL        num
  C:2CABH         LINE#         76
  C:2CABH         LINE#         77
  C:2CC1H         LINE#         78
  C:2CC4H         LINE#         79
  C:2CC7H         LINE#         80
  C:2CCAH         LINE#         81
  C:2CCCH         LINE#         82
  C:2CCFH         LINE#         83
  C:2CD5H         LINE#         84
  C:2CDDH         LINE#         85
  C:2CDFH         LINE#         86
  C:2CE2H         LINE#         87
  C:2CE4H         LINE#         88
  C:2CE7H         LINE#         89
  C:2CE7H         LINE#         90
  C:2CE9H         LINE#         91
  -------         ENDPROC       _IRPRINT
  -------         PROC          GETIRSTATUS
  C:314FH         LINE#         93
  C:314FH         LINE#         94
  C:3168H         LINE#         95
  C:316AH         LINE#         96
  -------         ENDPROC       GETIRSTATUS
  -------         ENDMOD        IR

  -------         MODULE        UART2
  C:0000H         SYMBOL        _ICE_DUMMY_
  D:0080H         PUBLIC        P0
  C:1862H         PUBLIC        Uart2_isr
  D:0090H         PUBLIC        P1
  D:00A0H         PUBLIC        P2
  D:00B0H         PUBLIC        P3
  D:00C0H         PUBLIC        P4
  D:00C8H         PUBLIC        P5
  D:00E8H         PUBLIC        P6
  D:00F8H         PUBLIC        P7
  D:00BAH         PUBLIC        P_SW2
  D:00A8H         PUBLIC        IE
  D:00DBH         PUBLIC        CCAPM1
  D:00B8H         PUBLIC        IP
  C:33D5H         PUBLIC        _?nullfunc0
  D:00D8H         PUBLIC        CCON
  C:2D5EH         PUBLIC        _SetUart2Rxd
  B:0090H.0       PUBLIC        P10
  B:0090H.1       PUBLIC        P11
  D:0098H         PUBLIC        SCON
  D:0088H         PUBLIC        TCON
  D:00AFH         PUBLIC        IE2
  D:008EH         PUBLIC        AUXR
  C:334CH         PUBLIC        GetUart2TxStatus
  D:00D6H         PUBLIC        T2H
  B:00B0H.7       PUBLIC        M485_TxEn
  D:00D7H         PUBLIC        T2L
  C:2E86H         PUBLIC        _Uart2Print
BL51 BANKED LINKER/LOCATER V6.22                                                      03/06/2022  11:06:22  PAGE 54


  D:009BH         PUBLIC        S2BUF
  D:009AH         PUBLIC        S2CON
  C:23BCH         PUBLIC        _Uart2Init
  B:0021H.6       PUBLIC        Uart2usage
  C:32D0H         PUBLIC        _?sys_get_Uart2RxdEvent
  X:008CH         PUBLIC        com2
  D:00D0H         PUBLIC        PSW
  -------         PROC          UART2_ISR
  C:1862H         LINE#         15
  C:187FH         LINE#         16
  C:1884H         LINE#         17
  C:1887H         LINE#         18
  C:18BBH         LINE#         20
  C:18C0H         LINE#         21
  C:18C5H         LINE#         22
  C:18C5H         LINE#         23
  C:18C5H         LINE#         25
  C:18CDH         LINE#         26
  C:18D0H         LINE#         27
  C:18ECH         LINE#         28
  C:18FBH         LINE#         29
  C:1909H         LINE#         30
  C:1941H         LINE#         31
  C:195AH         LINE#         32
  C:1961H         LINE#         33
  C:1964H         LINE#         34
  C:1964H         LINE#         35
  C:1964H         LINE#         36
  -------         ENDPROC       UART2_ISR
  -------         PROC          _?SYS_GET_UART2RXDEVENT
  -------         DO            
  i:0000H         SYMBOL        a
  -------         ENDDO         
  C:32D0H         LINE#         38
  C:32D2H         LINE#         40
  C:32DAH         LINE#         41
  C:32DCH         LINE#         42
  C:32DCH         LINE#         43
  -------         ENDPROC       _?SYS_GET_UART2RXDEVENT
  -------         PROC          _?NULLFUNC0
  C:33D5H         LINE#         45
  -------         ENDPROC       _?NULLFUNC0
  -------         PROC          _UART2INIT
  D:0008H         SYMBOL        band
  D:000CH         SYMBOL        Uart2mode
  C:23BCH         LINE#         47
  C:23C4H         LINE#         48
  C:23C4H         LINE#         51
  C:23C8H         LINE#         52
  C:23CDH         LINE#         53
  C:23CFH         LINE#         54
  C:23D1H         LINE#         55
  C:23D3H         LINE#         57
  C:23E1H         LINE#         58
  C:23E4H         LINE#         59
  C:23E6H         LINE#         60
  C:23E8H         LINE#         61
BL51 BANKED LINKER/LOCATER V6.22                                                      03/06/2022  11:06:22  PAGE 55


  C:23EAH         LINE#         62
  C:23EAH         LINE#         64
  C:23EDH         LINE#         65
  C:240CH         LINE#         66
  C:243BH         LINE#         67
  C:243EH         LINE#         68
  C:2441H         LINE#         70
  C:244FH         LINE#         71
  -------         ENDPROC       _UART2INIT
  -------         PROC          _SETUART2RXD
  D:0001H         SYMBOL        RxdPt
  D:0004H         SYMBOL        Nmax
  D:000DH         SYMBOL        matchhead
  D:0010H         SYMBOL        matchheadsize
  C:2D5EH         LINE#         73
  C:2D5EH         LINE#         74
  C:2D69H         LINE#         75
  C:2D6FH         LINE#         76
  C:2D79H         LINE#         77
  C:2D87H         LINE#         78
  C:2D8EH         LINE#         79
  C:2D90H         LINE#         80
  -------         ENDPROC       _SETUART2RXD
  -------         PROC          _UART2PRINT
  D:0001H         SYMBOL        pt
  D:0004H         SYMBOL        num
  C:2E86H         LINE#         82
  C:2E86H         LINE#         83
  C:2E8CH         LINE#         84
  C:2E97H         LINE#         85
  C:2E9CH         LINE#         86
  C:2EA2H         LINE#         87
  C:2EA6H         LINE#         89
  C:2EABH         LINE#         90
  C:2EAEH         LINE#         91
  C:2EB1H         LINE#         92
  C:2EB1H         LINE#         93
  C:2EB3H         LINE#         94
  -------         ENDPROC       _UART2PRINT
  -------         PROC          GETUART2TXSTATUS
  C:334CH         LINE#         96
  C:334CH         LINE#         97
  C:3354H         LINE#         98
  C:3356H         LINE#         99
  -------         ENDPROC       GETUART2TXSTATUS
  -------         ENDMOD        UART2

  -------         MODULE        UART1
  C:0000H         SYMBOL        _ICE_DUMMY_
  C:197FH         PUBLIC        Uart1_isr
  D:0080H         PUBLIC        P0
  D:0090H         PUBLIC        P1
  D:00A0H         PUBLIC        P2
  D:00B0H         PUBLIC        P3
  D:00C0H         PUBLIC        P4
  D:00C8H         PUBLIC        P5
  D:00E8H         PUBLIC        P6
BL51 BANKED LINKER/LOCATER V6.22                                                      03/06/2022  11:06:22  PAGE 56


  D:00F8H         PUBLIC        P7
  D:00A8H         PUBLIC        IE
  B:00A8H.4       PUBLIC        ES
  D:00B8H         PUBLIC        IP
  B:0098H.0       PUBLIC        RI
  B:0098H.1       PUBLIC        TI
  D:00D8H         PUBLIC        CCON
  C:2D91H         PUBLIC        _SetUart1Rxd
  D:0099H         PUBLIC        SBUF
  D:0098H         PUBLIC        SCON
  D:0089H         PUBLIC        TMOD
  D:0088H         PUBLIC        TCON
  D:008EH         PUBLIC        AUXR
  C:3357H         PUBLIC        GetUart1TxStatus
  B:00A8H.3       PUBLIC        ET1
  D:008DH         PUBLIC        TH1
  D:008BH         PUBLIC        TL1
  B:0088H.6       PUBLIC        TR1
  C:2FA9H         PUBLIC        _Uart1Print
  C:27F6H         PUBLIC        _Uart1Init
  C:32DFH         PUBLIC        _?sys_get_Uart1RxdEvent
  X:00A3H         PUBLIC        com1
  D:00D0H         PUBLIC        PSW
  -------         PROC          UART1_ISR
  C:197FH         LINE#         9
  C:199CH         LINE#         10
  C:199FH         LINE#         11
  C:19A1H         LINE#         12
  C:19D5H         LINE#         13
  C:19DAH         LINE#         14
  C:19DAH         LINE#         15
  C:19E0H         LINE#         16
  C:19E2H         LINE#         17
  C:19FEH         LINE#         18
  C:1A0DH         LINE#         19
  C:1A1BH         LINE#         20
  C:1A53H         LINE#         21
  C:1A6CH         LINE#         22
  C:1A73H         LINE#         23
  C:1A76H         LINE#         24
  C:1A76H         LINE#         25
  C:1A76H         LINE#         26
  -------         ENDPROC       UART1_ISR
  -------         PROC          _?SYS_GET_UART1RXDEVENT
  -------         DO            
  i:0000H         SYMBOL        a
  -------         ENDDO         
  C:32DFH         LINE#         28
  C:32E1H         LINE#         30
  C:32E9H         LINE#         31
  C:32EBH         LINE#         32
  C:32EBH         LINE#         33
  -------         ENDPROC       _?SYS_GET_UART1RXDEVENT
  -------         PROC          _UART1INIT
  D:0008H         SYMBOL        band
  C:27F6H         LINE#         35
  C:27FEH         LINE#         36
BL51 BANKED LINKER/LOCATER V6.22                                                      03/06/2022  11:06:22  PAGE 57


  C:27FEH         LINE#         38
  C:2801H         LINE#         39
  C:2804H         LINE#         40
  C:2807H         LINE#         41
  C:280AH         LINE#         42
  C:2829H         LINE#         43
  C:2858H         LINE#         44
  C:285AH         LINE#         45
  C:285CH         LINE#         46
  C:285EH         LINE#         47
  C:286CH         LINE#         48
  -------         ENDPROC       _UART1INIT
  -------         PROC          _SETUART1RXD
  D:0001H         SYMBOL        RxdPt
  D:0004H         SYMBOL        Nmax
  D:000DH         SYMBOL        matchhead
  D:0010H         SYMBOL        matchheadsize
  C:2D91H         LINE#         50
  C:2D91H         LINE#         51
  C:2D9CH         LINE#         52
  C:2DA2H         LINE#         53
  C:2DACH         LINE#         54
  C:2DBAH         LINE#         55
  C:2DC1H         LINE#         56
  C:2DC3H         LINE#         57
  -------         ENDPROC       _SETUART1RXD
  -------         PROC          _UART1PRINT
  D:0001H         SYMBOL        pt
  D:0004H         SYMBOL        num
  C:2FA9H         LINE#         59
  C:2FA9H         LINE#         60
  C:2FAFH         LINE#         61
  C:2FBAH         LINE#         62
  C:2FBFH         LINE#         63
  C:2FC5H         LINE#         64
  C:2FC9H         LINE#         65
  C:2FCBH         LINE#         66
  C:2FCEH         LINE#         67
  C:2FCEH         LINE#         68
  C:2FD0H         LINE#         69
  -------         ENDPROC       _UART1PRINT
  -------         PROC          GETUART1TXSTATUS
  C:3357H         LINE#         71
  C:3357H         LINE#         72
  C:335FH         LINE#         73
  C:3361H         LINE#         74
  -------         ENDPROC       GETUART1TXSTATUS
  -------         ENDMOD        UART1

  -------         MODULE        ?C?COPY
  C:06A8H         PUBLIC        ?C?COPY
  -------         ENDMOD        ?C?COPY

  -------         MODULE        ?C?CLDPTR
  C:06CEH         PUBLIC        ?C?CLDPTR
  -------         ENDMOD        ?C?CLDPTR

BL51 BANKED LINKER/LOCATER V6.22                                                      03/06/2022  11:06:22  PAGE 58


  -------         MODULE        ?C?CLDOPTR
  C:06E7H         PUBLIC        ?C?CLDOPTR
  -------         ENDMOD        ?C?CLDOPTR

  -------         MODULE        ?C?CSTOPTR
  C:0714H         PUBLIC        ?C?CSTOPTR
  -------         ENDMOD        ?C?CSTOPTR

  -------         MODULE        ?C?IMUL
  C:0736H         PUBLIC        ?C?IMUL
  -------         ENDMOD        ?C?IMUL

  -------         MODULE        ?C?UIDIV
  C:0748H         PUBLIC        ?C?UIDIV
  -------         ENDMOD        ?C?UIDIV

  -------         MODULE        ?C?SIDIV
  C:079DH         PUBLIC        ?C?SIDIV
  -------         ENDMOD        ?C?SIDIV

  -------         MODULE        ?C?IILDX
  C:07D3H         PUBLIC        ?C?IILDX
  -------         ENDMOD        ?C?IILDX

  -------         MODULE        ?C?ILDIX
  C:07E9H         PUBLIC        ?C?ILDIX
  -------         ENDMOD        ?C?ILDIX

  -------         MODULE        ?C?ILDPTR
  C:07FFH         PUBLIC        ?C?ILDPTR
  -------         ENDMOD        ?C?ILDPTR

  -------         MODULE        ?C?LMUL
  C:082AH         PUBLIC        ?C?LMUL
  -------         ENDMOD        ?C?LMUL

  -------         MODULE        ?C?ULDIV
  C:08B5H         PUBLIC        ?C?ULDIV
  -------         ENDMOD        ?C?ULDIV

  -------         MODULE        ?C?SLDIV
  C:2BE8H         PUBLIC        ?C?SLDIV
  -------         ENDMOD        ?C?SLDIV

  -------         MODULE        ?C?ULSHR
  C:0947H         PUBLIC        ?C?ULSHR
  -------         ENDMOD        ?C?ULSHR

  -------         MODULE        ?C?SLSHR
  C:095AH         PUBLIC        ?C?SLSHR
  -------         ENDMOD        ?C?SLSHR

  -------         MODULE        ?C?LSHL
  C:096EH         PUBLIC        ?C?LSHL
  -------         ENDMOD        ?C?LSHL

  -------         MODULE        ?C?LLDCODE
BL51 BANKED LINKER/LOCATER V6.22                                                      03/06/2022  11:06:22  PAGE 59


  C:0981H         PUBLIC        ?C?LLDCODE
  -------         ENDMOD        ?C?LLDCODE

  -------         MODULE        ?C?LSTXDATA
  C:0991H         PUBLIC        ?C?LSTXDATA
  -------         ENDMOD        ?C?LSTXDATA

  -------         MODULE        ?C?OFFXADD
  C:099DH         PUBLIC        ?C?OFFXADD
  -------         ENDMOD        ?C?OFFXADD

  -------         MODULE        ?C?ICALL
  C:09A9H         PUBLIC        ?C?ICALL
  C:09ADH         PUBLIC        ?C?ICALL2
  -------         ENDMOD        ?C?ICALL

  -------         MODULE        ?C_IBP
  D:006EH         PUBLIC        ?C_IBP
  -------         ENDMOD        ?C_IBP

*** WARNING L16: UNCALLED SEGMENT, IGNORED FOR OVERLAY PROCESS
    SEGMENT: ?PR?_SETSTEPMOTOR?STEPMOTOR

*** WARNING L16: UNCALLED SEGMENT, IGNORED FOR OVERLAY PROCESS
    SEGMENT: ?PR?_EMSTOP?STEPMOTOR

*** WARNING L16: UNCALLED SEGMENT, IGNORED FOR OVERLAY PROCESS
    SEGMENT: ?PR?_GETSTEPMOTORSTATUS?STEPMOTOR

*** WARNING L16: UNCALLED SEGMENT, IGNORED FOR OVERLAY PROCESS
    SEGMENT: ?PR?_SETPWM?EXT

*** WARNING L16: UNCALLED SEGMENT, IGNORED FOR OVERLAY PROCESS
    SEGMENT: ?PR?GETDECODE?EXT

*** WARNING L16: UNCALLED SEGMENT, IGNORED FOR OVERLAY PROCESS
    SEGMENT: ?PR?_IRTXDSET?IR

Program Size: data=111.7 xdata=280 code=13270
LINK/LOCATE RUN COMPLETE.  6 WARNING(S),  0 ERROR(S)
