BL51 BANKED LINKER/LOCATER V6.22                                                        06/29/2023  16:44:44  PAGE 1


BL51 BANKED LINKER/LOCATER V6.22, INVOKED BY:
E:\KEIL_V5\C51\BIN\BL51.EXE .\output\main.obj, .\source\STCBSP_V3.6.LIB TO .\output\BSP_Demo PRINT (.\list\BSP_Demo.m51)
>>  RAMSIZE (256) XDATA (0X0000-0X07FF)


MEMORY MODEL: SMALL


INPUT MODULES INCLUDED:
  .\output\main.obj (MAIN)
  .\source\STCBSP_V3.6.LIB (DISPLAYER)
  .\source\STCBSP_V3.6.LIB (STEPMOTOR)
  .\source\STCBSP_V3.6.LIB (SYS)
  E:\KEIL_V5\C51\LIB\C51S.LIB (?C_STARTUP)
  E:\KEIL_V5\C51\LIB\C51S.LIB (?C?CLDOPTR)
  E:\KEIL_V5\C51\LIB\C51S.LIB (?C?UIDIV)
  E:\KEIL_V5\C51\LIB\C51S.LIB (?C?IILDX)
  E:\KEIL_V5\C51\LIB\C51S.LIB (?C?LMUL)
  E:\KEIL_V5\C51\LIB\C51S.LIB (?C?SLDIV)
  E:\KEIL_V5\C51\LIB\C51S.LIB (?C?SLSHR)
  E:\KEIL_V5\C51\LIB\C51S.LIB (?C?LLDCODE)
  E:\KEIL_V5\C51\LIB\C51S.LIB (?C?LSTXDATA)
  E:\KEIL_V5\C51\LIB\C51S.LIB (?C?OFFXADD)
  E:\KEIL_V5\C51\LIB\C51S.LIB (?C?ICALL)
  E:\KEIL_V5\C51\LIB\C51S.LIB (?C_IBP)
  E:\KEIL_V5\C51\LIB\C51S.LIB (?C_INIT)
  E:\KEIL_V5\C51\LIB\C51S.LIB (?C?ULDIV)


LINK MAP OF MODULE:  .\output\BSP_Demo (MAIN)


            TYPE    BASE      LENGTH    RELOCATION   SEGMENT NAME
            -----------------------------------------------------

            * * * * * * *   D A T A   M E M O R Y   * * * * * * *
            REG     0000H     0008H     ABSOLUTE     "REG BANK 0"
            DATA    0008H     0012H     UNIT         ?DT?SYS
            DATA    001AH     0004H     UNIT         ?DT?MAIN
            DATA    001EH     0002H     UNIT         ?DT?GETULTRASONIC?SYS
            BIT     0020H.0   0001H.7   UNIT         ?BI?SYS
                    0021H.7   0000H.1                *** GAP ***
            DATA    0022H     0008H     UNIT         ?DT?_SEG7PRINT?DISPLAYER
            DATA    002AH     0003H     UNIT         ?DT?_SETEVENTCALLBACK?SYS
            DATA    002DH     0001H     UNIT         ?C?LIB_DATA
            DATA    002EH     0001H     UNIT         _DATA_GROUP_
            IDATA   002FH     0001H     UNIT         ?STACK

            * * * * * * *  X D A T A   M E M O R Y  * * * * * * *
            XDATA   0000H     006EH     UNIT         ?XD?SYS
            XDATA   006EH     0016H     UNIT         ?XD?STEPMOTOR
            XDATA   0084H     000CH     UNIT         ?XD?DISPLAYER

            * * * * * * *   C O D E   M E M O R Y   * * * * * * *
            CODE    0000H     0003H     ABSOLUTE     
            CODE    0003H     0007H     UNIT         ?PR?GETSYSPERFORMANCE?SYS
            CODE    000AH     0001H     UNIT         ?PR?_?NULLFUNC?SYS
            CODE    000BH     0003H     ABSOLUTE     
BL51 BANKED LINKER/LOCATER V6.22                                                      06/29/2023  16:44:44  PAGE 2


            CODE    000EH     002BH     UNIT         ?PR?SYS_TASK_1S?SYS
                    0039H     0002H                  *** GAP ***
            CODE    003BH     0003H     ABSOLUTE     
            CODE    003EH     0274H     UNIT         ?PR?_?SYS_STEPMOTOR_DRV?STEPMOTOR
            CODE    02B2H     01F7H     UNIT         ?C?LIB_CODE
            CODE    04A9H     00EDH     UNIT         ?PR?SYS_TASK_1MS?SYS
            CODE    0596H     00E9H     UNIT         ?PR?_?SYS_DISPLAY_DRV?DISPLAYER
            CODE    067FH     00B1H     UNIT         ?C_INITSEG
            CODE    0730H     00ABH     UNIT         ?PR?_SETSTEPMOTOR?STEPMOTOR
            CODE    07DBH     00A8H     UNIT         ?PR?SYS_CCP_ISR?SYS
            CODE    0883H     0093H     UNIT         ?PR?SYS_TASK_10MS?SYS
            CODE    0916H     008CH     UNIT         ?C_C51STARTUP
            CODE    09A2H     008BH     UNIT         ?PR?SYS_TASK_IR?SYS
            CODE    0A2DH     007DH     UNIT         ?PR?_SETEVENTCALLBACK?SYS
            CODE    0AAAH     0053H     UNIT         ?PR?GETULTRASONIC?SYS
            CODE    0AFDH     0052H     UNIT         ?PR?SYS_TIMER0_ISR?SYS
            CODE    0B4FH     0048H     UNIT         ?PR?_EMSTOP?STEPMOTOR
            CODE    0B97H     0047H     UNIT         ?PR?SYS_TIMER0_INIT?SYS
            CODE    0BDEH     0044H     UNIT         ?C?LDIV
            CODE    0C22H     003FH     UNIT         ?PR?SYS_TASK_100MS?SYS
            CODE    0C61H     003EH     UNIT         ?PR?MYSTC_OS?SYS
            CODE    0C9FH     0032H     UNIT         ?PR?_GETSTEPMOTORSTATUS?STEPMOTOR
            CODE    0CD1H     0020H     UNIT         ?PR?_SEG7PRINT?DISPLAYER
            CODE    0CF1H     001EH     UNIT         ?CO?MAIN
            CODE    0D0FH     001BH     UNIT         ?PR?DISPLAYERINIT?DISPLAYER
            CODE    0D2AH     0019H     UNIT         ?PR?MAIN?MAIN
            CODE    0D43H     0018H     UNIT         ?PR?STEPMOTORINIT?STEPMOTOR
            CODE    0D5BH     0011H     UNIT         ?PR?_SETCCP0?SYS
            CODE    0D6CH     0009H     UNIT         ?PR?_SETDISPLAYERAREA?DISPLAYER
            CODE    0D75H     0009H     UNIT         ?PR?GETBEEPTIMER?SYS
            CODE    0D7EH     0009H     UNIT         ?PR?_SETBEEPTIMER?SYS
            CODE    0D87H     0006H     UNIT         ?PR?_LEDPRINT?DISPLAYER
            CODE    0D8DH     0006H     UNIT         ?PR?MYSTC_INIT?SYS
            CODE    0D93H     0003H     UNIT         ?PR?_?RET0FUNC?SYS
            CODE    0D96H     0003H     UNIT         ?PR?CLRBEEPPIN?SYS



OVERLAY MAP OF MODULE:   .\output\BSP_Demo (MAIN)


SEGMENT                                     DATA_GROUP 
  +--> CALLED SEGMENT                     START    LENGTH
---------------------------------------------------------
?C_C51STARTUP                             -----    -----
  +--> ?PR?MAIN?MAIN
  +--> ?C_INITSEG

?PR?MAIN?MAIN                             -----    -----
  +--> ?PR?DISPLAYERINIT?DISPLAYER
  +--> ?PR?STEPMOTORINIT?STEPMOTOR
  +--> ?PR?_SETSTEPMOTOR?STEPMOTOR
  +--> ?PR?MYSTC_INIT?SYS
  +--> ?PR?MYSTC_OS?SYS

?PR?DISPLAYERINIT?DISPLAYER               -----    -----
  +--> ?PR?_?SYS_DISPLAY_DRV?DISPLAYER
BL51 BANKED LINKER/LOCATER V6.22                                                      06/29/2023  16:44:44  PAGE 3



?PR?_?SYS_DISPLAY_DRV?DISPLAYER           -----    -----
  +--> ?CO?MAIN

?PR?STEPMOTORINIT?STEPMOTOR               -----    -----
  +--> ?PR?_?SYS_STEPMOTOR_DRV?STEPMOTOR

?PR?_?SYS_STEPMOTOR_DRV?STEPMOTOR         -----    -----
  +--> ?PR?_LEDPRINT?DISPLAYER

?PR?_SETSTEPMOTOR?STEPMOTOR               002EH    0001H

?PR?MYSTC_INIT?SYS                        -----    -----
  +--> ?PR?SYS_TIMER0_INIT?SYS

?PR?SYS_TIMER0_INIT?SYS                   -----    -----
  +--> ?CO?MAIN

?PR?MYSTC_OS?SYS                          -----    -----
  +--> ?PR?SYS_TASK_IR?SYS
  +--> ?PR?SYS_TASK_1MS?SYS
  +--> ?PR?SYS_TASK_10MS?SYS
  +--> ?PR?SYS_TASK_100MS?SYS
  +--> ?PR?SYS_TASK_1S?SYS

?C_INITSEG                                -----    -----
  +--> ?PR?_?NULLFUNC?SYS
  +--> ?PR?_?RET0FUNC?SYS



SYMBOL TABLE OF MODULE:  .\output\BSP_Demo (MAIN)

  VALUE           TYPE          NAME
  ----------------------------------

  -------         MODULE        MAIN
  C:0000H         SYMBOL        _ICE_DUMMY_
  D:0080H         PUBLIC        P0
  D:0090H         PUBLIC        P1
  D:00A0H         PUBLIC        P2
  D:00B0H         PUBLIC        P3
  D:00C0H         PUBLIC        P4
  D:00C8H         PUBLIC        P5
  D:00E8H         PUBLIC        P6
  D:00F8H         PUBLIC        P7
  D:00A8H         PUBLIC        IE
  D:001AH         PUBLIC        speed
  D:00B8H         PUBLIC        IP
  D:00D8H         PUBLIC        CCON
  C:0D2AH         PUBLIC        main
  C:0CF1H         PUBLIC        SysClock
  D:001BH         PUBLIC        steps
  D:001DH         PUBLIC        StepMotor
  D:0098H         PUBLIC        SCON
  D:0088H         PUBLIC        TCON
  C:0CF5H         PUBLIC        decode_table
BL51 BANKED LINKER/LOCATER V6.22                                                      06/29/2023  16:44:44  PAGE 4


  D:00D0H         PUBLIC        PSW
  -------         PROC          MAIN
  C:0D2AH         LINE#         20
  C:0D2AH         LINE#         21
  C:0D2AH         LINE#         22
  C:0D2DH         LINE#         23
  C:0D30H         LINE#         24
  C:0D3BH         LINE#         25
  C:0D3EH         LINE#         26
  C:0D3EH         LINE#         27
  C:0D41H         LINE#         28
  -------         ENDPROC       MAIN
  -------         ENDMOD        MAIN

  -------         MODULE        DISPLAYER
  C:0000H         SYMBOL        _ICE_DUMMY_
  D:0093H         PUBLIC        P0M1
  D:0096H         PUBLIC        P2M0
  D:0080H         PUBLIC        P0
  D:0095H         PUBLIC        P2M1
  D:0090H         PUBLIC        P1
  D:00A0H         PUBLIC        P2
  D:00B0H         PUBLIC        P3
  D:00C0H         PUBLIC        P4
  D:00C8H         PUBLIC        P5
  D:00E8H         PUBLIC        P6
  D:00F8H         PUBLIC        P7
  D:00A8H         PUBLIC        IE
  D:00B8H         PUBLIC        IP
  D:00D8H         PUBLIC        CCON
  C:0D87H         PUBLIC        _LedPrint
  B:00A0H.0       PUBLIC        P20
  B:00A0H.1       PUBLIC        P21
  D:0098H         PUBLIC        SCON
  B:00A0H.2       PUBLIC        P22
  D:0088H         PUBLIC        TCON
  B:00A0H.3       PUBLIC        P23
  C:0D0FH         PUBLIC        DisplayerInit
  X:0084H         PUBLIC        sys_Disp
  C:0D6CH         PUBLIC        _SetDisplayerArea
  C:0CD1H         PUBLIC        _Seg7Print
  C:0596H         PUBLIC        _?sys_display_drv
  D:00D0H         PUBLIC        PSW
  D:0094H         PUBLIC        P0M0
  -------         PROC          _?SYS_DISPLAY_DRV
  C:0596H         LINE#         16
  C:0596H         LINE#         18
  C:0599H         LINE#         19
  C:05C2H         LINE#         20
  C:05C8H         LINE#         21
  C:05CEH         LINE#         22
  C:05D4H         LINE#         23
  C:05DAH         LINE#         24
  C:05E4H         LINE#         25
  C:05EEH         LINE#         26
  C:05F8H         LINE#         27
  C:0602H         LINE#         28
BL51 BANKED LINKER/LOCATER V6.22                                                      06/29/2023  16:44:44  PAGE 5


  C:0604H         LINE#         29
  C:0604H         LINE#         30
  C:060CH         LINE#         31
  C:0635H         LINE#         33
  C:0650H         LINE#         34
  C:0653H         LINE#         35
  C:0653H         LINE#         36
  C:066AH         LINE#         37
  C:0676H         LINE#         39
  C:067EH         LINE#         40
  -------         ENDPROC       _?SYS_DISPLAY_DRV
  -------         PROC          DISPLAYERINIT
  C:0D0FH         LINE#         42
  C:0D0FH         LINE#         43
  C:0D0FH         LINE#         44
  C:0D12H         LINE#         45
  C:0D15H         LINE#         46
  C:0D18H         LINE#         47
  C:0D1BH         LINE#         48
  C:0D29H         LINE#         49
  -------         ENDPROC       DISPLAYERINIT
  -------         PROC          _SETDISPLAYERAREA
  D:0007H         SYMBOL        Begin_of_scan
  D:0005H         SYMBOL        Ending_of_Scan
  C:0D6CH         LINE#         51
  C:0D6CH         LINE#         52
  C:0D71H         LINE#         53
  C:0D74H         LINE#         54
  -------         ENDPROC       _SETDISPLAYERAREA
  -------         PROC          _SEG7PRINT
  D:0007H         SYMBOL        d0
  D:0005H         SYMBOL        d1
  D:0003H         SYMBOL        d2
  D:0025H         SYMBOL        d3
  D:0026H         SYMBOL        d4
  D:0027H         SYMBOL        d5
  D:0028H         SYMBOL        d6
  D:0029H         SYMBOL        d7
  C:0CD1H         LINE#         56
  C:0CD1H         LINE#         57
  C:0CD6H         LINE#         58
  C:0CD9H         LINE#         59
  C:0CDCH         LINE#         60
  C:0CE0H         LINE#         61
  C:0CE4H         LINE#         62
  C:0CE8H         LINE#         63
  C:0CECH         LINE#         64
  C:0CF0H         LINE#         65
  -------         ENDPROC       _SEG7PRINT
  -------         PROC          _LEDPRINT
  D:0007H         SYMBOL        led_val
  C:0D87H         LINE#         67
  C:0D87H         LINE#         68
  C:0D8CH         LINE#         69
  -------         ENDPROC       _LEDPRINT
  -------         ENDMOD        DISPLAYER

BL51 BANKED LINKER/LOCATER V6.22                                                      06/29/2023  16:44:44  PAGE 6


  -------         MODULE        STEPMOTOR
  C:0000H         SYMBOL        _ICE_DUMMY_
  D:0080H         PUBLIC        P0
  D:0090H         PUBLIC        P1
  D:00B4H         PUBLIC        P4M0
  D:00A0H         PUBLIC        P2
  D:00B3H         PUBLIC        P4M1
  D:00B0H         PUBLIC        P3
  D:00C0H         PUBLIC        P4
  D:00C8H         PUBLIC        P5
  D:00E8H         PUBLIC        P6
  D:00F8H         PUBLIC        P7
  D:00A8H         PUBLIC        IE
  D:00B8H         PUBLIC        IP
  X:006FH         PUBLIC        SM
  C:003EH         PUBLIC        _?sys_StepMotor_drv
  D:00D8H         PUBLIC        CCON
  D:0098H         PUBLIC        SCON
  D:0088H         PUBLIC        TCON
  C:0D43H         PUBLIC        StepMotorInit
  C:0B4FH         PUBLIC        _EmStop
  C:0C9FH         PUBLIC        _GetStepMotorStatus
  C:0730H         PUBLIC        _SetStepMotor
  B:00C0H.1       PUBLIC        SM1_1
  B:00C0H.2       PUBLIC        SM1_2
  B:00C0H.3       PUBLIC        SM1_3
  B:00C0H.4       PUBLIC        SM1_4
  D:00D0H         PUBLIC        PSW
  -------         PROC          _?SYS_STEPMOTOR_DRV
  -------         DO            
  i:0000H         SYMBOL        i
  X:006EH         SYMBOL        SM23
  -------         ENDDO         
  C:003EH         LINE#         20
  C:0040H         LINE#         23
  C:0052H         LINE#         24
  C:0091H         LINE#         25
  C:00B9H         LINE#         26
  C:00E9H         LINE#         27
  C:010FH         LINE#         28
  C:0131H         LINE#         29
  C:0163H         LINE#         30
  C:0165H         LINE#         32
  C:0188H         LINE#         33
  C:01C0H         LINE#         34
  C:01C0H         LINE#         35
  C:01F0H         LINE#         36
  C:01FEH         LINE#         37
  C:0204H         LINE#         38
  C:0210H         LINE#         39
  C:021CH         LINE#         40
  C:021CH         LINE#         41
  C:021CH         LINE#         42
  C:021CH         LINE#         43
  C:0229H         LINE#         44
  C:0233H         LINE#         45
  C:023EH         LINE#         46
BL51 BANKED LINKER/LOCATER V6.22                                                      06/29/2023  16:44:44  PAGE 7


  C:0249H         LINE#         47
  C:0249H         LINE#         48
  C:0249H         LINE#         49
  C:0249H         LINE#         50
  C:0256H         LINE#         51
  C:0260H         LINE#         52
  C:026BH         LINE#         53
  C:0276H         LINE#         54
  C:0276H         LINE#         55
  C:0276H         LINE#         56
  C:0276H         LINE#         57
  C:0283H         LINE#         58
  C:028DH         LINE#         59
  C:0298H         LINE#         60
  C:02A1H         LINE#         61
  C:02A1H         LINE#         62
  C:02A1H         LINE#         63
  C:02A1H         LINE#         64
  C:02A1H         LINE#         65
  C:02A1H         LINE#         66
  C:02A9H         LINE#         67
  C:02A9H         LINE#         68
  C:02A9H         LINE#         69
  C:02AFH         LINE#         70
  -------         ENDPROC       _?SYS_STEPMOTOR_DRV
  -------         PROC          STEPMOTORINIT
  C:0D43H         LINE#         72
  C:0D43H         LINE#         73
  C:0D43H         LINE#         74
  C:0D46H         LINE#         75
  C:0D49H         LINE#         76
  C:0D4CH         LINE#         77
  C:0D5AH         LINE#         78
  -------         ENDPROC       STEPMOTORINIT
  -------         PROC          _SETSTEPMOTOR
  D:002EH         SYMBOL        StepMotor
  D:0005H         SYMBOL        speed
  D:0002H         SYMBOL        steps
  C:0730H         LINE#         80
  C:0732H         LINE#         81
  C:0765H         LINE#         82
  C:078DH         LINE#         83
  C:07BDH         LINE#         84
  C:07D5H         LINE#         85
  C:07D8H         LINE#         86
  C:07D8H         LINE#         87
  C:07DAH         LINE#         88
  -------         ENDPROC       _SETSTEPMOTOR
  -------         PROC          _EMSTOP
  D:0007H         SYMBOL        StepMotor
  -------         DO            
  D:0002H         SYMBOL        a
  -------         ENDDO         
  C:0B4FH         LINE#         90
  C:0B4FH         LINE#         91
  C:0B4FH         LINE#         92
  C:0B59H         LINE#         93
BL51 BANKED LINKER/LOCATER V6.22                                                      06/29/2023  16:44:44  PAGE 8


  C:0B77H         LINE#         94
  C:0B8EH         LINE#         95
  C:0B93H         LINE#         96
  C:0B93H         LINE#         97
  C:0B96H         LINE#         98
  -------         ENDPROC       _EMSTOP
  -------         PROC          _GETSTEPMOTORSTATUS
  D:0007H         SYMBOL        StepMotor
  C:0C9FH         LINE#         100
  C:0C9FH         LINE#         101
  C:0CA9H         LINE#         102
  C:0CCBH         LINE#         103
  C:0CCEH         LINE#         104
  C:0CCEH         LINE#         105
  C:0CD0H         LINE#         106
  -------         ENDPROC       _GETSTEPMOTORSTATUS
  -------         ENDMOD        STEPMOTOR

  -------         MODULE        SYS
  C:0000H         SYMBOL        _ICE_DUMMY_
  X:0000H         PUBLIC        count_1mS
  B:00D8H.2       PUBLIC        CCF2
  D:0080H         PUBLIC        P0
  B:0020H.1       PUBLIC        flag_1S
  D:0090H         PUBLIC        P1
  D:00A0H         PUBLIC        P2
  D:00B0H         PUBLIC        P3
  D:00C0H         PUBLIC        P4
  X:0001H         PUBLIC        T1
  D:00C8H         PUBLIC        P5
  X:0003H         PUBLIC        T2
  B:00A8H.7       PUBLIC        EA
  D:00E8H         PUBLIC        P6
  D:00F8H         PUBLIC        P7
  D:0009H         PUBLIC        IrDatNum
  B:00D8H.7       PUBLIC        CF
  B:0020H.2       PUBLIC        Ir_Coder
  B:0020H.3       PUBLIC        Ir_RxBusy
  D:00A8H         PUBLIC        IE
  B:0020H.4       PUBLIC        Ir_TxBusy
  X:0005H         PUBLIC        userfunccall
  D:00FAH         PUBLIC        CCAP0H
  D:00FBH         PUBLIC        CCAP1H
  C:09A2H         PUBLIC        sys_task_Ir
  D:000AH         PUBLIC        IrCount_j
  D:000BH         PUBLIC        IrRx_count
  D:000CH         PUBLIC        IrProtocol
  D:00EAH         PUBLIC        CCAP0L
  D:000DH         PUBLIC        IrTx_count
  D:00EBH         PUBLIC        CCAP1L
  D:00DAH         PUBLIC        CCAPM0
  D:00DBH         PUBLIC        CCAPM1
  D:000EH         PUBLIC        MainLoops
  D:00B8H         PUBLIC        IP
  B:00D0H.7       PUBLIC        CY
  B:0020H.5       PUBLIC        flag_10mS
  D:00D8H         PUBLIC        CCON
BL51 BANKED LINKER/LOCATER V6.22                                                      06/29/2023  16:44:44  PAGE 9


  C:0D75H         PUBLIC        GetBeepTimer
  C:0AFDH         PUBLIC        sys_Timer0_isr
  C:0A2DH         PUBLIC        _SetEventCallBack
  C:0D8DH         PUBLIC        MySTC_Init
  C:0C22H         PUBLIC        sys_task_100mS
  D:0012H         PUBLIC        ModBus_interval_time
  C:0D93H         PUBLIC        _?ret0func
  C:0AAAH         PUBLIC        GetUltraSonic
  X:0029H         PUBLIC        count_10mS
  X:002AH         PUBLIC        stcDrivers
  C:0D7EH         PUBLIC        _SetBeepTimer
  B:0020H.6       PUBLIC        flag_IrRxFinished
  D:0098H         PUBLIC        SCON
  C:0D5BH         PUBLIC        _SetCCP0
  C:0C61H         PUBLIC        MySTC_OS
  D:0089H         PUBLIC        TMOD
  D:0088H         PUBLIC        TCON
  B:0020H.7       PUBLIC        flag_Ir
  B:00B0H.5       PUBLIC        P35
  D:0013H         PUBLIC        IrRxNum
  X:0060H         PUBLIC        SysPerformance
  D:008EH         PUBLIC        AUXR
  C:07DBH         PUBLIC        sys_CCP_isr
  C:04A9H         PUBLIC        sys_task_1mS
  B:00A8H.1       PUBLIC        ET0
  C:0D96H         PUBLIC        ClrBeepPin
  D:008CH         PUBLIC        TH0
  B:0021H.0       PUBLIC        flag_100mS
  X:0065H         PUBLIC        distance
  D:008AH         PUBLIC        TL0
  D:0014H         PUBLIC        PollingMisses
  X:0067H         PUBLIC        sys_BP
  B:0088H.4       PUBLIC        TR0
  C:000EH         PUBLIC        sys_task_1S
  C:0003H         PUBLIC        GetSysPerformance
  B:0021H.1       PUBLIC        matchModBus
  X:006DH         PUBLIC        count_100mS
  B:0021H.2       PUBLIC        Ir_BitBusy
  D:0015H         PUBLIC        IrDat_count
  D:0016H         PUBLIC        IrMute_count
  B:0021H.3       PUBLIC        newFrame1
  C:0B97H         PUBLIC        sys_Timer0_Init
  B:0021H.4       PUBLIC        newFrame2
  D:0017H         PUBLIC        IrDataPc
  C:000AH         PUBLIC        _?nullfunc
  B:0021H.5       PUBLIC        flag_1mS
  B:0021H.6       PUBLIC        newUS
  D:008FH         PUBLIC        INT_CLKO
  C:0883H         PUBLIC        sys_task_10mS
  D:00D0H         PUBLIC        PSW
  B:00D8H.0       PUBLIC        CCF0
  B:00B0H.4       PUBLIC        Beep
  B:00D8H.1       PUBLIC        CCF1
  -------         PROC          _?NULLFUNC
  C:000AH         LINE#         13
  -------         ENDPROC       _?NULLFUNC
  -------         PROC          _?RET0FUNC
BL51 BANKED LINKER/LOCATER V6.22                                                      06/29/2023  16:44:44  PAGE 10


  C:0D93H         LINE#         14
  -------         ENDPROC       _?RET0FUNC
  -------         PROC          SYS_TIMER0_INIT
  C:0B97H         LINE#         96
  C:0B97H         LINE#         97
  C:0B9AH         LINE#         98
  C:0B9DH         LINE#         99
  C:0BB3H         LINE#         100
  C:0BD9H         LINE#         101
  C:0BDBH         LINE#         102
  C:0BDDH         LINE#         103
  -------         ENDPROC       SYS_TIMER0_INIT
  -------         PROC          SYS_TIMER0_ISR
  -------         DO            
  D:0008H         SYMBOL        i
  -------         ENDDO         
  C:0AFDH         LINE#         105
  C:0B01H         LINE#         107
  C:0B04H         LINE#         108
  C:0B07H         LINE#         109
  C:0B0CH         LINE#         110
  C:0B0EH         LINE#         111
  C:0B0EH         LINE#         112
  C:0B14H         LINE#         113
  C:0B1AH         LINE#         114
  C:0B1DH         LINE#         115
  C:0B1FH         LINE#         116
  C:0B22H         LINE#         117
  C:0B26H         LINE#         118
  C:0B28H         LINE#         119
  C:0B2BH         LINE#         120
  C:0B2DH         LINE#         122
  C:0B30H         LINE#         123
  C:0B32H         LINE#         124
  C:0B37H         LINE#         125
  C:0B37H         LINE#         126
  C:0B39H         LINE#         128
  C:0B42H         LINE#         129
  C:0B44H         LINE#         130
  C:0B4AH         LINE#         131
  C:0B4AH         LINE#         132
  C:0B4AH         LINE#         133
  C:0B4AH         LINE#         134
  -------         ENDPROC       SYS_TIMER0_ISR
  -------         PROC          GETULTRASONIC
  -------         DO            
  D:001EH         SYMBOL        a
  -------         ENDDO         
  C:0AAAH         LINE#         138
  C:0AAAH         LINE#         139
  C:0AAAH         LINE#         140
  C:0AADH         LINE#         141
  C:0AAFH         LINE#         142
  C:0ABEH         LINE#         143
  C:0AF4H         LINE#         144
  C:0AF4H         LINE#         145
  C:0AFCH         LINE#         146
BL51 BANKED LINKER/LOCATER V6.22                                                      06/29/2023  16:44:44  PAGE 11


  -------         ENDPROC       GETULTRASONIC
  -------         PROC          GETBEEPTIMER
  C:0D75H         LINE#         148
  C:0D75H         LINE#         149
  C:0D7DH         LINE#         150
  -------         ENDPROC       GETBEEPTIMER
  -------         PROC          _SETBEEPTIMER
  D:0006H         SYMBOL        a
  C:0D7EH         LINE#         152
  C:0D7EH         LINE#         153
  C:0D86H         LINE#         154
  -------         ENDPROC       _SETBEEPTIMER
  -------         PROC          _SETCCP0
  D:0006H         SYMBOL        step
  D:0004H         SYMBOL        next
  C:0D5BH         LINE#         156
  C:0D5BH         LINE#         157
  C:0D63H         LINE#         158
  C:0D6BH         LINE#         159
  -------         ENDPROC       _SETCCP0
  -------         PROC          CLRBEEPPIN
  C:0D96H         LINE#         161
  C:0D96H         LINE#         162
  C:0D98H         LINE#         163
  -------         ENDPROC       CLRBEEPPIN
  -------         PROC          SYS_CCP_ISR
  -------         DO            
  B:0020H.0       SYMBOL        a
  -------         ENDDO         
  C:07DBH         LINE#         165
  C:07EEH         LINE#         167
  C:07F5H         LINE#         168
  C:07FCH         LINE#         169
  C:07FFH         LINE#         170
  C:0801H         LINE#         171
  C:0811H         LINE#         172
  C:0818H         LINE#         173
  C:081BH         LINE#         174
  C:081DH         LINE#         175
  C:081FH         LINE#         177
  C:0833H         LINE#         178
  C:0836H         LINE#         179
  C:0838H         LINE#         180
  C:083AH         LINE#         181
  C:083CH         LINE#         183
  C:083CH         LINE#         184
  C:083FH         LINE#         185
  C:0841H         LINE#         186
  C:084BH         LINE#         187
  C:084DH         LINE#         188
  C:0856H         LINE#         189
  C:0859H         LINE#         190
  C:086BH         LINE#         191
  C:086DH         LINE#         193
  C:086FH         LINE#         194
  C:0872H         LINE#         195
  C:0872H         LINE#         196
BL51 BANKED LINKER/LOCATER V6.22                                                      06/29/2023  16:44:44  PAGE 12


  C:0872H         LINE#         197
  -------         ENDPROC       SYS_CCP_ISR
  -------         PROC          MYSTC_INIT
  C:0D8DH         LINE#         199
  C:0D8DH         LINE#         200
  C:0D90H         LINE#         201
  C:0D92H         LINE#         202
  -------         ENDPROC       MYSTC_INIT
  -------         PROC          SYS_TASK_IR
  -------         DO            
  D:0007H         SYMBOL        a
  -------         ENDDO         
  C:09A2H         LINE#         204
  C:09A2H         LINE#         205
  C:09A2H         LINE#         206
  C:09B8H         LINE#         207
  C:09BFH         LINE#         208
  C:09C2H         LINE#         209
  C:09C5H         LINE#         210
  C:09DBH         LINE#         211
  C:09EBH         LINE#         212
  C:09F3H         LINE#         213
  C:09F6H         LINE#         214
  C:09F8H         LINE#         216
  C:0A0EH         LINE#         217
  C:0A22H         LINE#         218
  C:0A22H         LINE#         219
  C:0A24H         LINE#         220
  C:0A27H         LINE#         222
  C:0A27H         LINE#         224
  C:0A29H         LINE#         225
  C:0A2CH         LINE#         226
  C:0A2CH         LINE#         227
  -------         ENDPROC       SYS_TASK_IR
  -------         PROC          SYS_TASK_1MS
  C:04A9H         LINE#         229
  C:04A9H         LINE#         230
  C:04B1H         LINE#         231
  C:04B4H         LINE#         232
  C:04B6H         LINE#         233
  C:04BEH         LINE#         234
  C:04C1H         LINE#         235
  C:04C3H         LINE#         236
  C:04CBH         LINE#         237
  C:04CEH         LINE#         238
  C:04D0H         LINE#         239
  C:04D0H         LINE#         240
  C:04D0H         LINE#         241
  C:04D0H         LINE#         242
  C:04DCH         LINE#         243
  C:04E8H         LINE#         244
  C:04F4H         LINE#         245
  C:0500H         LINE#         246
  C:050CH         LINE#         247
  C:0518H         LINE#         248
  C:0533H         LINE#         249
  C:0542H         LINE#         250
BL51 BANKED LINKER/LOCATER V6.22                                                      06/29/2023  16:44:44  PAGE 13


  C:054EH         LINE#         251
  C:0550H         LINE#         252
  C:0550H         LINE#         253
  C:0557H         LINE#         254
  C:055AH         LINE#         255
  C:0569H         LINE#         256
  C:056BH         LINE#         257
  C:056BH         LINE#         258
  C:056DH         LINE#         260
  C:057CH         LINE#         261
  C:0588H         LINE#         262
  C:058AH         LINE#         263
  C:058AH         LINE#         264
  C:058AH         LINE#         265
  -------         ENDPROC       SYS_TASK_1MS
  -------         PROC          SYS_TASK_10MS
  C:0883H         LINE#         268
  C:0883H         LINE#         269
  C:088FH         LINE#         270
  C:089BH         LINE#         271
  C:08A7H         LINE#         272
  C:08B3H         LINE#         273
  C:08CEH         LINE#         274
  C:08E9H         LINE#         275
  C:0904H         LINE#         276
  C:0907H         LINE#         277
  C:0909H         LINE#         278
  C:0915H         LINE#         279
  C:0915H         LINE#         280
  -------         ENDPROC       SYS_TASK_10MS
  -------         PROC          SYS_TASK_100MS
  C:0C22H         LINE#         282
  C:0C22H         LINE#         283
  C:0C2EH         LINE#         284
  C:0C49H         LINE#         285
  C:0C55H         LINE#         286
  -------         ENDPROC       SYS_TASK_100MS
  -------         PROC          SYS_TASK_1S
  C:000EH         LINE#         289
  C:000EH         LINE#         290
  C:001CH         LINE#         291
  C:0022H         LINE#         292
  C:002BH         LINE#         293
  C:002DH         LINE#         294
  -------         ENDPROC       SYS_TASK_1S
  -------         PROC          MYSTC_OS
  C:0C61H         LINE#         297
  C:0C61H         LINE#         298
  C:0C69H         LINE#         299
  C:0C71H         LINE#         300
  C:0C79H         LINE#         301
  C:0C81H         LINE#         302
  C:0C89H         LINE#         303
  C:0C9EH         LINE#         306
  -------         ENDPROC       MYSTC_OS
  -------         PROC          _SETEVENTCALLBACK
  D:0007H         SYMBOL        event
BL51 BANKED LINKER/LOCATER V6.22                                                      06/29/2023  16:44:44  PAGE 14


  D:002AH         SYMBOL        user_callback
  C:0A2DH         LINE#         308
  C:0A33H         LINE#         309
  C:0A64H         LINE#         310
  C:0A67H         LINE#         311
  C:0A69H         LINE#         312
  C:0A6CH         LINE#         313
  C:0A6EH         LINE#         314
  C:0A71H         LINE#         315
  C:0A73H         LINE#         316
  C:0A76H         LINE#         317
  C:0A78H         LINE#         318
  C:0A7BH         LINE#         319
  C:0A7DH         LINE#         320
  C:0A80H         LINE#         321
  C:0A82H         LINE#         322
  C:0A85H         LINE#         323
  C:0A87H         LINE#         324
  C:0A8AH         LINE#         325
  C:0A8CH         LINE#         326
  C:0A8FH         LINE#         327
  C:0A91H         LINE#         328
  C:0A94H         LINE#         329
  C:0A96H         LINE#         330
  C:0A99H         LINE#         331
  C:0A9BH         LINE#         332
  C:0AA9H         LINE#         333
  C:0AA9H         LINE#         334
  C:0AA9H         LINE#         335
  C:0AA9H         LINE#         336
  -------         ENDPROC       _SETEVENTCALLBACK
  -------         PROC          GETSYSPERFORMANCE
  C:0003H         LINE#         338
  C:0003H         LINE#         339
  C:0009H         LINE#         340
  -------         ENDPROC       GETSYSPERFORMANCE
  -------         ENDMOD        SYS

  -------         MODULE        ?C?CLDOPTR
  C:02B2H         PUBLIC        ?C?CLDOPTR
  -------         ENDMOD        ?C?CLDOPTR

  -------         MODULE        ?C?UIDIV
  C:02DFH         PUBLIC        ?C?UIDIV
  -------         ENDMOD        ?C?UIDIV

  -------         MODULE        ?C?IILDX
  C:0334H         PUBLIC        ?C?IILDX
  -------         ENDMOD        ?C?IILDX

  -------         MODULE        ?C?LMUL
  C:034AH         PUBLIC        ?C?LMUL
  -------         ENDMOD        ?C?LMUL

  -------         MODULE        ?C?SLDIV
  C:0BDEH         PUBLIC        ?C?SLDIV
  -------         ENDMOD        ?C?SLDIV
BL51 BANKED LINKER/LOCATER V6.22                                                      06/29/2023  16:44:44  PAGE 15



  -------         MODULE        ?C?SLSHR
  C:0399H         PUBLIC        ?C?SLSHR
  -------         ENDMOD        ?C?SLSHR

  -------         MODULE        ?C?LLDCODE
  C:03ADH         PUBLIC        ?C?LLDCODE
  -------         ENDMOD        ?C?LLDCODE

  -------         MODULE        ?C?LSTXDATA
  C:03BDH         PUBLIC        ?C?LSTXDATA
  -------         ENDMOD        ?C?LSTXDATA

  -------         MODULE        ?C?OFFXADD
  C:03C9H         PUBLIC        ?C?OFFXADD
  -------         ENDMOD        ?C?OFFXADD

  -------         MODULE        ?C?ICALL
  C:03D5H         PUBLIC        ?C?ICALL
  C:03D9H         PUBLIC        ?C?ICALL2
  -------         ENDMOD        ?C?ICALL

  -------         MODULE        ?C_IBP
  D:002DH         PUBLIC        ?C_IBP
  -------         ENDMOD        ?C_IBP

  -------         MODULE        ?C?ULDIV
  C:0417H         PUBLIC        ?C?ULDIV
  -------         ENDMOD        ?C?ULDIV

*** WARNING L16: UNCALLED SEGMENT, IGNORED FOR OVERLAY PROCESS
    SEGMENT: ?PR?_SETDISPLAYERAREA?DISPLAYER

*** WARNING L16: UNCALLED SEGMENT, IGNORED FOR OVERLAY PROCESS
    SEGMENT: ?PR?_SEG7PRINT?DISPLAYER

*** WARNING L16: UNCALLED SEGMENT, IGNORED FOR OVERLAY PROCESS
    SEGMENT: ?PR?_EMSTOP?STEPMOTOR

*** WARNING L16: UNCALLED SEGMENT, IGNORED FOR OVERLAY PROCESS
    SEGMENT: ?PR?_GETSTEPMOTORSTATUS?STEPMOTOR

*** WARNING L16: UNCALLED SEGMENT, IGNORED FOR OVERLAY PROCESS
    SEGMENT: ?PR?GETULTRASONIC?SYS

*** WARNING L16: UNCALLED SEGMENT, IGNORED FOR OVERLAY PROCESS
    SEGMENT: ?PR?GETBEEPTIMER?SYS

*** WARNING L16: UNCALLED SEGMENT, IGNORED FOR OVERLAY PROCESS
    SEGMENT: ?PR?_SETBEEPTIMER?SYS

*** WARNING L16: UNCALLED SEGMENT, IGNORED FOR OVERLAY PROCESS
    SEGMENT: ?PR?_SETCCP0?SYS

*** WARNING L16: UNCALLED SEGMENT, IGNORED FOR OVERLAY PROCESS
    SEGMENT: ?PR?CLRBEEPPIN?SYS

BL51 BANKED LINKER/LOCATER V6.22                                                      06/29/2023  16:44:44  PAGE 16


*** WARNING L16: UNCALLED SEGMENT, IGNORED FOR OVERLAY PROCESS
    SEGMENT: ?PR?_SETEVENTCALLBACK?SYS

*** WARNING L16: UNCALLED SEGMENT, IGNORED FOR OVERLAY PROCESS
    SEGMENT: ?PR?GETSYSPERFORMANCE?SYS

Program Size: data=47.7 xdata=144 code=3479
LINK/LOCATE RUN COMPLETE.  11 WARNING(S),  0 ERROR(S)
